** Drc report for WSG_1.0.kicad_pcb **
** Created on 2026-08-17T16:19:16 **
** Report includes: Errors, Warnings, Exclusions **

** Found 283 DRC violations **
[via_dangling]: Via is not connected or connected on only one layer
    Local override; warning
    @(126.5000 mm, 95.9000 mm): Via [ADC_MOSI] on F.Cu - B.Cu
[silk_edge_clearance]: Silkscreen clipped by board edge (board setup constraints silk clearance 0.1500 mm; actual 0.0000 mm)
    Rule: board setup constraints silk; warning
    @(106.9873 mm, 84.3960 mm): Rectangle on Edge.Cuts
    @(112.7625 mm, 110.3500 mm): Segment of J4 on F.Silkscreen
[silk_edge_clearance]: Silkscreen clipped by board edge (board setup constraints silk clearance 0.1500 mm; actual 0.0000 mm)
    Rule: board setup constraints silk; warning
    @(106.9873 mm, 84.3960 mm): Rectangle on Edge.Cuts
    @(105.1625 mm, 104.4500 mm): Segment of J4 on F.Silkscreen
[text_height]: Text height out of range (board setup constraints silk text height min height 0.8000 mm; actual 0.6400 mm)
    Rule: board setup constraints silk text height; warning
    @(164.5720 mm, 111.9864 mm): Reference field of U7
[text_height]: Text height out of range (board setup constraints silk text height min height 0.8000 mm; actual 0.5512 mm)
    Rule: board setup constraints silk text height; warning
    @(122.3500 mm, 88.3900 mm): Reference field of U10
[text_height]: Text height out of range (board setup constraints silk text height min height 0.8000 mm; actual 0.4800 mm)
    Rule: board setup constraints silk text height; warning
    @(114.0523 mm, 105.6240 mm): Reference field of J4
[silk_over_copper]: Silkscreen clipped by solder mask
    Local override; warning
    @(163.7700 mm, 101.9000 mm): Reference field of R34
[silk_over_copper]: Silkscreen clipped by solder mask
    Local override; warning
    @(162.5700 mm, 101.9000 mm): Reference field of R35
[silk_over_copper]: Silkscreen clipped by solder mask
    Local override; warning
    @(121.0000 mm, 91.8700 mm): Reference field of R30
[silk_over_copper]: Silkscreen clipped by solder mask
    Local override; warning
    @(159.8000 mm, 98.1000 mm): Reference field of U12
[silk_over_copper]: Silkscreen clipped by solder mask
    Local override; warning
    @(152.4500 mm, 109.5000 mm): Reference field of U8
[silk_over_copper]: Silkscreen clipped by solder mask
    Local override; warning
    @(166.8000 mm, 108.3400 mm): Reference field of C12
[silk_over_copper]: Silkscreen clipped by solder mask
    Local override; warning
    @(166.8000 mm, 109.6400 mm): Reference field of C8
[silk_over_copper]: Silkscreen clipped by solder mask
    Local override; warning
    @(149.5500 mm, 110.0700 mm): Reference field of R32
[silk_over_copper]: Silkscreen clipped by solder mask
    Local override; warning
    @(136.7300 mm, 90.7000 mm): Reference field of R22
[silk_over_copper]: Silkscreen clipped by solder mask
    Local override; warning
    @(110.6625 mm, 98.7500 mm): Reference field of U6
[silk_over_copper]: Silkscreen clipped by solder mask
    Local override; warning
    @(161.4000 mm, 111.3700 mm): Reference field of R37
[silk_over_copper]: Silkscreen clipped by solder mask
    Local override; warning
    @(115.3300 mm, 106.1425 mm): Reference field of R21
[silk_over_copper]: Silkscreen clipped by solder mask
    Local override; warning
    @(114.9000 mm, 107.9150 mm): Reference field of R16
[silk_over_copper]: Silkscreen clipped by solder mask
    Local override; warning
    @(127.6000 mm, 105.6300 mm): Reference field of R48
[silk_over_copper]: Silkscreen clipped by solder mask
    Local override; warning
    @(129.7300 mm, 96.5000 mm): Reference field of R3
[silk_over_copper]: Silkscreen clipped by solder mask
    Local override; warning
    @(130.2000 mm, 100.5700 mm): Reference field of R1
[silk_over_copper]: Silkscreen clipped by solder mask
    Local override; warning
    @(114.9000 mm, 103.4250 mm): Reference field of R12
[silk_over_copper]: Silkscreen clipped by solder mask
    Local override; warning
    @(134.4300 mm, 108.7000 mm): Reference field of R27
[silk_over_copper]: Silkscreen clipped by solder mask
    Local override; warning
    @(127.6025 mm, 101.5300 mm): Reference field of R46
[silk_over_copper]: Silkscreen clipped by solder mask
    Local override; warning
    @(111.0000 mm, 98.4100 mm): Reference field of J1
[silk_over_copper]: Silkscreen clipped by solder mask
    Local override; warning
    @(116.0000 mm, 97.5300 mm): Reference field of R9
[silk_over_copper]: Silkscreen clipped by solder mask
    Local override; warning
    @(115.4300 mm, 101.5550 mm): Reference field of R11
[silk_over_copper]: Silkscreen clipped by solder mask
    Local override; warning
    @(131.9400 mm, 108.3675 mm): Reference field of C23
[silk_over_copper]: Silkscreen clipped by solder mask
    Local override; warning
    @(135.4400 mm, 108.2000 mm): Reference field of C25
[silk_over_copper]: Silkscreen clipped by solder mask
    Local override; warning
    @(161.4000 mm, 110.3700 mm): Reference field of R36
[silk_over_copper]: Silkscreen clipped by solder mask
    Local override; warning
    @(128.0300 mm, 106.8000 mm): Reference field of R49
[silk_over_copper]: Silkscreen clipped by solder mask
    Local override; warning
    @(134.0600 mm, 97.1000 mm): Reference field of C35
[silk_over_copper]: Silkscreen clipped by solder mask
    Local override; warning
    @(127.3000 mm, 103.6300 mm): Reference field of R47
[silk_over_copper]: Silkscreen clipped by solder mask
    Local override; warning
    @(128.7520 mm, 90.3000 mm): Reference field of TP4
[silk_over_copper]: Silkscreen clipped by solder mask
    Local override; warning
    @(129.2000 mm, 97.2300 mm): Reference field of R18
[silk_over_copper]: Silkscreen clipped by solder mask
    Local override; warning
    @(137.5000 mm, 104.6300 mm): Reference field of R38
[silk_over_copper]: Silkscreen clipped by solder mask
    Local override; warning
    @(141.5500 mm, 100.1200 mm): Reference field of R26
[silk_over_copper]: Silkscreen clipped by solder mask
    Local override; warning
    @(134.4600 mm, 90.7000 mm): Reference field of C29
[silk_over_copper]: Silkscreen clipped by solder mask
    Local override; warning
    @(133.0700 mm, 97.1000 mm): Reference field of R15
[silk_over_copper]: Silkscreen clipped by solder mask
    Local override; warning
    @(141.5950 mm, 99.7500 mm): Circle of U11 on B.Silkscreen
[silk_over_copper]: Silkscreen clipped by solder mask
    Local override; warning
    @(141.5500 mm, 95.5600 mm): Reference field of C37
[silk_over_copper]: Silkscreen clipped by solder mask
    Local override; warning
    @(115.9000 mm, 106.5750 mm): Reference field of R17
[silk_over_copper]: Silkscreen clipped by solder mask
    Local override; warning
    @(139.2500 mm, 96.7800 mm): Reference field of R25
[silk_over_copper]: Silkscreen clipped by solder mask
    Local override; warning
    @(122.7625 mm, 87.5000 mm): Reference field of FB1
[silk_over_copper]: Silkscreen clipped by solder mask
    Local override; warning
    @(141.5000 mm, 95.6800 mm): Reference field of R31
[silk_over_copper]: Silkscreen clipped by solder mask
    Local override; warning
    @(141.5500 mm, 100.1300 mm): Reference field of R55
[silk_over_copper]: Silkscreen clipped by solder mask
    Local override; warning
    @(138.9000 mm, 101.5300 mm): Reference field of R28
[silk_over_copper]: Silkscreen clipped by solder mask
    Local override; warning
    @(128.6000 mm, 103.3700 mm): Reference field of R50
[silk_over_copper]: Silkscreen clipped by solder mask
    Local override; warning
    @(166.7300 mm, 104.3000 mm): Reference field of F1
[silk_over_copper]: Silkscreen clipped by solder mask
    Local override; warning
    @(159.8000 mm, 93.4200 mm): Reference field of R45
[silk_over_copper]: Silkscreen clipped by solder mask
    Local override; warning
    @(159.8000 mm, 93.0800 mm): Reference field of R44
[silk_over_copper]: Silkscreen clipped by solder mask
    Local override; warning
    @(130.1400 mm, 108.4000 mm): Reference field of C24
[silk_over_copper]: Silkscreen clipped by solder mask
    Local override; warning
    @(111.6000 mm, 101.1700 mm): Reference field of R6
[silk_over_copper]: Silkscreen clipped by solder mask
    Local override; warning
    @(124.6000 mm, 87.1700 mm): Reference field of R24
[silk_over_copper]: Silkscreen clipped by solder mask
    Local override; warning
    @(126.7400 mm, 94.1000 mm): Reference field of C28
[silk_over_copper]: Silkscreen clipped by solder mask
    Local override; warning
    @(127.6025 mm, 102.8600 mm): Reference field of C39
[silk_over_copper]: Silkscreen clipped by solder mask
    Local override; warning
    @(123.1000 mm, 103.3400 mm): Reference field of C13
[silk_over_copper]: Silkscreen clipped by solder mask
    Local override; warning
    @(127.7400 mm, 92.6000 mm): Reference field of C30
[silk_over_copper]: Silkscreen clipped by solder mask
    Local override; warning
    @(128.6000 mm, 104.6700 mm): Reference field of R52
[silk_over_copper]: Silkscreen clipped by solder mask
    Local override; warning
    @(159.8000 mm, 94.4100 mm): Reference field of C38
[silk_over_copper]: Silkscreen clipped by solder mask
    Local override; warning
    @(139.3000 mm, 100.7700 mm): Reference field of R42
[silk_over_copper]: Silkscreen clipped by solder mask
    Local override; warning
    @(122.3500 mm, 88.3900 mm): Reference field of U10
[silk_over_copper]: Silkscreen clipped by solder mask
    Local override; warning
    @(135.7600 mm, 108.5000 mm): Reference field of C20
[silk_over_copper]: Silkscreen clipped by solder mask
    Local override; warning
    @(115.4300 mm, 97.0975 mm): Reference field of R8
[silk_over_copper]: Silkscreen clipped by solder mask
    Local override; warning
    @(133.5000 mm, 98.2500 mm): Reference field of U1
[silk_over_copper]: Silkscreen clipped by solder mask
    Local override; warning
    @(130.2500 mm, 100.9400 mm): Polygon of U1 on F.Silkscreen
[silk_over_copper]: Silkscreen clipped by solder mask
    Local override; warning
    @(131.3600 mm, 106.5000 mm): Reference field of C42
[silk_over_copper]: Silkscreen clipped by solder mask
    Local override; warning
    @(121.1000 mm, 90.9400 mm): Reference field of C26
[silk_over_copper]: Silkscreen clipped by solder mask
    Local override; warning
    @(141.0500 mm, 97.0300 mm): Reference field of C36
[silk_over_copper]: Silkscreen clipped by solder mask
    Local override; warning
    @(111.6000 mm, 99.8300 mm): Reference field of R10
[silk_over_copper]: Silkscreen clipped by solder mask
    Local override; warning
    @(129.2000 mm, 98.5700 mm): Reference field of R2
[silk_over_copper]: Silkscreen clipped by solder mask
    Local override; warning
    @(138.8000 mm, 99.6300 mm): Reference field of R29
[silk_over_copper]: Silkscreen clipped by solder mask
    Local override; warning
    @(150.6500 mm, 100.0000 mm): Reference field of U15
[silk_over_copper]: Silkscreen clipped by solder mask
    Local override; warning
    @(141.5500 mm, 101.1300 mm): Reference field of R56
[silk_over_copper]: Silkscreen clipped by solder mask
    Local override; warning
    @(114.9000 mm, 98.7700 mm): Reference field of R7
[silk_over_copper]: Silkscreen clipped by solder mask
    Local override; warning
    @(116.7750 mm, 90.5650 mm): Reference field of U14
[silk_over_copper]: Silkscreen clipped by solder mask
    Local override; warning
    @(127.6000 mm, 106.9600 mm): Reference field of C41
[silk_over_copper]: Silkscreen clipped by solder mask
    Local override; warning
    @(141.5500 mm, 101.4700 mm): Reference field of R58
[silk_over_copper]: Silkscreen clipped by solder mask
    Local override; warning
    @(116.0000 mm, 102.0850 mm): Reference field of R13
[silk_over_copper]: Silkscreen clipped by solder mask
    Local override; warning
    @(129.4975 mm, 99.2300 mm): Reference field of R19
[silk_over_copper]: Silkscreen clipped by solder mask
    Local override; warning
    @(141.5500 mm, 99.1100 mm): Reference field of C33
[silk_over_copper]: Silkscreen clipped by solder mask
    Local override; warning
    @(127.6000 mm, 104.9600 mm): Reference field of C40
[silk_over_copper]: Silkscreen clipped by solder mask
    Local override; warning
    @(123.2000 mm, 98.6400 mm): Reference field of C6
[silk_overlap]: Silkscreen clearance (board setup constraints silk clearance 0.1500 mm; actual 0.0500 mm)
    Rule: board setup constraints silk; warning
    @(163.7700 mm, 101.9000 mm): Reference field of R34
    @(162.5700 mm, 101.9000 mm): Reference field of R35
[silk_overlap]: Silkscreen clearance (board setup constraints silk clearance 0.1500 mm; actual 0.1098 mm)
    Rule: board setup constraints silk; warning
    @(163.7700 mm, 101.9000 mm): Reference field of R34
    @(162.9800 mm, 101.7324 mm): Segment of R34 on F.Silkscreen
[silk_overlap]: Silkscreen clearance (board setup constraints silk clearance 0.1500 mm; actual 0.0000 mm)
    Rule: board setup constraints silk; warning
    @(162.5700 mm, 101.9000 mm): Reference field of R35
    @(162.9800 mm, 101.7324 mm): Segment of R34 on F.Silkscreen
[silk_overlap]: Silkscreen clearance (board setup constraints silk clearance 0.1500 mm; actual 0.1030 mm)
    Rule: board setup constraints silk; warning
    @(162.5700 mm, 101.9000 mm): Reference field of R35
    @(162.2200 mm, 101.7324 mm): Segment of R34 on F.Silkscreen
[silk_overlap]: Silkscreen clearance (board setup constraints silk clearance 0.1500 mm; actual 0.1098 mm)
    Rule: board setup constraints silk; warning
    @(161.7800 mm, 101.7324 mm): Segment of R35 on F.Silkscreen
    @(162.5700 mm, 101.9000 mm): Reference field of R35
[silk_overlap]: Silkscreen clearance (board setup constraints silk clearance 0.1500 mm; actual 0.0000 mm)
    Rule: board setup constraints silk; warning
    @(160.2700 mm, 98.1000 mm): Reference field of R43
    @(159.8000 mm, 98.1000 mm): Reference field of U12
[silk_overlap]: Silkscreen clearance (board setup constraints silk clearance 0.1500 mm; actual 0.1217 mm)
    Rule: board setup constraints silk; warning
    @(160.2700 mm, 98.1000 mm): Reference field of R43
    @(160.6400 mm, 97.1900 mm): Segment of U12 on F.Silkscreen
[silk_overlap]: Silkscreen clearance (board setup constraints silk clearance 0.1500 mm; actual 0.0352 mm)
    Rule: board setup constraints silk; warning
    @(160.2700 mm, 98.1000 mm): Reference field of R43
    @(160.6900 mm, 99.0100 mm): Segment of U12 on F.Silkscreen
[silk_overlap]: Silkscreen clearance (board setup constraints silk clearance 0.1500 mm; actual 0.0000 mm)
    Rule: board setup constraints silk; warning
    @(160.2700 mm, 98.1000 mm): Reference field of R43
    @(160.6400 mm, 99.0100 mm): Segment of U12 on F.Silkscreen
[silk_overlap]: Silkscreen clearance (board setup constraints silk clearance 0.1500 mm; actual 0.0998 mm)
    Rule: board setup constraints silk; warning
    @(159.6324 mm, 94.6300 mm): Segment of R44 on F.Silkscreen
    @(159.8000 mm, 94.4100 mm): Reference field of C38
[silk_overlap]: Silkscreen clearance (board setup constraints silk clearance 0.1500 mm; actual 0.1042 mm)
    Rule: board setup constraints silk; warning
    @(159.8000 mm, 94.4100 mm): Reference field of C38
    @(158.4732 mm, 107.8232 mm): Segment of U15 on F.Silkscreen
[silk_overlap]: Silkscreen clearance (board setup constraints silk clearance 0.1500 mm; actual 0.0781 mm)
    Rule: board setup constraints silk; warning
    @(159.8000 mm, 93.4200 mm): Reference field of R45
    @(159.8000 mm, 94.4100 mm): Reference field of C38
[silk_overlap]: Silkscreen clearance (board setup constraints silk clearance 0.1500 mm; actual 0.0827 mm)
    Rule: board setup constraints silk; warning
    @(133.8400 mm, 89.5900 mm): Segment of Y1 on F.Silkscreen
    @(134.4600 mm, 90.7000 mm): Reference field of C29
[silk_overlap]: Silkscreen clearance (board setup constraints silk clearance 0.1500 mm; actual 0.1198 mm)
    Rule: board setup constraints silk; warning
    @(133.6600 mm, 90.5842 mm): Segment of C29 on F.Silkscreen
    @(134.4600 mm, 90.7000 mm): Reference field of C29
[silk_overlap]: Silkscreen clearance (board setup constraints silk clearance 0.1500 mm; actual 0.0600 mm)
    Rule: board setup constraints silk; warning
    @(133.8400 mm, 89.5900 mm): Segment of Y1 on F.Silkscreen
    @(133.6600 mm, 90.5842 mm): Segment of C29 on F.Silkscreen
[silk_overlap]: Silkscreen clearance (board setup constraints silk clearance 0.1500 mm; actual 0.0721 mm)
    Rule: board setup constraints silk; warning
    @(141.5500 mm, 95.5600 mm): Reference field of C37
    @(141.5000 mm, 95.6800 mm): Reference field of R31
[silk_overlap]: Silkscreen clearance (board setup constraints silk clearance 0.1500 mm; actual 0.0000 mm)
    Rule: board setup constraints silk; warning
    @(141.1963 mm, 96.1100 mm): Segment of C36 on F.Silkscreen
    @(141.5000 mm, 95.6800 mm): Reference field of R31
[silk_overlap]: Silkscreen clearance (board setup constraints silk clearance 0.1500 mm; actual 0.0000 mm)
    Rule: board setup constraints silk; warning
    @(139.2500 mm, 96.7800 mm): Reference field of R25
    @(141.5000 mm, 95.6800 mm): Reference field of R31
[silk_overlap]: Silkscreen clearance (board setup constraints silk clearance 0.1500 mm; actual 0.0666 mm)
    Rule: board setup constraints silk; warning
    @(141.5500 mm, 95.5600 mm): Reference field of C37
    @(141.1963 mm, 95.0900 mm): Segment of C36 on F.Silkscreen
[silk_overlap]: Silkscreen clearance (board setup constraints silk clearance 0.1500 mm; actual 0.0343 mm)
    Rule: board setup constraints silk; warning
    @(141.1963 mm, 95.0900 mm): Segment of C36 on F.Silkscreen
    @(141.5000 mm, 95.6800 mm): Reference field of R31
[silk_overlap]: Silkscreen clearance (board setup constraints silk clearance 0.1500 mm; actual 0.1198 mm)
    Rule: board setup constraints silk; warning
    @(141.5500 mm, 95.5600 mm): Reference field of C37
    @(141.6658 mm, 94.7600 mm): Segment of C37 on F.Silkscreen
[silk_overlap]: Silkscreen clearance (board setup constraints silk clearance 0.1500 mm; actual 0.0000 mm)
    Rule: board setup constraints silk; warning
    @(142.6086 mm, 94.0500 mm): Footprint text of U15 (*)
    @(142.6086 mm, 94.0500 mm): Footprint text of U15 (*)
[silk_overlap]: Silkscreen clearance (board setup constraints silk clearance 0.1500 mm; actual 0.0670 mm)
    Rule: board setup constraints silk; warning
    @(142.8268 mm, 92.1768 mm): Segment of U15 on F.Silkscreen
    @(142.6086 mm, 94.0500 mm): Footprint text of U15 (*)
[silk_overlap]: Silkscreen clearance (board setup constraints silk clearance 0.1500 mm; actual 0.0670 mm)
    Rule: board setup constraints silk; warning
    @(142.8268 mm, 92.1768 mm): Segment of U15 on F.Silkscreen
    @(142.6086 mm, 94.0500 mm): Footprint text of U15 (*)
[silk_overlap]: Silkscreen clearance (board setup constraints silk clearance 0.1500 mm; actual 0.0694 mm)
    Rule: board setup constraints silk; warning
    @(131.9400 mm, 108.3675 mm): Reference field of C23
    @(131.6600 mm, 108.5158 mm): Segment of C24 on F.Silkscreen
[silk_overlap]: Silkscreen clearance (board setup constraints silk clearance 0.1500 mm; actual 0.0319 mm)
    Rule: board setup constraints silk; warning
    @(131.9400 mm, 108.3675 mm): Reference field of C23
    @(131.3600 mm, 106.5000 mm): Reference field of C42
[silk_overlap]: Silkscreen clearance (board setup constraints silk clearance 0.1500 mm; actual 0.1405 mm)
    Rule: board setup constraints silk; warning
    @(129.8400 mm, 106.3842 mm): Segment of C42 on F.Silkscreen
    @(129.5800 mm, 106.9676 mm): Segment of R49 on F.Silkscreen
[silk_overlap]: Silkscreen clearance (board setup constraints silk clearance 0.1500 mm; actual 0.1082 mm)
    Rule: board setup constraints silk; warning
    @(135.4400 mm, 108.2000 mm): Reference field of C25
    @(134.4300 mm, 108.7000 mm): Reference field of R27
[silk_overlap]: Silkscreen clearance (board setup constraints silk clearance 0.1500 mm; actual 0.1249 mm)
    Rule: board setup constraints silk; warning
    @(134.2400 mm, 108.3842 mm): Segment of C20 on F.Silkscreen
    @(134.4300 mm, 108.7000 mm): Reference field of R27
[silk_overlap]: Silkscreen clearance (board setup constraints silk clearance 0.1500 mm; actual 0.0548 mm)
    Rule: board setup constraints silk; warning
    @(135.4400 mm, 108.2000 mm): Reference field of C25
    @(135.7600 mm, 108.5000 mm): Reference field of C20
[silk_overlap]: Silkscreen clearance (board setup constraints silk clearance 0.1500 mm; actual 0.0000 mm)
    Rule: board setup constraints silk; warning
    @(135.4400 mm, 108.2000 mm): Reference field of C25
    @(134.9600 mm, 108.3842 mm): Segment of C20 on F.Silkscreen
[silk_overlap]: Silkscreen clearance (board setup constraints silk clearance 0.1500 mm; actual 0.0000 mm)
    Rule: board setup constraints silk; warning
    @(135.9800 mm, 108.8676 mm): Segment of R27 on F.Silkscreen
    @(135.4400 mm, 108.2000 mm): Reference field of C25
[silk_overlap]: Silkscreen clearance (board setup constraints silk clearance 0.1500 mm; actual 0.0000 mm)
    Rule: board setup constraints silk; warning
    @(135.9800 mm, 108.8676 mm): Segment of R27 on F.Silkscreen
    @(135.7600 mm, 108.5000 mm): Reference field of C20
[silk_overlap]: Silkscreen clearance (board setup constraints silk clearance 0.1500 mm; actual 0.1435 mm)
    Rule: board setup constraints silk; warning
    @(135.4400 mm, 108.2000 mm): Reference field of C25
    @(135.2200 mm, 108.8676 mm): Segment of R27 on F.Silkscreen
[silk_overlap]: Silkscreen clearance (board setup constraints silk clearance 0.1500 mm; actual 0.0000 mm)
    Rule: board setup constraints silk; warning
    @(135.2200 mm, 108.8676 mm): Segment of R27 on F.Silkscreen
    @(135.7600 mm, 108.5000 mm): Reference field of C20
[silk_overlap]: Silkscreen clearance (board setup constraints silk clearance 0.1500 mm; actual 0.1400 mm)
    Rule: board setup constraints silk; warning
    @(135.2200 mm, 108.8676 mm): Segment of R27 on F.Silkscreen
    @(134.9600 mm, 108.3842 mm): Segment of C20 on F.Silkscreen
[silk_overlap]: Silkscreen clearance (board setup constraints silk clearance 0.1500 mm; actual 0.0000 mm)
    Rule: board setup constraints silk; warning
    @(135.7600 mm, 108.5000 mm): Reference field of C20
    @(136.2400 mm, 108.3158 mm): Segment of C25 on F.Silkscreen
[silk_overlap]: Silkscreen clearance (board setup constraints silk clearance 0.1500 mm; actual 0.0000 mm)
    Rule: board setup constraints silk; warning
    @(134.4300 mm, 108.7000 mm): Reference field of R27
    @(134.9600 mm, 108.3842 mm): Segment of C20 on F.Silkscreen
[silk_overlap]: Silkscreen clearance (board setup constraints silk clearance 0.1500 mm; actual 0.1131 mm)
    Rule: board setup constraints silk; warning
    @(136.1100 mm, 105.2600 mm): Segment of U1 on F.Silkscreen
    @(137.5000 mm, 104.6300 mm): Reference field of R38
[silk_overlap]: Silkscreen clearance (board setup constraints silk clearance 0.1500 mm; actual 0.1240 mm)
    Rule: board setup constraints silk; warning
    @(160.2700 mm, 98.1000 mm): Reference field of R43
    @(160.6900 mm, 99.5500 mm): Polygon of U12 on F.Silkscreen
[silk_overlap]: Silkscreen clearance (board setup constraints silk clearance 0.1500 mm; actual 0.0000 mm)
    Rule: board setup constraints silk; warning
    @(141.5500 mm, 100.1200 mm): Reference field of R26
    @(141.5500 mm, 100.1300 mm): Reference field of R55
[silk_overlap]: Silkscreen clearance (board setup constraints silk clearance 0.1500 mm; actual 0.0000 mm)
    Rule: board setup constraints silk; warning
    @(141.5500 mm, 100.1200 mm): Reference field of R26
    @(142.8268 mm, 92.1768 mm): Segment of U15 on F.Silkscreen
[silk_overlap]: Silkscreen clearance (board setup constraints silk clearance 0.1500 mm; actual 0.0000 mm)
    Rule: board setup constraints silk; warning
    @(141.5500 mm, 100.1200 mm): Reference field of R26
    @(141.5500 mm, 101.1300 mm): Reference field of R56
[silk_overlap]: Silkscreen clearance (board setup constraints silk clearance 0.1500 mm; actual 0.0000 mm)
    Rule: board setup constraints silk; warning
    @(145.5800 mm, 109.1000 mm): Reference field of R54
    @(142.8268 mm, 107.8232 mm): Segment of U15 on F.Silkscreen
[silk_overlap]: Silkscreen clearance (board setup constraints silk clearance 0.1500 mm; actual 0.1106 mm)
    Rule: board setup constraints silk; warning
    @(158.7200 mm, 97.9324 mm): Segment of R43 on F.Silkscreen
    @(158.4732 mm, 107.8232 mm): Segment of U15 on F.Silkscreen
[silk_overlap]: Silkscreen clearance (board setup constraints silk clearance 0.1500 mm; actual 0.0000 mm)
    Rule: board setup constraints silk; warning
    @(159.8000 mm, 93.4200 mm): Reference field of R45
    @(158.4732 mm, 107.8232 mm): Segment of U15 on F.Silkscreen
[silk_overlap]: Silkscreen clearance (board setup constraints silk clearance 0.1500 mm; actual 0.0000 mm)
    Rule: board setup constraints silk; warning
    @(159.8000 mm, 93.0800 mm): Reference field of R44
    @(158.4732 mm, 107.8232 mm): Segment of U15 on F.Silkscreen
[silk_overlap]: Silkscreen clearance (board setup constraints silk clearance 0.1500 mm; actual 0.1264 mm)
    Rule: board setup constraints silk; warning
    @(160.6900 mm, 99.5500 mm): Polygon of U12 on F.Silkscreen
    @(159.8000 mm, 98.1000 mm): Reference field of U12
[silk_overlap]: Silkscreen clearance (board setup constraints silk clearance 0.1500 mm; actual 0.0000 mm)
    Rule: board setup constraints silk; warning
    @(159.4800 mm, 97.9324 mm): Segment of R43 on F.Silkscreen
    @(159.8000 mm, 98.1000 mm): Reference field of U12
[silk_overlap]: Silkscreen clearance (board setup constraints silk clearance 0.1500 mm; actual 0.0622 mm)
    Rule: board setup constraints silk; warning
    @(160.2700 mm, 98.1000 mm): Reference field of R43
    @(159.4800 mm, 97.9324 mm): Segment of R43 on F.Silkscreen
[silk_overlap]: Silkscreen clearance (board setup constraints silk clearance 0.1500 mm; actual 0.1495 mm)
    Rule: board setup constraints silk; warning
    @(141.5500 mm, 99.1100 mm): Reference field of C33
    @(141.5500 mm, 100.1200 mm): Reference field of R26
[silk_overlap]: Silkscreen clearance (board setup constraints silk clearance 0.1500 mm; actual 0.0749 mm)
    Rule: board setup constraints silk; warning
    @(141.5500 mm, 100.1200 mm): Reference field of R26
    @(141.7176 mm, 99.9200 mm): Segment of R58 on F.Silkscreen
[silk_overlap]: Silkscreen clearance (board setup constraints silk clearance 0.1500 mm; actual 0.0000 mm)
    Rule: board setup constraints silk; warning
    @(141.7176 mm, 100.6800 mm): Segment of R58 on F.Silkscreen
    @(141.5500 mm, 100.1200 mm): Reference field of R26
[silk_overlap]: Silkscreen clearance (board setup constraints silk clearance 0.1500 mm; actual 0.0000 mm)
    Rule: board setup constraints silk; warning
    @(141.5500 mm, 100.1300 mm): Reference field of R55
    @(141.5500 mm, 101.1300 mm): Reference field of R56
[silk_overlap]: Silkscreen clearance (board setup constraints silk clearance 0.1500 mm; actual 0.0000 mm)
    Rule: board setup constraints silk; warning
    @(141.7176 mm, 100.6800 mm): Segment of R58 on F.Silkscreen
    @(141.5500 mm, 100.1300 mm): Reference field of R55
[silk_overlap]: Silkscreen clearance (board setup constraints silk clearance 0.1500 mm; actual 0.0000 mm)
    Rule: board setup constraints silk; warning
    @(141.5500 mm, 101.1300 mm): Reference field of R56
    @(141.3824 mm, 100.9200 mm): Segment of R55 on F.Silkscreen
[silk_overlap]: Silkscreen clearance (board setup constraints silk clearance 0.1500 mm; actual 0.0000 mm)
    Rule: board setup constraints silk; warning
    @(141.5500 mm, 101.4700 mm): Reference field of R58
    @(141.3824 mm, 100.9200 mm): Segment of R55 on F.Silkscreen
[silk_overlap]: Silkscreen clearance (board setup constraints silk clearance 0.1500 mm; actual 0.1200 mm)
    Rule: board setup constraints silk; warning
    @(141.7176 mm, 100.6800 mm): Segment of R58 on F.Silkscreen
    @(141.3824 mm, 100.9200 mm): Segment of R55 on F.Silkscreen
[silk_overlap]: Silkscreen clearance (board setup constraints silk clearance 0.1500 mm; actual 0.0000 mm)
    Rule: board setup constraints silk; warning
    @(141.3824 mm, 101.6800 mm): Segment of R55 on F.Silkscreen
    @(141.5500 mm, 101.1300 mm): Reference field of R56
[silk_overlap]: Silkscreen clearance (board setup constraints silk clearance 0.1500 mm; actual 0.1200 mm)
    Rule: board setup constraints silk; warning
    @(141.3824 mm, 101.9200 mm): Segment of R56 on F.Silkscreen
    @(141.3824 mm, 101.6800 mm): Segment of R55 on F.Silkscreen
[silk_overlap]: Silkscreen clearance (board setup constraints silk clearance 0.1500 mm; actual 0.0676 mm)
    Rule: board setup constraints silk; warning
    @(141.5500 mm, 101.4700 mm): Reference field of R58
    @(141.3824 mm, 101.6800 mm): Segment of R55 on F.Silkscreen
[silk_overlap]: Silkscreen clearance (board setup constraints silk clearance 0.1500 mm; actual 0.0834 mm)
    Rule: board setup constraints silk; warning
    @(139.3000 mm, 100.7700 mm): Reference field of R42
    @(141.5500 mm, 100.1300 mm): Reference field of R55
[silk_overlap]: Silkscreen clearance (board setup constraints silk clearance 0.1500 mm; actual 0.1081 mm)
    Rule: board setup constraints silk; warning
    @(141.5500 mm, 99.1100 mm): Reference field of C33
    @(141.5500 mm, 100.1300 mm): Reference field of R55
[silk_overlap]: Silkscreen clearance (board setup constraints silk clearance 0.1500 mm; actual 0.1238 mm)
    Rule: board setup constraints silk; warning
    @(138.8000 mm, 99.6300 mm): Reference field of R29
    @(141.5500 mm, 100.1300 mm): Reference field of R55
[silk_overlap]: Silkscreen clearance (board setup constraints silk clearance 0.1500 mm; actual 0.1098 mm)
    Rule: board setup constraints silk; warning
    @(141.5500 mm, 100.1200 mm): Reference field of R26
    @(141.7176 mm, 99.3300 mm): Segment of R26 on F.Silkscreen
[silk_overlap]: Silkscreen clearance (board setup constraints silk clearance 0.1500 mm; actual 0.1052 mm)
    Rule: board setup constraints silk; warning
    @(141.5500 mm, 99.1100 mm): Reference field of C33
    @(141.7176 mm, 99.3300 mm): Segment of R26 on F.Silkscreen
[silk_overlap]: Silkscreen clearance (board setup constraints silk clearance 0.1500 mm; actual 0.1241 mm)
    Rule: board setup constraints silk; warning
    @(141.5500 mm, 100.1300 mm): Reference field of R55
    @(141.7176 mm, 99.3300 mm): Segment of R26 on F.Silkscreen
[silk_overlap]: Silkscreen clearance (board setup constraints silk clearance 0.1500 mm; actual 0.0000 mm)
    Rule: board setup constraints silk; warning
    @(141.5500 mm, 99.1100 mm): Reference field of C33
    @(141.7176 mm, 98.5700 mm): Segment of R26 on F.Silkscreen
[silk_overlap]: Silkscreen clearance (board setup constraints silk clearance 0.1500 mm; actual 0.1400 mm)
    Rule: board setup constraints silk; warning
    @(141.7176 mm, 98.5700 mm): Segment of R26 on F.Silkscreen
    @(141.6658 mm, 98.3100 mm): Segment of C33 on F.Silkscreen
[silk_overlap]: Silkscreen clearance (board setup constraints silk clearance 0.1500 mm; actual 0.0000 mm)
    Rule: board setup constraints silk; warning
    @(141.5500 mm, 100.1300 mm): Reference field of R55
    @(142.8268 mm, 92.1768 mm): Segment of U15 on F.Silkscreen
[silk_overlap]: Silkscreen clearance (board setup constraints silk clearance 0.1500 mm; actual 0.0000 mm)
    Rule: board setup constraints silk; warning
    @(141.5500 mm, 103.8300 mm): Reference field of R57
    @(142.8268 mm, 92.1768 mm): Segment of U15 on F.Silkscreen
[silk_overlap]: Silkscreen clearance (board setup constraints silk clearance 0.1500 mm; actual 0.0000 mm)
    Rule: board setup constraints silk; warning
    @(141.5500 mm, 95.5600 mm): Reference field of C37
    @(142.8268 mm, 92.1768 mm): Segment of U15 on F.Silkscreen
[silk_overlap]: Silkscreen clearance (board setup constraints silk clearance 0.1500 mm; actual 0.0000 mm)
    Rule: board setup constraints silk; warning
    @(142.8268 mm, 92.1768 mm): Segment of U15 on F.Silkscreen
    @(141.5000 mm, 95.6800 mm): Reference field of R31
[silk_overlap]: Silkscreen clearance (board setup constraints silk clearance 0.1500 mm; actual 0.0542 mm)
    Rule: board setup constraints silk; warning
    @(141.5500 mm, 99.1100 mm): Reference field of C33
    @(142.8268 mm, 92.1768 mm): Segment of U15 on F.Silkscreen
[silk_overlap]: Silkscreen clearance (board setup constraints silk clearance 0.1500 mm; actual 0.0000 mm)
    Rule: board setup constraints silk; warning
    @(142.8268 mm, 92.1768 mm): Segment of U15 on F.Silkscreen
    @(141.5500 mm, 101.1300 mm): Reference field of R56
[silk_overlap]: Silkscreen clearance (board setup constraints silk clearance 0.1500 mm; actual 0.0542 mm)
    Rule: board setup constraints silk; warning
    @(141.5500 mm, 101.4700 mm): Reference field of R58
    @(142.8268 mm, 92.1768 mm): Segment of U15 on F.Silkscreen
[silk_overlap]: Silkscreen clearance (board setup constraints silk clearance 0.1500 mm; actual 0.1064 mm)
    Rule: board setup constraints silk; warning
    @(139.2500 mm, 96.7800 mm): Reference field of R25
    @(141.0500 mm, 97.0300 mm): Reference field of C36
[silk_overlap]: Silkscreen clearance (board setup constraints silk clearance 0.1500 mm; actual 0.1032 mm)
    Rule: board setup constraints silk; warning
    @(141.5500 mm, 99.1100 mm): Reference field of C33
    @(138.8000 mm, 99.6300 mm): Reference field of R29
[silk_overlap]: Silkscreen clearance (board setup constraints silk clearance 0.1500 mm; actual 0.1176 mm)
    Rule: board setup constraints silk; warning
    @(138.8000 mm, 99.6300 mm): Reference field of R29
    @(139.4676 mm, 99.2200 mm): Segment of R42 on F.Silkscreen
[silk_overlap]: Silkscreen clearance (board setup constraints silk clearance 0.1500 mm; actual 0.0749 mm)
    Rule: board setup constraints silk; warning
    @(141.1963 mm, 96.1100 mm): Segment of C36 on F.Silkscreen
    @(141.5500 mm, 95.5600 mm): Reference field of C37
[silk_overlap]: Silkscreen clearance (board setup constraints silk clearance 0.1500 mm; actual 0.1356 mm)
    Rule: board setup constraints silk; warning
    @(141.3324 mm, 96.4700 mm): Segment of R31 on F.Silkscreen
    @(141.0500 mm, 97.0300 mm): Reference field of C36
[silk_overlap]: Silkscreen clearance (board setup constraints silk clearance 0.1500 mm; actual 0.1204 mm)
    Rule: board setup constraints silk; warning
    @(141.5500 mm, 95.5600 mm): Reference field of C37
    @(139.2500 mm, 96.7800 mm): Reference field of R25
[silk_overlap]: Silkscreen clearance (board setup constraints silk clearance 0.1500 mm; actual 0.1348 mm)
    Rule: board setup constraints silk; warning
    @(141.3324 mm, 97.2300 mm): Segment of R31 on F.Silkscreen
    @(141.0500 mm, 97.0300 mm): Reference field of C36
[silk_overlap]: Silkscreen clearance (board setup constraints silk clearance 0.1500 mm; actual 0.0998 mm)
    Rule: board setup constraints silk; warning
    @(141.6658 mm, 97.5900 mm): Segment of C33 on F.Silkscreen
    @(141.0500 mm, 97.0300 mm): Reference field of C36
[silk_overlap]: Silkscreen clearance (board setup constraints silk clearance 0.1500 mm; actual 0.1357 mm)
    Rule: board setup constraints silk; warning
    @(138.8000 mm, 99.6300 mm): Reference field of R29
    @(141.5500 mm, 100.1200 mm): Reference field of R26
[silk_overlap]: Silkscreen clearance (board setup constraints silk clearance 0.1500 mm; actual 0.1198 mm)
    Rule: board setup constraints silk; warning
    @(141.5500 mm, 99.1100 mm): Reference field of C33
    @(141.6658 mm, 98.3100 mm): Segment of C33 on F.Silkscreen
[silk_overlap]: Silkscreen clearance (board setup constraints silk clearance 0.1500 mm; actual 0.0994 mm)
    Rule: board setup constraints silk; warning
    @(159.8000 mm, 93.0800 mm): Reference field of R44
    @(159.8000 mm, 93.4200 mm): Reference field of R45
[silk_overlap]: Silkscreen clearance (board setup constraints silk clearance 0.1500 mm; actual 0.0622 mm)
    Rule: board setup constraints silk; warning
    @(159.8000 mm, 93.4200 mm): Reference field of R45
    @(159.9676 mm, 92.6300 mm): Segment of R45 on F.Silkscreen
[silk_overlap]: Silkscreen clearance (board setup constraints silk clearance 0.1500 mm; actual 0.0263 mm)
    Rule: board setup constraints silk; warning
    @(159.8000 mm, 93.4200 mm): Reference field of R45
    @(159.9158 mm, 93.6100 mm): Segment of C38 on F.Silkscreen
[silk_overlap]: Silkscreen clearance (board setup constraints silk clearance 0.1500 mm; actual 0.0000 mm)
    Rule: board setup constraints silk; warning
    @(159.9158 mm, 92.8900 mm): Segment of C38 on F.Silkscreen
    @(159.8000 mm, 93.4200 mm): Reference field of R45
[silk_overlap]: Silkscreen clearance (board setup constraints silk clearance 0.1500 mm; actual 0.1077 mm)
    Rule: board setup constraints silk; warning
    @(159.8000 mm, 93.0800 mm): Reference field of R44
    @(159.9676 mm, 92.6300 mm): Segment of R45 on F.Silkscreen
[silk_overlap]: Silkscreen clearance (board setup constraints silk clearance 0.1500 mm; actual 0.0000 mm)
    Rule: board setup constraints silk; warning
    @(159.8000 mm, 93.0800 mm): Reference field of R44
    @(159.9158 mm, 93.6100 mm): Segment of C38 on F.Silkscreen
[silk_overlap]: Silkscreen clearance (board setup constraints silk clearance 0.1500 mm; actual 0.0000 mm)
    Rule: board setup constraints silk; warning
    @(159.9158 mm, 92.8900 mm): Segment of C38 on F.Silkscreen
    @(159.8000 mm, 93.0800 mm): Reference field of R44
[silk_overlap]: Silkscreen clearance (board setup constraints silk clearance 0.1500 mm; actual 0.0000 mm)
    Rule: board setup constraints silk; warning
    @(159.6324 mm, 93.8700 mm): Segment of R44 on F.Silkscreen
    @(159.8000 mm, 93.4200 mm): Reference field of R45
[silk_overlap]: Silkscreen clearance (board setup constraints silk clearance 0.1500 mm; actual 0.0000 mm)
    Rule: board setup constraints silk; warning
    @(159.6324 mm, 93.8700 mm): Segment of R44 on F.Silkscreen
    @(159.8000 mm, 94.4100 mm): Reference field of C38
[silk_overlap]: Silkscreen clearance (board setup constraints silk clearance 0.1500 mm; actual 0.1400 mm)
    Rule: board setup constraints silk; warning
    @(159.6324 mm, 93.8700 mm): Segment of R44 on F.Silkscreen
    @(159.9158 mm, 93.6100 mm): Segment of C38 on F.Silkscreen
[silk_overlap]: Silkscreen clearance (board setup constraints silk clearance 0.1500 mm; actual 0.1198 mm)
    Rule: board setup constraints silk; warning
    @(159.8000 mm, 94.4100 mm): Reference field of C38
    @(159.9158 mm, 93.6100 mm): Segment of C38 on F.Silkscreen
[silk_overlap]: Silkscreen clearance (board setup constraints silk clearance 0.1500 mm; actual 0.1400 mm)
    Rule: board setup constraints silk; warning
    @(159.9158 mm, 92.8900 mm): Segment of C38 on F.Silkscreen
    @(159.9676 mm, 92.6300 mm): Segment of R45 on F.Silkscreen
[silk_overlap]: Silkscreen clearance (board setup constraints silk clearance 0.1500 mm; actual 0.0000 mm)
    Rule: board setup constraints silk; warning
    @(141.5500 mm, 100.1300 mm): Reference field of R55
    @(141.7176 mm, 99.9200 mm): Segment of R58 on F.Silkscreen
[silk_overlap]: Silkscreen clearance (board setup constraints silk clearance 0.1500 mm; actual 0.1424 mm)
    Rule: board setup constraints silk; warning
    @(141.5500 mm, 101.4700 mm): Reference field of R58
    @(141.5500 mm, 101.1300 mm): Reference field of R56
[silk_overlap]: Silkscreen clearance (board setup constraints silk clearance 0.1500 mm; actual 0.0719 mm)
    Rule: board setup constraints silk; warning
    @(139.3000 mm, 100.7700 mm): Reference field of R42
    @(138.9000 mm, 101.5300 mm): Reference field of R28
[silk_overlap]: Silkscreen clearance (board setup constraints silk clearance 0.1500 mm; actual 0.0238 mm)
    Rule: board setup constraints silk; warning
    @(138.9000 mm, 101.5300 mm): Reference field of R28
    @(141.5500 mm, 101.1300 mm): Reference field of R56
[silk_overlap]: Silkscreen clearance (board setup constraints silk clearance 0.1500 mm; actual 0.1070 mm)
    Rule: board setup constraints silk; warning
    @(138.9000 mm, 101.5300 mm): Reference field of R28
    @(141.5500 mm, 101.4700 mm): Reference field of R58
[silk_overlap]: Silkscreen clearance (board setup constraints silk clearance 0.1500 mm; actual 0.0885 mm)
    Rule: board setup constraints silk; warning
    @(139.3000 mm, 100.7700 mm): Reference field of R42
    @(141.5500 mm, 100.1200 mm): Reference field of R26
[silk_overlap]: Silkscreen clearance (board setup constraints silk clearance 0.1500 mm; actual 0.1383 mm)
    Rule: board setup constraints silk; warning
    @(139.3000 mm, 100.7700 mm): Reference field of R42
    @(138.8000 mm, 99.6300 mm): Reference field of R29
[silk_overlap]: Silkscreen clearance (board setup constraints silk clearance 0.1500 mm; actual 0.1148 mm)
    Rule: board setup constraints silk; warning
    @(139.3000 mm, 100.7700 mm): Reference field of R42
    @(141.5500 mm, 101.1300 mm): Reference field of R56
[silk_overlap]: Silkscreen clearance (board setup constraints silk clearance 0.1500 mm; actual 0.1214 mm)
    Rule: board setup constraints silk; warning
    @(139.3000 mm, 100.7700 mm): Reference field of R42
    @(141.5500 mm, 101.4700 mm): Reference field of R58
[silk_overlap]: Silkscreen clearance (board setup constraints silk clearance 0.1500 mm; actual 0.0000 mm)
    Rule: board setup constraints silk; warning
    @(141.7176 mm, 100.6800 mm): Segment of R58 on F.Silkscreen
    @(141.5500 mm, 101.1300 mm): Reference field of R56
[silk_overlap]: Silkscreen clearance (board setup constraints silk clearance 0.1500 mm; actual 0.1098 mm)
    Rule: board setup constraints silk; warning
    @(141.7176 mm, 100.6800 mm): Segment of R58 on F.Silkscreen
    @(141.5500 mm, 101.4700 mm): Reference field of R58
[silk_overlap]: Silkscreen clearance (board setup constraints silk clearance 0.1500 mm; actual 0.0000 mm)
    Rule: board setup constraints silk; warning
    @(141.5500 mm, 101.4700 mm): Reference field of R58
    @(141.3824 mm, 101.9200 mm): Segment of R56 on F.Silkscreen
[silk_overlap]: Silkscreen clearance (board setup constraints silk clearance 0.1500 mm; actual 0.0229 mm)
    Rule: board setup constraints silk; warning
    @(138.8000 mm, 99.6300 mm): Reference field of R29
    @(139.4676 mm, 99.9800 mm): Segment of R42 on F.Silkscreen
[silk_overlap]: Silkscreen clearance (board setup constraints silk clearance 0.1500 mm; actual 0.0622 mm)
    Rule: board setup constraints silk; warning
    @(139.3000 mm, 100.7700 mm): Reference field of R42
    @(139.4676 mm, 99.9800 mm): Segment of R42 on F.Silkscreen
[silk_overlap]: Silkscreen clearance (board setup constraints silk clearance 0.1500 mm; actual 0.0000 mm)
    Rule: board setup constraints silk; warning
    @(111.6000 mm, 97.8300 mm): Reference field of R4
    @(111.0000 mm, 98.4100 mm): Reference field of J1
[silk_overlap]: Silkscreen clearance (board setup constraints silk clearance 0.1500 mm; actual 0.0732 mm)
    Rule: board setup constraints silk; warning
    @(113.1100 mm, 97.4100 mm): Segment of J1 on F.Silkscreen
    @(111.6000 mm, 97.8300 mm): Reference field of R4
[silk_overlap]: Silkscreen clearance (board setup constraints silk clearance 0.1500 mm; actual 0.0031 mm)
    Rule: board setup constraints silk; warning
    @(111.0000 mm, 95.3000 mm): Segment of J1 on F.Silkscreen
    @(111.6000 mm, 97.8300 mm): Reference field of R4
[silk_overlap]: Silkscreen clearance (board setup constraints silk clearance 0.1500 mm; actual 0.1328 mm)
    Rule: board setup constraints silk; warning
    @(115.4300 mm, 97.0975 mm): Reference field of R8
    @(116.0000 mm, 97.5300 mm): Reference field of R9
[silk_overlap]: Silkscreen clearance (board setup constraints silk clearance 0.1500 mm; actual 0.0000 mm)
    Rule: board setup constraints silk; warning
    @(111.0000 mm, 97.4100 mm): Segment of J1 on F.Silkscreen
    @(111.6000 mm, 97.8300 mm): Reference field of R4
[silk_overlap]: Silkscreen clearance (board setup constraints silk clearance 0.1500 mm; actual 0.1100 mm)
    Rule: board setup constraints silk; warning
    @(116.0000 mm, 97.5300 mm): Reference field of R9
    @(114.9000 mm, 98.7700 mm): Reference field of R7
[silk_overlap]: Silkscreen clearance (board setup constraints silk clearance 0.1500 mm; actual 0.0593 mm)
    Rule: board setup constraints silk; warning
    @(115.0676 mm, 97.9800 mm): Segment of R7 on F.Silkscreen
    @(116.0000 mm, 97.5300 mm): Reference field of R9
[silk_overlap]: Silkscreen clearance (board setup constraints silk clearance 0.1500 mm; actual 0.0593 mm)
    Rule: board setup constraints silk; warning
    @(115.0676 mm, 97.2200 mm): Segment of R7 on F.Silkscreen
    @(116.0000 mm, 97.5300 mm): Reference field of R9
[silk_overlap]: Silkscreen clearance (board setup constraints silk clearance 0.1500 mm; actual 0.0134 mm)
    Rule: board setup constraints silk; warning
    @(116.0000 mm, 97.5300 mm): Reference field of R9
    @(116.2200 mm, 97.2651 mm): Segment of R8 on F.Silkscreen
[silk_overlap]: Silkscreen clearance (board setup constraints silk clearance 0.1500 mm; actual 0.0024 mm)
    Rule: board setup constraints silk; warning
    @(115.8324 mm, 98.3200 mm): Segment of R9 on F.Silkscreen
    @(114.9000 mm, 98.7700 mm): Reference field of R7
[silk_overlap]: Silkscreen clearance (board setup constraints silk clearance 0.1500 mm; actual 0.0593 mm)
    Rule: board setup constraints silk; warning
    @(116.0000 mm, 97.5300 mm): Reference field of R9
    @(116.9800 mm, 97.2651 mm): Segment of R8 on F.Silkscreen
[silk_overlap]: Silkscreen clearance (board setup constraints silk clearance 0.1500 mm; actual 0.0000 mm)
    Rule: board setup constraints silk; warning
    @(115.4300 mm, 101.5550 mm): Reference field of R11
    @(115.0676 mm, 102.6350 mm): Segment of R12 on F.Silkscreen
[silk_overlap]: Silkscreen clearance (board setup constraints silk clearance 0.1500 mm; actual 0.1098 mm)
    Rule: board setup constraints silk; warning
    @(115.0676 mm, 102.6350 mm): Segment of R12 on F.Silkscreen
    @(114.9000 mm, 103.4250 mm): Reference field of R12
[silk_overlap]: Silkscreen clearance (board setup constraints silk clearance 0.1500 mm; actual 0.0000 mm)
    Rule: board setup constraints silk; warning
    @(116.0000 mm, 102.0850 mm): Reference field of R13
    @(115.0676 mm, 102.6350 mm): Segment of R12 on F.Silkscreen
[silk_overlap]: Silkscreen clearance (board setup constraints silk clearance 0.1500 mm; actual 0.1136 mm)
    Rule: board setup constraints silk; warning
    @(115.4300 mm, 101.5550 mm): Reference field of R11
    @(115.0676 mm, 101.8750 mm): Segment of R12 on F.Silkscreen
[silk_overlap]: Silkscreen clearance (board setup constraints silk clearance 0.1500 mm; actual 0.0536 mm)
    Rule: board setup constraints silk; warning
    @(116.0000 mm, 102.0850 mm): Reference field of R13
    @(115.0676 mm, 101.8750 mm): Segment of R12 on F.Silkscreen
[silk_overlap]: Silkscreen clearance (board setup constraints silk clearance 0.1500 mm; actual 0.0000 mm)
    Rule: board setup constraints silk; warning
    @(115.4300 mm, 101.5550 mm): Reference field of R11
    @(114.9000 mm, 103.4250 mm): Reference field of R12
[silk_overlap]: Silkscreen clearance (board setup constraints silk clearance 0.1500 mm; actual 0.0000 mm)
    Rule: board setup constraints silk; warning
    @(116.0000 mm, 102.0850 mm): Reference field of R13
    @(115.4300 mm, 101.5550 mm): Reference field of R11
[silk_overlap]: Silkscreen clearance (board setup constraints silk clearance 0.1500 mm; actual 0.0000 mm)
    Rule: board setup constraints silk; warning
    @(116.0000 mm, 102.0850 mm): Reference field of R13
    @(116.9800 mm, 101.7226 mm): Segment of R11 on F.Silkscreen
[silk_overlap]: Silkscreen clearance (board setup constraints silk clearance 0.1500 mm; actual 0.0612 mm)
    Rule: board setup constraints silk; warning
    @(116.0000 mm, 102.0850 mm): Reference field of R13
    @(116.2200 mm, 101.7226 mm): Segment of R11 on F.Silkscreen
[silk_overlap]: Silkscreen clearance (board setup constraints silk clearance 0.1500 mm; actual 0.1098 mm)
    Rule: board setup constraints silk; warning
    @(111.4324 mm, 98.6200 mm): Segment of R4 on F.Silkscreen
    @(111.0000 mm, 98.4100 mm): Reference field of J1
[silk_overlap]: Silkscreen clearance (board setup constraints silk clearance 0.1500 mm; actual 0.0546 mm)
    Rule: board setup constraints silk; warning
    @(111.4324 mm, 100.6200 mm): Segment of R10 on F.Silkscreen
    @(111.6000 mm, 101.1700 mm): Reference field of R6
[silk_overlap]: Silkscreen clearance (board setup constraints silk clearance 0.1500 mm; actual 0.0000 mm)
    Rule: board setup constraints silk; warning
    @(111.6000 mm, 99.8300 mm): Reference field of R10
    @(111.4324 mm, 99.3800 mm): Segment of R4 on F.Silkscreen
[silk_overlap]: Silkscreen clearance (board setup constraints silk clearance 0.1500 mm; actual 0.0000 mm)
    Rule: board setup constraints silk; warning
    @(111.6000 mm, 99.8300 mm): Reference field of R10
    @(111.7676 mm, 99.6200 mm): Segment of R6 on F.Silkscreen
[silk_overlap]: Silkscreen clearance (board setup constraints silk clearance 0.1500 mm; actual 0.0000 mm)
    Rule: board setup constraints silk; warning
    @(111.6000 mm, 99.8300 mm): Reference field of R10
    @(111.7676 mm, 100.3800 mm): Segment of R6 on F.Silkscreen
[silk_overlap]: Silkscreen clearance (board setup constraints silk clearance 0.1500 mm; actual 0.1200 mm)
    Rule: board setup constraints silk; warning
    @(111.7676 mm, 99.6200 mm): Segment of R6 on F.Silkscreen
    @(111.4324 mm, 99.3800 mm): Segment of R4 on F.Silkscreen
[silk_overlap]: Silkscreen clearance (board setup constraints silk clearance 0.1500 mm; actual 0.0046 mm)
    Rule: board setup constraints silk; warning
    @(111.4324 mm, 101.3800 mm): Segment of R10 on F.Silkscreen
    @(111.6000 mm, 101.1700 mm): Reference field of R6
[silk_overlap]: Silkscreen clearance (board setup constraints silk clearance 0.1500 mm; actual 0.1200 mm)
    Rule: board setup constraints silk; warning
    @(111.7676 mm, 100.3800 mm): Segment of R6 on F.Silkscreen
    @(111.4324 mm, 100.6200 mm): Segment of R10 on F.Silkscreen
[silk_overlap]: Silkscreen clearance (board setup constraints silk clearance 0.1500 mm; actual 0.0000 mm)
    Rule: board setup constraints silk; warning
    @(121.1000 mm, 90.9400 mm): Reference field of C26
    @(121.0000 mm, 91.8700 mm): Reference field of R30
[silk_overlap]: Silkscreen clearance (board setup constraints silk clearance 0.1500 mm; actual 0.0000 mm)
    Rule: board setup constraints silk; warning
    @(120.9842 mm, 91.7400 mm): Segment of C26 on F.Silkscreen
    @(121.0000 mm, 91.8700 mm): Reference field of R30
[silk_overlap]: Silkscreen clearance (board setup constraints silk clearance 0.1500 mm; actual 0.0000 mm)
    Rule: board setup constraints silk; warning
    @(125.3000 mm, 93.6500 mm): Reference field of U2
    @(125.7400 mm, 94.1000 mm): Reference field of C31
[silk_overlap]: Silkscreen clearance (board setup constraints silk clearance 0.1500 mm; actual 0.1485 mm)
    Rule: board setup constraints silk; warning
    @(125.3000 mm, 93.6500 mm): Reference field of U2
    @(126.7400 mm, 94.1000 mm): Reference field of C28
[silk_overlap]: Silkscreen clearance (board setup constraints silk clearance 0.1500 mm; actual 0.0000 mm)
    Rule: board setup constraints silk; warning
    @(126.9100 mm, 92.8100 mm): Segment of U2 on F.Silkscreen
    @(125.7400 mm, 94.1000 mm): Reference field of C31
[silk_overlap]: Silkscreen clearance (board setup constraints silk clearance 0.1500 mm; actual 0.0836 mm)
    Rule: board setup constraints silk; warning
    @(126.9100 mm, 92.8100 mm): Segment of U2 on F.Silkscreen
    @(126.7400 mm, 94.1000 mm): Reference field of C28
[silk_overlap]: Silkscreen clearance (board setup constraints silk clearance 0.1500 mm; actual 0.1498 mm)
    Rule: board setup constraints silk; warning
    @(126.9100 mm, 92.8100 mm): Segment of U2 on F.Silkscreen
    @(127.7400 mm, 92.6000 mm): Reference field of C30
[silk_overlap]: Silkscreen clearance (board setup constraints silk clearance 0.1500 mm; actual 0.0000 mm)
    Rule: board setup constraints silk; warning
    @(121.9100 mm, 99.0550 mm): Segment of U3 on F.Silkscreen
    @(120.3000 mm, 99.4500 mm): Reference field of U4
[silk_overlap]: Silkscreen clearance (board setup constraints silk clearance 0.1500 mm; actual 0.0478 mm)
    Rule: board setup constraints silk; warning
    @(120.9842 mm, 92.4600 mm): Segment of C26 on F.Silkscreen
    @(121.0000 mm, 91.8700 mm): Reference field of R30
[silk_overlap]: Silkscreen clearance (board setup constraints silk clearance 0.1500 mm; actual 0.1098 mm)
    Rule: board setup constraints silk; warning
    @(121.1676 mm, 91.0800 mm): Segment of R30 on F.Silkscreen
    @(121.0000 mm, 91.8700 mm): Reference field of R30
[silk_overlap]: Silkscreen clearance (board setup constraints silk clearance 0.1500 mm; actual 0.0000 mm)
    Rule: board setup constraints silk; warning
    @(121.1000 mm, 90.9400 mm): Reference field of C26
    @(121.1676 mm, 91.0800 mm): Segment of R30 on F.Silkscreen
[silk_overlap]: Silkscreen clearance (board setup constraints silk clearance 0.1500 mm; actual 0.0000 mm)
    Rule: board setup constraints silk; warning
    @(121.1000 mm, 90.9400 mm): Reference field of C26
    @(121.1676 mm, 90.3200 mm): Segment of R30 on F.Silkscreen
[silk_overlap]: Silkscreen clearance (board setup constraints silk clearance 0.1500 mm; actual 0.0000 mm)
    Rule: board setup constraints silk; warning
    @(117.8225 mm, 89.9600 mm): Segment of U9 on F.Silkscreen
    @(116.7750 mm, 90.5650 mm): Reference field of U14
[silk_overlap]: Silkscreen clearance (board setup constraints silk clearance 0.1500 mm; actual 0.0000 mm)
    Rule: board setup constraints silk; warning
    @(119.6425 mm, 89.9600 mm): Segment of U9 on F.Silkscreen
    @(116.7750 mm, 90.5650 mm): Reference field of U14
[silk_overlap]: Silkscreen clearance (board setup constraints silk clearance 0.1500 mm; actual 0.0000 mm)
    Rule: board setup constraints silk; warning
    @(113.1100 mm, 95.3000 mm): Segment of J1 on F.Silkscreen
    @(113.7520 mm, 89.8000 mm): Reference field of TP3
[silk_overlap]: Silkscreen clearance (board setup constraints silk clearance 0.1500 mm; actual 0.0000 mm)
    Rule: board setup constraints silk; warning
    @(115.9000 mm, 90.5000 mm): Segment of TP3 on F.Silkscreen
    @(116.7750 mm, 90.5650 mm): Reference field of U14
[silk_overlap]: Silkscreen clearance (board setup constraints silk clearance 0.1500 mm; actual 0.0733 mm)
    Rule: board setup constraints silk; warning
    @(116.7750 mm, 90.5650 mm): Reference field of U14
    @(115.9000 mm, 89.1000 mm): Segment of TP3 on F.Silkscreen
[silk_overlap]: Silkscreen clearance (board setup constraints silk clearance 0.1500 mm; actual 0.1064 mm)
    Rule: board setup constraints silk; warning
    @(126.7400 mm, 94.1000 mm): Reference field of C28
    @(125.7400 mm, 94.1000 mm): Reference field of C31
[silk_overlap]: Silkscreen clearance (board setup constraints silk clearance 0.1500 mm; actual 0.1129 mm)
    Rule: board setup constraints silk; warning
    @(126.5400 mm, 94.2158 mm): Segment of C31 on F.Silkscreen
    @(126.7400 mm, 94.1000 mm): Reference field of C28
[silk_overlap]: Silkscreen clearance (board setup constraints silk clearance 0.1500 mm; actual 0.1339 mm)
    Rule: board setup constraints silk; warning
    @(126.9100 mm, 92.6350 mm): Segment of U2 on F.Silkscreen
    @(126.7400 mm, 94.1000 mm): Reference field of C28
[silk_overlap]: Silkscreen clearance (board setup constraints silk clearance 0.1500 mm; actual 0.0420 mm)
    Rule: board setup constraints silk; warning
    @(127.7400 mm, 92.6000 mm): Reference field of C30
    @(126.7400 mm, 94.1000 mm): Reference field of C28
[silk_overlap]: Silkscreen clearance (board setup constraints silk clearance 0.1500 mm; actual 0.1153 mm)
    Rule: board setup constraints silk; warning
    @(127.4600 mm, 92.6400 mm): Polygon of U2 on F.Silkscreen
    @(126.7400 mm, 94.1000 mm): Reference field of C28
[silk_overlap]: Silkscreen clearance (board setup constraints silk clearance 0.1500 mm; actual 0.1379 mm)
    Rule: board setup constraints silk; warning
    @(127.7400 mm, 92.6000 mm): Reference field of C30
    @(127.4600 mm, 92.6400 mm): Polygon of U2 on F.Silkscreen
[silk_overlap]: Silkscreen clearance (board setup constraints silk clearance 0.1500 mm; actual 0.0943 mm)
    Rule: board setup constraints silk; warning
    @(127.7400 mm, 92.6000 mm): Reference field of C30
    @(127.2600 mm, 94.2158 mm): Segment of C31 on F.Silkscreen
[silk_overlap]: Silkscreen clearance (board setup constraints silk clearance 0.1500 mm; actual 0.0658 mm)
    Rule: board setup constraints silk; warning
    @(127.7400 mm, 92.6000 mm): Reference field of C30
    @(127.5400 mm, 94.2158 mm): Segment of C28 on F.Silkscreen
[silk_overlap]: Silkscreen clearance (board setup constraints silk clearance 0.1500 mm; actual 0.1498 mm)
    Rule: board setup constraints silk; warning
    @(127.7400 mm, 92.6000 mm): Reference field of C30
    @(126.9100 mm, 92.6350 mm): Segment of U2 on F.Silkscreen
[silk_overlap]: Silkscreen clearance (board setup constraints silk clearance 0.1500 mm; actual 0.0525 mm)
    Rule: board setup constraints silk; warning
    @(127.7400 mm, 92.6000 mm): Reference field of C30
    @(128.7520 mm, 90.3000 mm): Reference field of TP4
[silk_overlap]: Silkscreen clearance (board setup constraints silk clearance 0.1500 mm; actual 0.1061 mm)
    Rule: board setup constraints silk; warning
    @(115.3300 mm, 106.1425 mm): Reference field of R21
    @(115.0676 mm, 107.1250 mm): Segment of R16 on F.Silkscreen
[silk_overlap]: Silkscreen clearance (board setup constraints silk clearance 0.1500 mm; actual 0.0000 mm)
    Rule: board setup constraints silk; warning
    @(115.3300 mm, 106.1425 mm): Reference field of R21
    @(115.9000 mm, 106.5750 mm): Reference field of R17
[silk_overlap]: Silkscreen clearance (board setup constraints silk clearance 0.1500 mm; actual 0.0000 mm)
    Rule: board setup constraints silk; warning
    @(115.3300 mm, 106.1425 mm): Reference field of R21
    @(114.9000 mm, 107.9150 mm): Reference field of R16
[silk_overlap]: Silkscreen clearance (board setup constraints silk clearance 0.1500 mm; actual 0.0000 mm)
    Rule: board setup constraints silk; warning
    @(115.3300 mm, 106.1425 mm): Reference field of R21
    @(115.7324 mm, 107.3650 mm): Segment of R17 on F.Silkscreen
[silk_overlap]: Silkscreen clearance (board setup constraints silk clearance 0.1500 mm; actual 0.1098 mm)
    Rule: board setup constraints silk; warning
    @(114.9000 mm, 107.9150 mm): Reference field of R16
    @(115.0676 mm, 107.1250 mm): Segment of R16 on F.Silkscreen
[silk_overlap]: Silkscreen clearance (board setup constraints silk clearance 0.1500 mm; actual 0.0000 mm)
    Rule: board setup constraints silk; warning
    @(115.9000 mm, 106.5750 mm): Reference field of R17
    @(115.0676 mm, 107.1250 mm): Segment of R16 on F.Silkscreen
[silk_overlap]: Silkscreen clearance (board setup constraints silk clearance 0.1500 mm; actual 0.1352 mm)
    Rule: board setup constraints silk; warning
    @(114.9000 mm, 107.9150 mm): Reference field of R16
    @(115.0400 mm, 109.6400 mm): Segment of MOSFET1 on F.Silkscreen
[silk_overlap]: Silkscreen clearance (board setup constraints silk clearance 0.1500 mm; actual 0.1352 mm)
    Rule: board setup constraints silk; warning
    @(115.0400 mm, 108.6400 mm): Segment of MOSFET1 on F.Silkscreen
    @(114.9000 mm, 107.9150 mm): Reference field of R16
[silk_overlap]: Silkscreen clearance (board setup constraints silk clearance 0.1500 mm; actual 0.0000 mm)
    Rule: board setup constraints silk; warning
    @(114.9000 mm, 107.9150 mm): Reference field of R16
    @(115.7324 mm, 107.3650 mm): Segment of R17 on F.Silkscreen
[silk_overlap]: Silkscreen clearance (board setup constraints silk clearance 0.1500 mm; actual 0.0069 mm)
    Rule: board setup constraints silk; warning
    @(115.7324 mm, 108.1250 mm): Segment of R17 on F.Silkscreen
    @(114.9000 mm, 107.9150 mm): Reference field of R16
[silk_overlap]: Silkscreen clearance (board setup constraints silk clearance 0.1500 mm; actual 0.0000 mm)
    Rule: board setup constraints silk; warning
    @(115.9000 mm, 106.5750 mm): Reference field of R17
    @(115.0676 mm, 106.3650 mm): Segment of R16 on F.Silkscreen
[silk_overlap]: Silkscreen clearance (board setup constraints silk clearance 0.1500 mm; actual 0.0662 mm)
    Rule: board setup constraints silk; warning
    @(114.9000 mm, 103.4250 mm): Reference field of R12
    @(115.8324 mm, 102.8750 mm): Segment of R13 on F.Silkscreen
[silk_overlap]: Silkscreen clearance (board setup constraints silk clearance 0.1500 mm; actual 0.0000 mm)
    Rule: board setup constraints silk; warning
    @(115.4300 mm, 101.5550 mm): Reference field of R11
    @(115.8324 mm, 102.8750 mm): Segment of R13 on F.Silkscreen
[silk_overlap]: Silkscreen clearance (board setup constraints silk clearance 0.1500 mm; actual 0.0000 mm)
    Rule: board setup constraints silk; warning
    @(115.8324 mm, 103.6350 mm): Segment of R13 on F.Silkscreen
    @(114.9000 mm, 103.4250 mm): Reference field of R12
[silk_overlap]: Silkscreen clearance (board setup constraints silk clearance 0.1500 mm; actual 0.0000 mm)
    Rule: board setup constraints silk; warning
    @(115.8000 mm, 112.6000 mm): Reference field of MOSFET1
    @(118.9000 mm, 112.2700 mm): Reference field of R5
[silk_overlap]: Silkscreen clearance (board setup constraints silk clearance 0.1500 mm; actual 0.1273 mm)
    Rule: board setup constraints silk; warning
    @(119.0676 mm, 111.4800 mm): Segment of R5 on F.Silkscreen
    @(118.9000 mm, 112.2700 mm): Reference field of R5
[silk_overlap]: Silkscreen clearance (board setup constraints silk clearance 0.1500 mm; actual 0.0000 mm)
    Rule: board setup constraints silk; warning
    @(127.7183 mm, 101.3400 mm): Segment of C39 on F.Silkscreen
    @(127.6025 mm, 101.5300 mm): Reference field of R46
[silk_overlap]: Silkscreen clearance (board setup constraints silk clearance 0.1500 mm; actual 0.0000 mm)
    Rule: board setup constraints silk; warning
    @(127.7183 mm, 102.0600 mm): Segment of C39 on F.Silkscreen
    @(127.6025 mm, 101.5300 mm): Reference field of R46
[silk_overlap]: Silkscreen clearance (board setup constraints silk clearance 0.1500 mm; actual 0.1282 mm)
    Rule: board setup constraints silk; warning
    @(127.0324 mm, 100.7800 mm): Segment of R51 on F.Silkscreen
    @(127.6025 mm, 101.5300 mm): Reference field of R46
[silk_overlap]: Silkscreen clearance (board setup constraints silk clearance 0.1500 mm; actual 0.0480 mm)
    Rule: board setup constraints silk; warning
    @(127.2600 mm, 94.2158 mm): Segment of C31 on F.Silkscreen
    @(126.7400 mm, 94.1000 mm): Reference field of C28
[silk_overlap]: Silkscreen clearance (board setup constraints silk clearance 0.1500 mm; actual 0.0000 mm)
    Rule: board setup constraints silk; warning
    @(129.4975 mm, 99.2300 mm): Reference field of R19
    @(127.2000 mm, 99.2300 mm): Reference field of R51
[silk_overlap]: Silkscreen clearance (board setup constraints silk clearance 0.1500 mm; actual 0.1357 mm)
    Rule: board setup constraints silk; warning
    @(129.2000 mm, 98.5700 mm): Reference field of R2
    @(127.2000 mm, 99.2300 mm): Reference field of R51
[silk_overlap]: Silkscreen clearance (board setup constraints silk clearance 0.1500 mm; actual 0.0287 mm)
    Rule: board setup constraints silk; warning
    @(129.4975 mm, 99.2300 mm): Reference field of R19
    @(129.2000 mm, 98.5700 mm): Reference field of R2
[silk_overlap]: Silkscreen clearance (board setup constraints silk clearance 0.1500 mm; actual 0.0546 mm)
    Rule: board setup constraints silk; warning
    @(129.2000 mm, 98.5700 mm): Reference field of R2
    @(129.0324 mm, 98.0200 mm): Segment of R18 on F.Silkscreen
[silk_overlap]: Silkscreen clearance (board setup constraints silk clearance 0.1500 mm; actual 0.1421 mm)
    Rule: board setup constraints silk; warning
    @(129.4975 mm, 99.2300 mm): Reference field of R19
    @(129.0324 mm, 98.7800 mm): Segment of R18 on F.Silkscreen
[silk_overlap]: Silkscreen clearance (board setup constraints silk clearance 0.1500 mm; actual 0.0000 mm)
    Rule: board setup constraints silk; warning
    @(120.2000 mm, 104.0500 mm): Reference field of U5
    @(121.9100 mm, 103.5100 mm): Segment of U4 on F.Silkscreen
[silk_overlap]: Silkscreen clearance (board setup constraints silk clearance 0.1500 mm; actual 0.1302 mm)
    Rule: board setup constraints silk; warning
    @(121.9100 mm, 103.5100 mm): Segment of U4 on F.Silkscreen
    @(123.1000 mm, 103.3400 mm): Reference field of C13
[silk_overlap]: Silkscreen clearance (board setup constraints silk clearance 0.1500 mm; actual 0.0000 mm)
    Rule: board setup constraints silk; warning
    @(127.6000 mm, 104.9600 mm): Reference field of C40
    @(127.6000 mm, 105.6300 mm): Reference field of R48
[silk_overlap]: Silkscreen clearance (board setup constraints silk clearance 0.1500 mm; actual 0.0000 mm)
    Rule: board setup constraints silk; warning
    @(127.1324 mm, 105.1800 mm): Segment of R47 on F.Silkscreen
    @(127.6000 mm, 105.6300 mm): Reference field of R48
[silk_overlap]: Silkscreen clearance (board setup constraints silk clearance 0.1500 mm; actual 0.0000 mm)
    Rule: board setup constraints silk; warning
    @(128.0300 mm, 106.8000 mm): Reference field of R49
    @(127.6000 mm, 105.6300 mm): Reference field of R48
[silk_overlap]: Silkscreen clearance (board setup constraints silk clearance 0.1500 mm; actual 0.0000 mm)
    Rule: board setup constraints silk; warning
    @(127.7158 mm, 105.4400 mm): Segment of C41 on F.Silkscreen
    @(127.6000 mm, 105.6300 mm): Reference field of R48
[silk_overlap]: Silkscreen clearance (board setup constraints silk clearance 0.1500 mm; actual 0.0000 mm)
    Rule: board setup constraints silk; warning
    @(127.1324 mm, 105.1800 mm): Segment of R47 on F.Silkscreen
    @(127.6000 mm, 104.9600 mm): Reference field of C40

** Found 0 unconnected pads **

** Found 0 Footprint errors **

** Ignored checks **
    - Footprint has no courtyard defined
    - Track endpoint not centered on via
    - Tuning profile track geometries
    - Footprint doesn't match symbol's footprint filters
    - Footprint component type doesn't match footprint pads

** End of Report **
