** Drc report for WSG_1.0.kicad_pcb **
** Created on 2026-08-16T20:15:58 **
** Report includes: Errors, Warnings, Exclusions **

** Found 294 DRC violations **
[clearance]: Clearance violation ( clearance 0.1300 mm; actual 0.0800 mm)
    Local override; error
    @(120.9840 mm, 69.0000 mm): Track [ADC_MISO] on B.Cu, length 0.4066 mm
    @(121.2975 mm, 68.5000 mm): Pad 2 [3V3A] of R28 on B.Cu
[clearance]: Clearance violation ( clearance 0.1300 mm; actual 0.0624 mm)
    Local override; error
    @(121.2975 mm, 68.5000 mm): Pad 2 [3V3A] of R28 on B.Cu
    @(120.3840 mm, 68.4000 mm): Track [ADC_MISO] on B.Cu, length 0.8485 mm
[clearance]: Clearance violation ( clearance 0.1300 mm; actual 0.0800 mm)
    Local override; error
    @(121.3906 mm, 69.0000 mm): Track [ADC_MISO] on B.Cu, length 0.6709 mm
    @(121.2975 mm, 68.5000 mm): Pad 2 [3V3A] of R28 on B.Cu
[npth_inside_courtyard]: NPTH inside courtyard
    Local override; error
    @(139.5950 mm, 73.9400 mm): NPTH pad of J2
    @(138.0000 mm, 72.0000 mm): Footprint U7
[copper_edge_clearance]: Board edge clearance violation (board setup constraints edge clearance 0.5000 mm; actual 0.4650 mm)
    Rule: board setup constraints edge; error
    @(87.0000 mm, 61.0000 mm): Rectangle on Edge.Cuts
    @(118.7000 mm, 61.8325 mm): Pad 2 [3V3A] of C2 on B.Cu
[silk_edge_clearance]: Silkscreen clipped by board edge (board setup constraints silk clearance 0.1500 mm; actual 0.0000 mm)
    Rule: board setup constraints silk; warning
    @(87.0000 mm, 61.0000 mm): Rectangle on Edge.Cuts
    @(84.0500 mm, 79.8500 mm): Segment of J4 on F.Silkscreen
[silk_edge_clearance]: Silkscreen clipped by board edge (board setup constraints silk clearance 0.1500 mm; actual 0.0000 mm)
    Rule: board setup constraints silk; warning
    @(87.0000 mm, 61.0000 mm): Rectangle on Edge.Cuts
    @(91.6500 mm, 85.7500 mm): Segment of J4 on F.Silkscreen
[silk_edge_clearance]: Silkscreen clipped by board edge (board setup constraints silk clearance 0.1500 mm; actual 0.0733 mm)
    Rule: board setup constraints silk; warning
    @(87.0000 mm, 61.0000 mm): Rectangle on Edge.Cuts
    @(116.4500 mm, 60.6100 mm): Reference field of U10
[text_height]: Text height out of range (board setup constraints silk text height min height 0.8000 mm; actual 0.4800 mm)
    Rule: board setup constraints silk text height; warning
    @(92.9398 mm, 81.0240 mm): Reference field of J4
[text_height]: Text height out of range (board setup constraints silk text height min height 0.8000 mm; actual 0.5512 mm)
    Rule: board setup constraints silk text height; warning
    @(116.4500 mm, 60.6100 mm): Reference field of U10
[text_height]: Text height out of range (board setup constraints silk text height min height 0.8000 mm; actual 0.6400 mm)
    Rule: board setup constraints silk text height; warning
    @(138.4720 mm, 74.4864 mm): Reference field of U7
[silk_over_copper]: Silkscreen clipped by solder mask
    Local override; warning
    @(120.7000 mm, 74.1700 mm): Reference field of R25
[silk_over_copper]: Silkscreen clipped by solder mask
    Local override; warning
    @(140.7000 mm, 71.6400 mm): Reference field of C8
[silk_over_copper]: Silkscreen clipped by solder mask
    Local override; warning
    @(118.0600 mm, 76.1000 mm): Reference field of C20
[silk_over_copper]: Silkscreen clipped by solder mask
    Local override; warning
    @(107.5700 mm, 79.5000 mm): Reference field of C17
[silk_over_copper]: Silkscreen clipped by solder mask
    Local override; warning
    @(110.6000 mm, 71.9300 mm): Reference field of R53
[silk_over_copper]: Silkscreen clipped by solder mask
    Local override; warning
    @(101.3000 mm, 67.8300 mm): Reference field of R7
[silk_over_copper]: Silkscreen clipped by solder mask
    Local override; warning
    @(101.3000 mm, 66.8300 mm): Reference field of R9
[silk_over_copper]: Silkscreen clipped by solder mask
    Local override; warning
    @(107.4000 mm, 72.8400 mm): Reference field of C13
[silk_over_copper]: Silkscreen clipped by solder mask
    Local override; warning
    @(98.2000 mm, 66.6700 mm): Reference field of R4
[silk_over_copper]: Silkscreen clipped by solder mask
    Local override; warning
    @(119.2000 mm, 74.1300 mm): Reference field of R55
[silk_over_copper]: Silkscreen clipped by solder mask
    Local override; warning
    @(101.3000 mm, 77.8300 mm): Reference field of R16
[silk_over_copper]: Silkscreen clipped by solder mask
    Local override; warning
    @(98.2000 mm, 66.3300 mm): Reference field of R6
[silk_over_copper]: Silkscreen clipped by solder mask
    Local override; warning
    @(98.2000 mm, 65.3300 mm): Reference field of R10
[silk_over_copper]: Silkscreen clipped by solder mask
    Local override; warning
    @(104.5000 mm, 68.5500 mm): Reference field of U4
[silk_over_copper]: Silkscreen clipped by solder mask
    Local override; warning
    @(102.3400 mm, 69.5100 mm): Polygon of U4 on F.Silkscreen
[silk_over_copper]: Silkscreen clipped by solder mask
    Local override; warning
    @(101.3000 mm, 76.8300 mm): Reference field of R17
[silk_over_copper]: Silkscreen clipped by solder mask
    Local override; warning
    @(109.9000 mm, 69.8300 mm): Reference field of R52
[silk_over_copper]: Silkscreen clipped by solder mask
    Local override; warning
    @(108.8000 mm, 73.8300 mm): Reference field of R48
[silk_over_copper]: Silkscreen clipped by solder mask
    Local override; warning
    @(106.1520 mm, 83.9000 mm): Reference field of TP5
[silk_over_copper]: Silkscreen clipped by solder mask
    Local override; warning
    @(112.0000 mm, 65.6000 mm): Reference field of Y1
[silk_over_copper]: Silkscreen clipped by solder mask
    Local override; warning
    @(114.1300 mm, 64.3000 mm): Reference field of R3
[silk_over_copper]: Silkscreen clipped by solder mask
    Local override; warning
    @(113.4600 mm, 73.3000 mm): Reference field of C42
[silk_over_copper]: Silkscreen clipped by solder mask
    Local override; warning
    @(104.0520 mm, 83.9000 mm): Reference field of TP2
[silk_over_copper]: Silkscreen clipped by solder mask
    Local override; warning
    @(110.0000 mm, 73.1600 mm): Reference field of C41
[silk_over_copper]: Silkscreen clipped by solder mask
    Local override; warning
    @(119.2000 mm, 74.4600 mm): Reference field of C37
[silk_over_copper]: Silkscreen clipped by solder mask
    Local override; warning
    @(110.3000 mm, 68.9600 mm): Reference field of C39
[silk_over_copper]: Silkscreen clipped by solder mask
    Local override; warning
    @(143.6000 mm, 77.5200 mm): Reference field of F1
[silk_over_copper]: Silkscreen clipped by solder mask
    Local override; warning
    @(115.6000 mm, 65.1500 mm): Reference field of U1
[silk_over_copper]: Silkscreen clipped by solder mask
    Local override; warning
    @(111.7300 mm, 66.1000 mm): Reference field of R1
[silk_over_copper]: Silkscreen clipped by solder mask
    Local override; warning
    @(113.1300 mm, 64.7000 mm): Reference field of R2
[silk_over_copper]: Silkscreen clipped by solder mask
    Local override; warning
    @(119.2000 mm, 75.4700 mm): Reference field of R58
[silk_over_copper]: Silkscreen clipped by solder mask
    Local override; warning
    @(105.2000 mm, 72.5400 mm): Reference field of C35
[silk_over_copper]: Silkscreen clipped by solder mask
    Local override; warning
    @(135.7300 mm, 73.0000 mm): Reference field of R40
[silk_over_copper]: Silkscreen clipped by solder mask
    Local override; warning
    @(114.7300 mm, 75.8000 mm): Reference field of R27
[silk_over_copper]: Silkscreen clipped by solder mask
    Local override; warning
    @(101.4000 mm, 71.8300 mm): Reference field of R13
[silk_over_copper]: Silkscreen clipped by solder mask
    Local override; warning
    @(104.5000 mm, 73.5500 mm): Reference field of U5
[silk_over_copper]: Silkscreen clipped by solder mask
    Local override; warning
    @(102.3400 mm, 74.5100 mm): Polygon of U5 on F.Silkscreen
[silk_over_copper]: Silkscreen clipped by solder mask
    Local override; warning
    @(111.3000 mm, 66.7700 mm): Reference field of R22
[silk_over_copper]: Silkscreen clipped by solder mask
    Local override; warning
    @(101.8520 mm, 83.9000 mm): Reference field of TP1
[silk_over_copper]: Silkscreen clipped by solder mask
    Local override; warning
    @(128.5300 mm, 83.6000 mm): Reference field of R34
[silk_over_copper]: Silkscreen clipped by solder mask
    Local override; warning
    @(128.3000 mm, 74.5000 mm): Reference field of U15
[silk_over_copper]: Silkscreen clipped by solder mask
    Local override; warning
    @(112.4000 mm, 73.8400 mm): Reference field of C24
[silk_over_copper]: Silkscreen clipped by solder mask
    Local override; warning
    @(101.4000 mm, 72.8300 mm): Reference field of R12
[silk_over_copper]: Silkscreen clipped by solder mask
    Local override; warning
    @(111.3000 mm, 65.6300 mm): Reference field of R51
[silk_over_copper]: Silkscreen clipped by solder mask
    Local override; warning
    @(113.7400 mm, 75.3000 mm): Reference field of C23
[silk_over_copper]: Silkscreen clipped by solder mask
    Local override; warning
    @(104.4000 mm, 67.5400 mm): Reference field of C25
[silk_over_copper]: Silkscreen clipped by solder mask
    Local override; warning
    @(138.0700 mm, 68.2000 mm): Reference field of R41
[silk_over_copper]: Silkscreen clipped by solder mask
    Local override; warning
    @(115.1000 mm, 63.2600 mm): Reference field of C29
[silk_over_copper]: Silkscreen clipped by solder mask
    Local override; warning
    @(106.6000 mm, 67.5400 mm): Reference field of C6
[silk_over_copper]: Silkscreen clipped by solder mask
    Local override; warning
    @(104.9900 mm, 81.4500 mm): Polygon of U9 on F.Silkscreen
[silk_over_copper]: Silkscreen clipped by solder mask
    Local override; warning
    @(110.3000 mm, 71.1600 mm): Reference field of C40
[silk_over_copper]: Silkscreen clipped by solder mask
    Local override; warning
    @(108.8000 mm, 63.8300 mm): Reference field of R46
[silk_over_copper]: Silkscreen clipped by solder mask
    Local override; warning
    @(99.6300 mm, 66.0000 mm): Reference field of R8
[silk_over_copper]: Silkscreen clipped by solder mask
    Local override; warning
    @(107.0300 mm, 70.0000 mm): Reference field of R47
[silk_over_copper]: Silkscreen clipped by solder mask
    Local override; warning
    @(119.2000 mm, 75.1300 mm): Reference field of R56
[silk_over_copper]: Silkscreen clipped by solder mask
    Local override; warning
    @(99.7520 mm, 83.8500 mm): Reference field of TP4
[silk_over_copper]: Silkscreen clipped by solder mask
    Local override; warning
    @(110.3000 mm, 67.6300 mm): Reference field of R50
[silk_over_copper]: Silkscreen clipped by solder mask
    Local override; warning
    @(137.6000 mm, 70.8700 mm): Reference field of R14
[silk_over_copper]: Silkscreen clipped by solder mask
    Local override; warning
    @(112.2000 mm, 67.8700 mm): Reference field of R19
[silk_over_copper]: Silkscreen clipped by solder mask
    Local override; warning
    @(114.2615 mm, 62.9790 mm): Reference field of C34
[silk_over_copper]: Silkscreen clipped by solder mask
    Local override; warning
    @(132.3503 mm, 77.0007 mm): Reference field of R20
[silk_over_copper]: Silkscreen clipped by solder mask
    Local override; warning
    @(135.0000 mm, 79.5000 mm): Reference field of U8
[silk_over_copper]: Silkscreen clipped by solder mask
    Local override; warning
    @(120.7000 mm, 70.8300 mm): Reference field of R26
[silk_over_copper]: Silkscreen clipped by solder mask
    Local override; warning
    @(134.8000 mm, 78.2300 mm): Reference field of C15
[silk_over_copper]: Silkscreen clipped by solder mask
    Local override; warning
    @(132.4000 mm, 80.3700 mm): Reference field of R32
[silk_over_copper]: Silkscreen clipped by solder mask
    Local override; warning
    @(94.4800 mm, 84.0700 mm): Reference field of R5
[silk_over_copper]: Silkscreen clipped by solder mask
    Local override; warning
    @(105.2000 mm, 69.8600 mm): Reference field of C31
[silk_over_copper]: Silkscreen clipped by solder mask
    Local override; warning
    @(135.3000 mm, 74.1700 mm): Reference field of R33
[silk_over_copper]: Silkscreen clipped by solder mask
    Local override; warning
    @(134.9000 mm, 69.7700 mm): Reference field of R45
[silk_over_copper]: Silkscreen clipped by solder mask
    Local override; warning
    @(135.3000 mm, 73.1700 mm): Reference field of R37
[silk_over_copper]: Silkscreen clipped by solder mask
    Local override; warning
    @(134.2500 mm, 70.0950 mm): Circle of U11 on B.Silkscreen
[silk_over_copper]: Silkscreen clipped by solder mask
    Local override; warning
    @(120.7000 mm, 72.8300 mm): Reference field of R42
[silk_over_copper]: Silkscreen clipped by solder mask
    Local override; warning
    @(135.3000 mm, 72.1700 mm): Reference field of R36
[silk_over_copper]: Silkscreen clipped by solder mask
    Local override; warning
    @(124.0300 mm, 69.4000 mm): Reference field of C36
[silk_over_copper]: Silkscreen clipped by solder mask
    Local override; warning
    @(104.5000 mm, 68.5500 mm): Reference field of U2
[silk_over_copper]: Silkscreen clipped by solder mask
    Local override; warning
    @(106.6600 mm, 69.5600 mm): Polygon of U2 on B.Silkscreen
[silk_over_copper]: Silkscreen clipped by solder mask
    Local override; warning
    @(114.9700 mm, 69.1000 mm): Reference field of R18
[silk_over_copper]: Silkscreen clipped by solder mask
    Local override; warning
    @(113.7300 mm, 63.2000 mm): Reference field of FB1
[silk_over_copper]: Silkscreen clipped by solder mask
    Local override; warning
    @(134.9000 mm, 70.7600 mm): Reference field of C38
[silk_over_copper]: Silkscreen clipped by solder mask
    Local override; warning
    @(140.7000 mm, 70.6400 mm): Reference field of C12
[silk_over_copper]: Silkscreen clipped by solder mask
    Local override; warning
    @(123.5700 mm, 72.3000 mm): Reference field of R31
[silk_over_copper]: Silkscreen clipped by solder mask
    Local override; warning
    @(101.6000 mm, 70.1600 mm): Reference field of C26
[silk_over_copper]: Silkscreen clipped by solder mask
    Local override; warning
    @(137.2000 mm, 69.7700 mm): Reference field of R44
[silk_over_copper]: Silkscreen clipped by solder mask
    Local override; warning
    @(139.2000 mm, 82.9500 mm): Reference field of U12
[silk_overlap]: Silkscreen clearance (board setup constraints silk clearance 0.1500 mm; actual 0.0000 mm)
    Rule: board setup constraints silk; warning
    @(108.0600 mm, 79.0900 mm): Segment of U9 on F.Silkscreen
    @(107.5700 mm, 79.5000 mm): Reference field of C17
[silk_overlap]: Silkscreen clearance (board setup constraints silk clearance 0.1500 mm; actual 0.1400 mm)
    Rule: board setup constraints silk; warning
    @(107.5700 mm, 79.5000 mm): Reference field of C17
    @(108.0600 mm, 80.9100 mm): Segment of U9 on F.Silkscreen
[silk_overlap]: Silkscreen clearance (board setup constraints silk clearance 0.1500 mm; actual 0.0000 mm)
    Rule: board setup constraints silk; warning
    @(107.5700 mm, 79.5000 mm): Reference field of C17
    @(108.0100 mm, 79.0900 mm): Segment of U9 on F.Silkscreen
[silk_overlap]: Silkscreen clearance (board setup constraints silk clearance 0.1500 mm; actual 0.0000 mm)
    Rule: board setup constraints silk; warning
    @(101.3000 mm, 77.8300 mm): Reference field of R16
    @(101.3000 mm, 76.8300 mm): Reference field of R17
[silk_overlap]: Silkscreen clearance (board setup constraints silk clearance 0.1500 mm; actual 0.0000 mm)
    Rule: board setup constraints silk; warning
    @(101.3000 mm, 77.8300 mm): Reference field of R16
    @(101.1324 mm, 78.3800 mm): Segment of R17 on F.Silkscreen
[silk_overlap]: Silkscreen clearance (board setup constraints silk clearance 0.1500 mm; actual 0.1200 mm)
    Rule: board setup constraints silk; warning
    @(101.1324 mm, 78.3800 mm): Segment of R17 on F.Silkscreen
    @(101.1324 mm, 78.6200 mm): Segment of R16 on F.Silkscreen
[silk_overlap]: Silkscreen clearance (board setup constraints silk clearance 0.1500 mm; actual 0.0000 mm)
    Rule: board setup constraints silk; warning
    @(101.3000 mm, 77.8300 mm): Reference field of R16
    @(101.1324 mm, 77.6200 mm): Segment of R17 on F.Silkscreen
[silk_overlap]: Silkscreen clearance (board setup constraints silk clearance 0.1500 mm; actual 0.0505 mm)
    Rule: board setup constraints silk; warning
    @(101.1800 mm, 76.1676 mm): Segment of R21 on F.Silkscreen
    @(101.3000 mm, 76.8300 mm): Reference field of R17
[silk_overlap]: Silkscreen clearance (board setup constraints silk clearance 0.1500 mm; actual 0.0848 mm)
    Rule: board setup constraints silk; warning
    @(106.1100 mm, 72.4850 mm): Segment of U4 on F.Silkscreen
    @(105.2000 mm, 72.5400 mm): Reference field of C35
[silk_overlap]: Silkscreen clearance (board setup constraints silk clearance 0.1500 mm; actual 0.1228 mm)
    Rule: board setup constraints silk; warning
    @(106.1100 mm, 72.4850 mm): Segment of U4 on F.Silkscreen
    @(107.4000 mm, 72.8400 mm): Reference field of C13
[silk_overlap]: Silkscreen clearance (board setup constraints silk clearance 0.1500 mm; actual 0.0040 mm)
    Rule: board setup constraints silk; warning
    @(106.1100 mm, 72.6100 mm): Segment of U4 on F.Silkscreen
    @(105.2000 mm, 72.5400 mm): Reference field of C35
[silk_overlap]: Silkscreen clearance (board setup constraints silk clearance 0.1500 mm; actual 0.1208 mm)
    Rule: board setup constraints silk; warning
    @(105.2000 mm, 72.5400 mm): Reference field of C35
    @(107.4000 mm, 72.8400 mm): Reference field of C13
[silk_overlap]: Silkscreen clearance (board setup constraints silk clearance 0.1500 mm; actual 0.0000 mm)
    Rule: board setup constraints silk; warning
    @(104.5000 mm, 73.5500 mm): Reference field of U5
    @(105.2000 mm, 72.5400 mm): Reference field of C35
[silk_overlap]: Silkscreen clearance (board setup constraints silk clearance 0.1500 mm; actual 0.1299 mm)
    Rule: board setup constraints silk; warning
    @(106.1100 mm, 72.6100 mm): Segment of U4 on F.Silkscreen
    @(101.4000 mm, 72.8300 mm): Reference field of R12
[silk_overlap]: Silkscreen clearance (board setup constraints silk clearance 0.1500 mm; actual 0.1228 mm)
    Rule: board setup constraints silk; warning
    @(106.1100 mm, 72.6100 mm): Segment of U4 on F.Silkscreen
    @(107.4000 mm, 72.8400 mm): Reference field of C13
[silk_overlap]: Silkscreen clearance (board setup constraints silk clearance 0.1500 mm; actual 0.0933 mm)
    Rule: board setup constraints silk; warning
    @(102.8900 mm, 72.6100 mm): Segment of U4 on F.Silkscreen
    @(101.4000 mm, 72.8300 mm): Reference field of R12
[silk_overlap]: Silkscreen clearance (board setup constraints silk clearance 0.1500 mm; actual 0.1194 mm)
    Rule: board setup constraints silk; warning
    @(101.4000 mm, 71.8300 mm): Reference field of R13
    @(101.4000 mm, 72.8300 mm): Reference field of R12
[silk_overlap]: Silkscreen clearance (board setup constraints silk clearance 0.1500 mm; actual 0.0733 mm)
    Rule: board setup constraints silk; warning
    @(105.0842 mm, 73.3400 mm): Segment of C35 on F.Silkscreen
    @(104.5000 mm, 73.5500 mm): Reference field of U5
[silk_overlap]: Silkscreen clearance (board setup constraints silk clearance 0.1500 mm; actual 0.0000 mm)
    Rule: board setup constraints silk; warning
    @(105.0842 mm, 74.0600 mm): Segment of C35 on F.Silkscreen
    @(104.5000 mm, 73.5500 mm): Reference field of U5
[silk_overlap]: Silkscreen clearance (board setup constraints silk clearance 0.1500 mm; actual 0.1170 mm)
    Rule: board setup constraints silk; warning
    @(110.3000 mm, 71.1600 mm): Reference field of C40
    @(110.6000 mm, 71.9300 mm): Reference field of R53
[silk_overlap]: Silkscreen clearance (board setup constraints silk clearance 0.1500 mm; actual 0.1355 mm)
    Rule: board setup constraints silk; warning
    @(101.4000 mm, 71.8300 mm): Reference field of R13
    @(101.1800 mm, 71.1676 mm): Segment of R11 on F.Silkscreen
[silk_overlap]: Silkscreen clearance (board setup constraints silk clearance 0.1500 mm; actual 0.0573 mm)
    Rule: board setup constraints silk; warning
    @(101.2324 mm, 72.6200 mm): Segment of R13 on F.Silkscreen
    @(101.4000 mm, 72.8300 mm): Reference field of R12
[silk_overlap]: Silkscreen clearance (board setup constraints silk clearance 0.1500 mm; actual 0.0000 mm)
    Rule: board setup constraints silk; warning
    @(101.4000 mm, 72.8300 mm): Reference field of R12
    @(101.2324 mm, 73.3800 mm): Segment of R13 on F.Silkscreen
[silk_overlap]: Silkscreen clearance (board setup constraints silk clearance 0.1500 mm; actual 0.1200 mm)
    Rule: board setup constraints silk; warning
    @(101.2324 mm, 73.3800 mm): Segment of R13 on F.Silkscreen
    @(101.2324 mm, 73.6200 mm): Segment of R12 on F.Silkscreen
[silk_overlap]: Silkscreen clearance (board setup constraints silk clearance 0.1500 mm; actual 0.0000 mm)
    Rule: board setup constraints silk; warning
    @(101.3000 mm, 77.8300 mm): Reference field of R16
    @(99.6300 mm, 76.0000 mm): Reference field of R21
[silk_overlap]: Silkscreen clearance (board setup constraints silk clearance 0.1500 mm; actual 0.1409 mm)
    Rule: board setup constraints silk; warning
    @(101.3000 mm, 76.8300 mm): Reference field of R17
    @(99.6300 mm, 76.0000 mm): Reference field of R21
[silk_overlap]: Silkscreen clearance (board setup constraints silk clearance 0.1500 mm; actual 0.1359 mm)
    Rule: board setup constraints silk; warning
    @(96.7300 mm, 63.5000 mm): Reference field of R49
    @(98.2000 mm, 65.3300 mm): Reference field of R10
[silk_overlap]: Silkscreen clearance (board setup constraints silk clearance 0.1500 mm; actual 0.0000 mm)
    Rule: board setup constraints silk; warning
    @(100.4200 mm, 76.1676 mm): Segment of R21 on F.Silkscreen
    @(101.3000 mm, 76.8300 mm): Reference field of R17
[silk_overlap]: Silkscreen clearance (board setup constraints silk clearance 0.1500 mm; actual 0.0450 mm)
    Rule: board setup constraints silk; warning
    @(98.2000 mm, 66.6700 mm): Reference field of R4
    @(98.2000 mm, 66.3300 mm): Reference field of R6
[silk_overlap]: Silkscreen clearance (board setup constraints silk clearance 0.1500 mm; actual 0.0000 mm)
    Rule: board setup constraints silk; warning
    @(98.0324 mm, 67.1200 mm): Segment of R6 on F.Silkscreen
    @(98.2000 mm, 66.6700 mm): Reference field of R4
[silk_overlap]: Silkscreen clearance (board setup constraints silk clearance 0.1500 mm; actual 0.0046 mm)
    Rule: board setup constraints silk; warning
    @(98.0324 mm, 66.8800 mm): Segment of R10 on F.Silkscreen
    @(98.2000 mm, 66.6700 mm): Reference field of R4
[silk_overlap]: Silkscreen clearance (board setup constraints silk clearance 0.1500 mm; actual 0.0000 mm)
    Rule: board setup constraints silk; warning
    @(98.0324 mm, 66.8800 mm): Segment of R10 on F.Silkscreen
    @(98.2000 mm, 66.3300 mm): Reference field of R6
[silk_overlap]: Silkscreen clearance (board setup constraints silk clearance 0.1500 mm; actual 0.0000 mm)
    Rule: board setup constraints silk; warning
    @(98.2000 mm, 66.3300 mm): Reference field of R6
    @(98.0324 mm, 66.1200 mm): Segment of R10 on F.Silkscreen
[silk_overlap]: Silkscreen clearance (board setup constraints silk clearance 0.1500 mm; actual 0.0000 mm)
    Rule: board setup constraints silk; warning
    @(98.2000 mm, 66.6700 mm): Reference field of R4
    @(98.0324 mm, 66.1200 mm): Segment of R10 on F.Silkscreen
[silk_overlap]: Silkscreen clearance (board setup constraints silk clearance 0.1500 mm; actual 0.0000 mm)
    Rule: board setup constraints silk; warning
    @(98.2000 mm, 65.3300 mm): Reference field of R10
    @(98.2000 mm, 66.3300 mm): Reference field of R6
[silk_overlap]: Silkscreen clearance (board setup constraints silk clearance 0.1500 mm; actual 0.0000 mm)
    Rule: board setup constraints silk; warning
    @(98.3676 mm, 65.8800 mm): Segment of R4 on F.Silkscreen
    @(98.2000 mm, 66.3300 mm): Reference field of R6
[silk_overlap]: Silkscreen clearance (board setup constraints silk clearance 0.1500 mm; actual 0.0437 mm)
    Rule: board setup constraints silk; warning
    @(101.4000 mm, 71.8300 mm): Reference field of R13
    @(99.6300 mm, 71.0000 mm): Reference field of R11
[silk_overlap]: Silkscreen clearance (board setup constraints silk clearance 0.1500 mm; actual 0.0000 mm)
    Rule: board setup constraints silk; warning
    @(101.4000 mm, 71.8300 mm): Reference field of R13
    @(100.4200 mm, 71.1676 mm): Segment of R11 on F.Silkscreen
[silk_overlap]: Silkscreen clearance (board setup constraints silk clearance 0.1500 mm; actual 0.0000 mm)
    Rule: board setup constraints silk; warning
    @(101.4000 mm, 72.8300 mm): Reference field of R12
    @(99.6300 mm, 71.0000 mm): Reference field of R11
[silk_overlap]: Silkscreen clearance (board setup constraints silk clearance 0.1500 mm; actual 0.0000 mm)
    Rule: board setup constraints silk; warning
    @(101.3000 mm, 67.8300 mm): Reference field of R7
    @(101.1324 mm, 68.3800 mm): Segment of R9 on F.Silkscreen
[silk_overlap]: Silkscreen clearance (board setup constraints silk clearance 0.1500 mm; actual 0.0000 mm)
    Rule: board setup constraints silk; warning
    @(101.3000 mm, 66.8300 mm): Reference field of R9
    @(101.3000 mm, 67.8300 mm): Reference field of R7
[silk_overlap]: Silkscreen clearance (board setup constraints silk clearance 0.1500 mm; actual 0.0000 mm)
    Rule: board setup constraints silk; warning
    @(101.3000 mm, 67.8300 mm): Reference field of R7
    @(101.1324 mm, 67.6200 mm): Segment of R9 on F.Silkscreen
[silk_overlap]: Silkscreen clearance (board setup constraints silk clearance 0.1500 mm; actual 0.1295 mm)
    Rule: board setup constraints silk; warning
    @(101.3000 mm, 66.8300 mm): Reference field of R9
    @(101.1800 mm, 66.1676 mm): Segment of R8 on F.Silkscreen
[silk_overlap]: Silkscreen clearance (board setup constraints silk clearance 0.1500 mm; actual 0.1200 mm)
    Rule: board setup constraints silk; warning
    @(101.1324 mm, 68.6200 mm): Segment of R7 on F.Silkscreen
    @(101.1324 mm, 68.3800 mm): Segment of R9 on F.Silkscreen
[silk_overlap]: Silkscreen clearance (board setup constraints silk clearance 0.1500 mm; actual 0.1070 mm)
    Rule: board setup constraints silk; warning
    @(104.4000 mm, 67.5400 mm): Reference field of C25
    @(106.1100 mm, 67.6100 mm): Segment of U3 on F.Silkscreen
[silk_overlap]: Silkscreen clearance (board setup constraints silk clearance 0.1500 mm; actual 0.1131 mm)
    Rule: board setup constraints silk; warning
    @(102.8900 mm, 67.6100 mm): Segment of U3 on F.Silkscreen
    @(104.4000 mm, 67.5400 mm): Reference field of C25
[silk_overlap]: Silkscreen clearance (board setup constraints silk clearance 0.1500 mm; actual 0.0171 mm)
    Rule: board setup constraints silk; warning
    @(104.5000 mm, 68.5500 mm): Reference field of U4
    @(104.2842 mm, 69.0600 mm): Segment of C25 on F.Silkscreen
[silk_overlap]: Silkscreen clearance (board setup constraints silk clearance 0.1500 mm; actual 0.0000 mm)
    Rule: board setup constraints silk; warning
    @(104.2842 mm, 68.3400 mm): Segment of C25 on F.Silkscreen
    @(104.5000 mm, 68.5500 mm): Reference field of U4
[silk_overlap]: Silkscreen clearance (board setup constraints silk clearance 0.1500 mm; actual 0.0120 mm)
    Rule: board setup constraints silk; warning
    @(104.5000 mm, 68.5500 mm): Reference field of U4
    @(104.4000 mm, 67.5400 mm): Reference field of C25
[silk_overlap]: Silkscreen clearance (board setup constraints silk clearance 0.1500 mm; actual 0.1070 mm)
    Rule: board setup constraints silk; warning
    @(106.6000 mm, 67.5400 mm): Reference field of C6
    @(106.1100 mm, 67.6100 mm): Segment of U3 on F.Silkscreen
[silk_overlap]: Silkscreen clearance (board setup constraints silk clearance 0.1500 mm; actual 0.1022 mm)
    Rule: board setup constraints silk; warning
    @(106.6000 mm, 67.5400 mm): Reference field of C6
    @(104.4000 mm, 67.5400 mm): Reference field of C25
[silk_overlap]: Silkscreen clearance (board setup constraints silk clearance 0.1500 mm; actual 0.1413 mm)
    Rule: board setup constraints silk; warning
    @(106.1100 mm, 67.4850 mm): Segment of U3 on F.Silkscreen
    @(106.6000 mm, 67.5400 mm): Reference field of C6
[silk_overlap]: Silkscreen clearance (board setup constraints silk clearance 0.1500 mm; actual 0.0000 mm)
    Rule: board setup constraints silk; warning
    @(104.1000 mm, 80.0000 mm): Reference field of U9
    @(103.8000 mm, 80.4400 mm): Reference field of C16
[silk_overlap]: Silkscreen clearance (board setup constraints silk clearance 0.1500 mm; actual 0.0000 mm)
    Rule: board setup constraints silk; warning
    @(103.8000 mm, 80.4400 mm): Reference field of C16
    @(104.9400 mm, 80.9100 mm): Segment of U9 on F.Silkscreen
[silk_overlap]: Silkscreen clearance (board setup constraints silk clearance 0.1500 mm; actual 0.1245 mm)
    Rule: board setup constraints silk; warning
    @(103.8000 mm, 80.4400 mm): Reference field of C16
    @(104.9900 mm, 80.9100 mm): Segment of U9 on F.Silkscreen
[silk_overlap]: Silkscreen clearance (board setup constraints silk clearance 0.1500 mm; actual 0.0000 mm)
    Rule: board setup constraints silk; warning
    @(106.2000 mm, 84.6000 mm): Segment of TP2 on F.Silkscreen
    @(106.1520 mm, 83.9000 mm): Reference field of TP5
[silk_overlap]: Silkscreen clearance (board setup constraints silk clearance 0.1500 mm; actual 0.1412 mm)
    Rule: board setup constraints silk; warning
    @(106.2000 mm, 83.2000 mm): Segment of TP2 on F.Silkscreen
    @(106.1520 mm, 83.9000 mm): Reference field of TP5
[silk_overlap]: Silkscreen clearance (board setup constraints silk clearance 0.1500 mm; actual 0.0000 mm)
    Rule: board setup constraints silk; warning
    @(106.1520 mm, 83.9000 mm): Reference field of TP5
    @(104.8000 mm, 83.2000 mm): Segment of TP2 on F.Silkscreen
[silk_overlap]: Silkscreen clearance (board setup constraints silk clearance 0.1500 mm; actual 0.0000 mm)
    Rule: board setup constraints silk; warning
    @(98.4000 mm, 83.1500 mm): Segment of TP3 on F.Silkscreen
    @(99.7520 mm, 83.8500 mm): Reference field of TP4
[silk_overlap]: Silkscreen clearance (board setup constraints silk clearance 0.1500 mm; actual 0.0000 mm)
    Rule: board setup constraints silk; warning
    @(99.7520 mm, 83.8500 mm): Reference field of TP4
    @(99.8000 mm, 83.1500 mm): Segment of TP3 on F.Silkscreen
[silk_overlap]: Silkscreen clearance (board setup constraints silk clearance 0.1500 mm; actual 0.0000 mm)
    Rule: board setup constraints silk; warning
    @(99.8000 mm, 84.5500 mm): Segment of TP3 on F.Silkscreen
    @(99.7520 mm, 83.8500 mm): Reference field of TP4
[silk_overlap]: Silkscreen clearance (board setup constraints silk clearance 0.1500 mm; actual 0.1412 mm)
    Rule: board setup constraints silk; warning
    @(104.0000 mm, 83.2000 mm): Segment of TP1 on F.Silkscreen
    @(104.0520 mm, 83.9000 mm): Reference field of TP2
[silk_overlap]: Silkscreen clearance (board setup constraints silk clearance 0.1500 mm; actual 0.1412 mm)
    Rule: board setup constraints silk; warning
    @(104.0000 mm, 84.6000 mm): Segment of TP1 on F.Silkscreen
    @(104.0520 mm, 83.9000 mm): Reference field of TP2
[silk_overlap]: Silkscreen clearance (board setup constraints silk clearance 0.1500 mm; actual 0.0000 mm)
    Rule: board setup constraints silk; warning
    @(101.9000 mm, 84.5500 mm): Segment of TP4 on F.Silkscreen
    @(101.8520 mm, 83.9000 mm): Reference field of TP1
[silk_overlap]: Silkscreen clearance (board setup constraints silk clearance 0.1500 mm; actual 0.0000 mm)
    Rule: board setup constraints silk; warning
    @(101.8520 mm, 83.9000 mm): Reference field of TP1
    @(101.9000 mm, 83.1500 mm): Segment of TP4 on F.Silkscreen
[silk_overlap]: Silkscreen clearance (board setup constraints silk clearance 0.1500 mm; actual 0.0000 mm)
    Rule: board setup constraints silk; warning
    @(102.6000 mm, 83.2000 mm): Segment of TP1 on F.Silkscreen
    @(104.0520 mm, 83.9000 mm): Reference field of TP2
[silk_overlap]: Silkscreen clearance (board setup constraints silk clearance 0.1500 mm; actual 0.0000 mm)
    Rule: board setup constraints silk; warning
    @(101.8520 mm, 83.9000 mm): Reference field of TP1
    @(100.5000 mm, 83.1500 mm): Segment of TP4 on F.Silkscreen
[silk_overlap]: Silkscreen clearance (board setup constraints silk clearance 0.1500 mm; actual 0.1341 mm)
    Rule: board setup constraints silk; warning
    @(106.1100 mm, 79.0900 mm): Segment of U9 on F.Silkscreen
    @(107.5700 mm, 79.5000 mm): Reference field of C17
[silk_overlap]: Silkscreen clearance (board setup constraints silk clearance 0.1500 mm; actual 0.0000 mm)
    Rule: board setup constraints silk; warning
    @(109.9000 mm, 69.8300 mm): Reference field of R52
    @(110.3000 mm, 68.9600 mm): Reference field of C39
[silk_overlap]: Silkscreen clearance (board setup constraints silk clearance 0.1500 mm; actual 0.0126 mm)
    Rule: board setup constraints silk; warning
    @(110.4158 mm, 70.3600 mm): Segment of C40 on F.Silkscreen
    @(109.9000 mm, 69.8300 mm): Reference field of R52
[silk_overlap]: Silkscreen clearance (board setup constraints silk clearance 0.1500 mm; actual 0.0000 mm)
    Rule: board setup constraints silk; warning
    @(109.9000 mm, 69.8300 mm): Reference field of R52
    @(108.5800 mm, 70.1676 mm): Segment of R47 on F.Silkscreen
[silk_overlap]: Silkscreen clearance (board setup constraints silk clearance 0.1500 mm; actual 0.0334 mm)
    Rule: board setup constraints silk; warning
    @(110.1324 mm, 69.1800 mm): Segment of R50 on F.Silkscreen
    @(110.3000 mm, 68.9600 mm): Reference field of C39
[silk_overlap]: Silkscreen clearance (board setup constraints silk clearance 0.1500 mm; actual 0.0902 mm)
    Rule: board setup constraints silk; warning
    @(110.4158 mm, 69.6400 mm): Segment of C40 on F.Silkscreen
    @(110.3000 mm, 68.9600 mm): Reference field of C39
[silk_overlap]: Silkscreen clearance (board setup constraints silk clearance 0.1500 mm; actual 0.0000 mm)
    Rule: board setup constraints silk; warning
    @(109.9000 mm, 69.8300 mm): Reference field of R52
    @(110.4158 mm, 69.6400 mm): Segment of C40 on F.Silkscreen
[silk_overlap]: Silkscreen clearance (board setup constraints silk clearance 0.1500 mm; actual 0.0000 mm)
    Rule: board setup constraints silk; warning
    @(110.1324 mm, 69.1800 mm): Segment of R50 on F.Silkscreen
    @(109.9000 mm, 69.8300 mm): Reference field of R52
[silk_overlap]: Silkscreen clearance (board setup constraints silk clearance 0.1500 mm; actual 0.0000 mm)
    Rule: board setup constraints silk; warning
    @(108.8000 mm, 63.8300 mm): Reference field of R46
    @(107.4000 mm, 62.8400 mm): Reference field of C1
[silk_overlap]: Silkscreen clearance (board setup constraints silk clearance 0.1500 mm; actual 0.0000 mm)
    Rule: board setup constraints silk; warning
    @(108.8000 mm, 63.8300 mm): Reference field of R46
    @(107.2842 mm, 63.6400 mm): Segment of C1 on F.Silkscreen
[silk_overlap]: Silkscreen clearance (board setup constraints silk clearance 0.1500 mm; actual 0.0000 mm)
    Rule: board setup constraints silk; warning
    @(108.8000 mm, 63.8300 mm): Reference field of R46
    @(107.2842 mm, 64.3600 mm): Segment of C1 on F.Silkscreen
[silk_overlap]: Silkscreen clearance (board setup constraints silk clearance 0.1500 mm; actual 0.0864 mm)
    Rule: board setup constraints silk; warning
    @(111.3000 mm, 65.6300 mm): Reference field of R51
    @(111.3000 mm, 66.7700 mm): Reference field of R22
[silk_overlap]: Silkscreen clearance (board setup constraints silk clearance 0.1500 mm; actual 0.0000 mm)
    Rule: board setup constraints silk; warning
    @(112.0000 mm, 65.6000 mm): Reference field of Y1
    @(111.3000 mm, 65.6300 mm): Reference field of R51
[silk_overlap]: Silkscreen clearance (board setup constraints silk clearance 0.1500 mm; actual 0.0002 mm)
    Rule: board setup constraints silk; warning
    @(111.3000 mm, 65.6300 mm): Reference field of R51
    @(111.4676 mm, 65.2200 mm): Segment of R22 on F.Silkscreen
[silk_overlap]: Silkscreen clearance (board setup constraints silk clearance 0.1500 mm; actual 0.0018 mm)
    Rule: board setup constraints silk; warning
    @(111.3000 mm, 65.6300 mm): Reference field of R51
    @(111.7300 mm, 66.1000 mm): Reference field of R1
[silk_overlap]: Silkscreen clearance (board setup constraints silk clearance 0.1500 mm; actual 0.0308 mm)
    Rule: board setup constraints silk; warning
    @(111.4676 mm, 65.9800 mm): Segment of R22 on F.Silkscreen
    @(111.3000 mm, 65.6300 mm): Reference field of R51
[silk_overlap]: Silkscreen clearance (board setup constraints silk clearance 0.1500 mm; actual 0.1016 mm)
    Rule: board setup constraints silk; warning
    @(110.4158 mm, 67.4400 mm): Segment of C39 on F.Silkscreen
    @(111.3000 mm, 66.7700 mm): Reference field of R22
[silk_overlap]: Silkscreen clearance (board setup constraints silk clearance 0.1500 mm; actual 0.0000 mm)
    Rule: board setup constraints silk; warning
    @(110.4158 mm, 67.4400 mm): Segment of C39 on F.Silkscreen
    @(110.3000 mm, 67.6300 mm): Reference field of R50
[silk_overlap]: Silkscreen clearance (board setup constraints silk clearance 0.1500 mm; actual 0.0000 mm)
    Rule: board setup constraints silk; warning
    @(110.3000 mm, 67.6300 mm): Reference field of R50
    @(111.3000 mm, 66.7700 mm): Reference field of R22
[silk_overlap]: Silkscreen clearance (board setup constraints silk clearance 0.1500 mm; actual 0.0024 mm)
    Rule: board setup constraints silk; warning
    @(111.1324 mm, 66.4200 mm): Segment of R51 on F.Silkscreen
    @(111.3000 mm, 66.7700 mm): Reference field of R22
[silk_overlap]: Silkscreen clearance (board setup constraints silk clearance 0.1500 mm; actual 0.0507 mm)
    Rule: board setup constraints silk; warning
    @(111.7300 mm, 66.1000 mm): Reference field of R1
    @(111.3000 mm, 66.7700 mm): Reference field of R22
[silk_overlap]: Silkscreen clearance (board setup constraints silk clearance 0.1500 mm; actual 0.1098 mm)
    Rule: board setup constraints silk; warning
    @(111.4676 mm, 65.9800 mm): Segment of R22 on F.Silkscreen
    @(111.3000 mm, 66.7700 mm): Reference field of R22
[silk_overlap]: Silkscreen clearance (board setup constraints silk clearance 0.1500 mm; actual 0.0497 mm)
    Rule: board setup constraints silk; warning
    @(112.0000 mm, 65.6000 mm): Reference field of Y1
    @(111.3000 mm, 66.7700 mm): Reference field of R22
[silk_overlap]: Silkscreen clearance (board setup constraints silk clearance 0.1500 mm; actual 0.0000 mm)
    Rule: board setup constraints silk; warning
    @(111.1324 mm, 67.1800 mm): Segment of R51 on F.Silkscreen
    @(111.3000 mm, 66.7700 mm): Reference field of R22
[silk_overlap]: Silkscreen clearance (board setup constraints silk clearance 0.1500 mm; actual 0.1089 mm)
    Rule: board setup constraints silk; warning
    @(111.7300 mm, 66.1000 mm): Reference field of R1
    @(111.1324 mm, 66.4200 mm): Segment of R51 on F.Silkscreen
[silk_overlap]: Silkscreen clearance (board setup constraints silk clearance 0.1500 mm; actual 0.0000 mm)
    Rule: board setup constraints silk; warning
    @(111.1324 mm, 67.1800 mm): Segment of R51 on F.Silkscreen
    @(110.3000 mm, 67.6300 mm): Reference field of R50
[silk_overlap]: Silkscreen clearance (board setup constraints silk clearance 0.1500 mm; actual 0.0967 mm)
    Rule: board setup constraints silk; warning
    @(111.7300 mm, 66.1000 mm): Reference field of R1
    @(110.3000 mm, 67.6300 mm): Reference field of R50
[silk_overlap]: Silkscreen clearance (board setup constraints silk clearance 0.1500 mm; actual 0.1198 mm)
    Rule: board setup constraints silk; warning
    @(110.4158 mm, 68.1600 mm): Segment of C39 on F.Silkscreen
    @(110.3000 mm, 68.9600 mm): Reference field of C39
[silk_overlap]: Silkscreen clearance (board setup constraints silk clearance 0.1500 mm; actual 0.0000 mm)
    Rule: board setup constraints silk; warning
    @(110.1324 mm, 68.4200 mm): Segment of R50 on F.Silkscreen
    @(110.3000 mm, 68.9600 mm): Reference field of C39
[silk_overlap]: Silkscreen clearance (board setup constraints silk clearance 0.1500 mm; actual 0.1400 mm)
    Rule: board setup constraints silk; warning
    @(110.4158 mm, 68.1600 mm): Segment of C39 on F.Silkscreen
    @(110.1324 mm, 68.4200 mm): Segment of R50 on F.Silkscreen
[silk_overlap]: Silkscreen clearance (board setup constraints silk clearance 0.1500 mm; actual 0.0895 mm)
    Rule: board setup constraints silk; warning
    @(110.4158 mm, 68.1600 mm): Segment of C39 on F.Silkscreen
    @(110.3000 mm, 67.6300 mm): Reference field of R50
[silk_overlap]: Silkscreen clearance (board setup constraints silk clearance 0.1500 mm; actual 0.0000 mm)
    Rule: board setup constraints silk; warning
    @(109.7324 mm, 71.3800 mm): Segment of R52 on F.Silkscreen
    @(110.6000 mm, 71.9300 mm): Reference field of R53
[silk_overlap]: Silkscreen clearance (board setup constraints silk clearance 0.1500 mm; actual 0.0738 mm)
    Rule: board setup constraints silk; warning
    @(110.1158 mm, 71.6400 mm): Segment of C41 on F.Silkscreen
    @(110.6000 mm, 71.9300 mm): Reference field of R53
[silk_overlap]: Silkscreen clearance (board setup constraints silk clearance 0.1500 mm; actual 0.0236 mm)
    Rule: board setup constraints silk; warning
    @(109.7324 mm, 71.3800 mm): Segment of R52 on F.Silkscreen
    @(110.3000 mm, 71.1600 mm): Reference field of C40
[silk_overlap]: Silkscreen clearance (board setup constraints silk clearance 0.1500 mm; actual 0.1400 mm)
    Rule: board setup constraints silk; warning
    @(110.1158 mm, 71.6400 mm): Segment of C41 on F.Silkscreen
    @(109.7324 mm, 71.3800 mm): Segment of R52 on F.Silkscreen
[silk_overlap]: Silkscreen clearance (board setup constraints silk clearance 0.1500 mm; actual 0.0722 mm)
    Rule: board setup constraints silk; warning
    @(110.4158 mm, 70.3600 mm): Segment of C40 on F.Silkscreen
    @(110.3000 mm, 71.1600 mm): Reference field of C40
[silk_overlap]: Silkscreen clearance (board setup constraints silk clearance 0.1500 mm; actual 0.0000 mm)
    Rule: board setup constraints silk; warning
    @(109.7324 mm, 70.6200 mm): Segment of R52 on F.Silkscreen
    @(110.3000 mm, 71.1600 mm): Reference field of C40
[silk_overlap]: Silkscreen clearance (board setup constraints silk clearance 0.1500 mm; actual 0.0000 mm)
    Rule: board setup constraints silk; warning
    @(107.4000 mm, 72.8400 mm): Reference field of C13
    @(108.8000 mm, 73.8300 mm): Reference field of R48
[silk_overlap]: Silkscreen clearance (board setup constraints silk clearance 0.1500 mm; actual 0.0000 mm)
    Rule: board setup constraints silk; warning
    @(107.2842 mm, 73.6400 mm): Segment of C13 on F.Silkscreen
    @(108.8000 mm, 73.8300 mm): Reference field of R48
[silk_overlap]: Silkscreen clearance (board setup constraints silk clearance 0.1500 mm; actual 0.0000 mm)
    Rule: board setup constraints silk; warning
    @(108.8000 mm, 73.8300 mm): Reference field of R48
    @(107.2842 mm, 74.3600 mm): Segment of C13 on F.Silkscreen
[silk_overlap]: Silkscreen clearance (board setup constraints silk clearance 0.1500 mm; actual 0.0826 mm)
    Rule: board setup constraints silk; warning
    @(110.0000 mm, 73.1600 mm): Reference field of C41
    @(108.8000 mm, 73.8300 mm): Reference field of R48
[silk_overlap]: Silkscreen clearance (board setup constraints silk clearance 0.1500 mm; actual 0.1220 mm)
    Rule: board setup constraints silk; warning
    @(110.1158 mm, 71.6400 mm): Segment of C41 on F.Silkscreen
    @(110.3000 mm, 71.1600 mm): Reference field of C40
[silk_overlap]: Silkscreen clearance (board setup constraints silk clearance 0.1500 mm; actual 0.1087 mm)
    Rule: board setup constraints silk; warning
    @(112.0000 mm, 65.6000 mm): Reference field of Y1
    @(111.7300 mm, 66.1000 mm): Reference field of R1
[silk_overlap]: Silkscreen clearance (board setup constraints silk clearance 0.1500 mm; actual 0.0000 mm)
    Rule: board setup constraints silk; warning
    @(111.4676 mm, 65.9800 mm): Segment of R22 on F.Silkscreen
    @(112.0000 mm, 65.6000 mm): Reference field of Y1
[silk_overlap]: Silkscreen clearance (board setup constraints silk clearance 0.1500 mm; actual 0.0000 mm)
    Rule: board setup constraints silk; warning
    @(112.0000 mm, 65.6000 mm): Reference field of Y1
    @(111.4676 mm, 65.2200 mm): Segment of R22 on F.Silkscreen
[silk_overlap]: Silkscreen clearance (board setup constraints silk clearance 0.1500 mm; actual 0.0062 mm)
    Rule: board setup constraints silk; warning
    @(112.0000 mm, 65.6000 mm): Reference field of Y1
    @(113.1300 mm, 64.7000 mm): Reference field of R2
[silk_overlap]: Silkscreen clearance (board setup constraints silk clearance 0.1500 mm; actual 0.0000 mm)
    Rule: board setup constraints silk; warning
    @(112.0000 mm, 65.6000 mm): Reference field of Y1
    @(112.5200 mm, 66.2676 mm): Segment of R1 on F.Silkscreen
[silk_overlap]: Silkscreen clearance (board setup constraints silk clearance 0.1500 mm; actual 0.1088 mm)
    Rule: board setup constraints silk; warning
    @(112.5200 mm, 66.2676 mm): Segment of R1 on F.Silkscreen
    @(111.3000 mm, 65.6300 mm): Reference field of R51
[silk_overlap]: Silkscreen clearance (board setup constraints silk clearance 0.1500 mm; actual 0.0000 mm)
    Rule: board setup constraints silk; warning
    @(106.4842 mm, 69.0600 mm): Segment of C6 on F.Silkscreen
    @(107.0300 mm, 70.0000 mm): Reference field of R47
[silk_overlap]: Silkscreen clearance (board setup constraints silk clearance 0.1500 mm; actual 0.0490 mm)
    Rule: board setup constraints silk; warning
    @(101.3000 mm, 66.8300 mm): Reference field of R9
    @(100.4200 mm, 66.1676 mm): Segment of R8 on F.Silkscreen
[silk_overlap]: Silkscreen clearance (board setup constraints silk clearance 0.1500 mm; actual 0.0000 mm)
    Rule: board setup constraints silk; warning
    @(99.6300 mm, 66.0000 mm): Reference field of R8
    @(98.2000 mm, 66.6700 mm): Reference field of R4
[silk_overlap]: Silkscreen clearance (board setup constraints silk clearance 0.1500 mm; actual 0.1433 mm)
    Rule: board setup constraints silk; warning
    @(99.6300 mm, 66.0000 mm): Reference field of R8
    @(98.2000 mm, 66.3300 mm): Reference field of R6
[silk_overlap]: Silkscreen clearance (board setup constraints silk clearance 0.1500 mm; actual 0.1200 mm)
    Rule: board setup constraints silk; warning
    @(98.0324 mm, 67.1200 mm): Segment of R6 on F.Silkscreen
    @(98.0324 mm, 66.8800 mm): Segment of R10 on F.Silkscreen
[silk_overlap]: Silkscreen clearance (board setup constraints silk clearance 0.1500 mm; actual 0.0000 mm)
    Rule: board setup constraints silk; warning
    @(98.3676 mm, 65.8800 mm): Segment of R4 on F.Silkscreen
    @(98.2000 mm, 65.3300 mm): Reference field of R10
[silk_overlap]: Silkscreen clearance (board setup constraints silk clearance 0.1500 mm; actual 0.1200 mm)
    Rule: board setup constraints silk; warning
    @(98.3676 mm, 65.8800 mm): Segment of R4 on F.Silkscreen
    @(98.0324 mm, 66.1200 mm): Segment of R10 on F.Silkscreen
[silk_overlap]: Silkscreen clearance (board setup constraints silk clearance 0.1500 mm; actual 0.0000 mm)
    Rule: board setup constraints silk; warning
    @(98.2000 mm, 65.3300 mm): Reference field of R10
    @(98.3676 mm, 65.1200 mm): Segment of R4 on F.Silkscreen
[silk_overlap]: Silkscreen clearance (board setup constraints silk clearance 0.1500 mm; actual 0.0000 mm)
    Rule: board setup constraints silk; warning
    @(99.6300 mm, 66.0000 mm): Reference field of R8
    @(98.2000 mm, 65.3300 mm): Reference field of R10
[silk_overlap]: Silkscreen clearance (board setup constraints silk clearance 0.1500 mm; actual 0.0965 mm)
    Rule: board setup constraints silk; warning
    @(110.0000 mm, 73.1600 mm): Reference field of C41
    @(107.4000 mm, 72.8400 mm): Reference field of C13
[silk_overlap]: Silkscreen clearance (board setup constraints silk clearance 0.1500 mm; actual 0.1358 mm)
    Rule: board setup constraints silk; warning
    @(110.1158 mm, 72.3600 mm): Segment of C41 on F.Silkscreen
    @(110.6000 mm, 71.9300 mm): Reference field of R53
[silk_overlap]: Silkscreen clearance (board setup constraints silk clearance 0.1500 mm; actual 0.0334 mm)
    Rule: board setup constraints silk; warning
    @(110.0000 mm, 73.1600 mm): Reference field of C41
    @(110.6000 mm, 71.9300 mm): Reference field of R53
[silk_overlap]: Silkscreen clearance (board setup constraints silk clearance 0.1500 mm; actual 0.0722 mm)
    Rule: board setup constraints silk; warning
    @(110.0000 mm, 73.1600 mm): Reference field of C41
    @(110.1158 mm, 72.3600 mm): Segment of C41 on F.Silkscreen
[silk_overlap]: Silkscreen clearance (board setup constraints silk clearance 0.1500 mm; actual 0.0736 mm)
    Rule: board setup constraints silk; warning
    @(110.0000 mm, 73.1600 mm): Reference field of C41
    @(110.4324 mm, 72.7200 mm): Segment of R53 on F.Silkscreen
[silk_overlap]: Silkscreen clearance (board setup constraints silk clearance 0.1500 mm; actual 0.0831 mm)
    Rule: board setup constraints silk; warning
    @(110.0000 mm, 73.1600 mm): Reference field of C41
    @(110.4324 mm, 73.4800 mm): Segment of R53 on F.Silkscreen
[silk_overlap]: Silkscreen clearance (board setup constraints silk clearance 0.1500 mm; actual 0.0000 mm)
    Rule: board setup constraints silk; warning
    @(110.0000 mm, 73.1600 mm): Reference field of C41
    @(112.4000 mm, 73.8400 mm): Reference field of C24
[silk_overlap]: Silkscreen clearance (board setup constraints silk clearance 0.1500 mm; actual 0.0955 mm)
    Rule: board setup constraints silk; warning
    @(111.9400 mm, 73.1842 mm): Segment of C42 on F.Silkscreen
    @(112.4000 mm, 73.8400 mm): Reference field of C24
[silk_overlap]: Silkscreen clearance (board setup constraints silk clearance 0.1500 mm; actual 0.0000 mm)
    Rule: board setup constraints silk; warning
    @(113.4600 mm, 73.3000 mm): Reference field of C42
    @(112.9900 mm, 72.6100 mm): Segment of U1 on F.Silkscreen
[silk_overlap]: Silkscreen clearance (board setup constraints silk clearance 0.1500 mm; actual 0.0269 mm)
    Rule: board setup constraints silk; warning
    @(113.4600 mm, 73.3000 mm): Reference field of C42
    @(113.4400 mm, 72.6100 mm): Segment of U1 on F.Silkscreen
[silk_overlap]: Silkscreen clearance (board setup constraints silk clearance 0.1500 mm; actual 0.0060 mm)
    Rule: board setup constraints silk; warning
    @(112.6600 mm, 73.1842 mm): Segment of C42 on F.Silkscreen
    @(112.4000 mm, 73.8400 mm): Reference field of C24
[silk_overlap]: Silkscreen clearance (board setup constraints silk clearance 0.1500 mm; actual 0.1036 mm)
    Rule: board setup constraints silk; warning
    @(113.4600 mm, 73.3000 mm): Reference field of C42
    @(112.4000 mm, 73.8400 mm): Reference field of C24
[silk_overlap]: Silkscreen clearance (board setup constraints silk clearance 0.1500 mm; actual 0.0722 mm)
    Rule: board setup constraints silk; warning
    @(113.4600 mm, 73.3000 mm): Reference field of C42
    @(112.6600 mm, 73.1842 mm): Segment of C42 on F.Silkscreen
[silk_overlap]: Silkscreen clearance (board setup constraints silk clearance 0.1500 mm; actual 0.1234 mm)
    Rule: board setup constraints silk; warning
    @(113.4600 mm, 73.3000 mm): Reference field of C42
    @(113.7400 mm, 75.3000 mm): Reference field of C23
[silk_overlap]: Silkscreen clearance (board setup constraints silk clearance 0.1500 mm; actual 0.0000 mm)
    Rule: board setup constraints silk; warning
    @(113.7400 mm, 75.3000 mm): Reference field of C23
    @(112.4000 mm, 73.8400 mm): Reference field of C24
[silk_overlap]: Silkscreen clearance (board setup constraints silk clearance 0.1500 mm; actual 0.1304 mm)
    Rule: board setup constraints silk; warning
    @(118.0600 mm, 76.1000 mm): Reference field of C20
    @(119.2000 mm, 75.4700 mm): Reference field of R58
[silk_overlap]: Silkscreen clearance (board setup constraints silk clearance 0.1500 mm; actual 0.1304 mm)
    Rule: board setup constraints silk; warning
    @(118.0600 mm, 76.1000 mm): Reference field of C20
    @(119.2000 mm, 75.1300 mm): Reference field of R56
[silk_overlap]: Silkscreen clearance (board setup constraints silk clearance 0.1500 mm; actual 0.0881 mm)
    Rule: board setup constraints silk; warning
    @(119.2000 mm, 75.1300 mm): Reference field of R56
    @(119.2000 mm, 75.4700 mm): Reference field of R58
[silk_overlap]: Silkscreen clearance (board setup constraints silk clearance 0.1500 mm; actual 0.0000 mm)
    Rule: board setup constraints silk; warning
    @(119.2000 mm, 74.4600 mm): Reference field of C37
    @(119.2000 mm, 75.4700 mm): Reference field of R58
[silk_overlap]: Silkscreen clearance (board setup constraints silk clearance 0.1500 mm; actual 0.0000 mm)
    Rule: board setup constraints silk; warning
    @(119.0324 mm, 74.9200 mm): Segment of R55 on F.Silkscreen
    @(119.2000 mm, 75.4700 mm): Reference field of R58
[silk_overlap]: Silkscreen clearance (board setup constraints silk clearance 0.1500 mm; actual 0.1142 mm)
    Rule: board setup constraints silk; warning
    @(119.3676 mm, 74.6800 mm): Segment of R58 on F.Silkscreen
    @(119.2000 mm, 75.4700 mm): Reference field of R58
[silk_overlap]: Silkscreen clearance (board setup constraints silk clearance 0.1500 mm; actual 0.0418 mm)
    Rule: board setup constraints silk; warning
    @(119.0324 mm, 75.6800 mm): Segment of R55 on F.Silkscreen
    @(119.2000 mm, 75.4700 mm): Reference field of R58
[silk_overlap]: Silkscreen clearance (board setup constraints silk clearance 0.1500 mm; actual 0.0000 mm)
    Rule: board setup constraints silk; warning
    @(119.0324 mm, 75.9200 mm): Segment of R56 on F.Silkscreen
    @(119.2000 mm, 75.4700 mm): Reference field of R58
[silk_overlap]: Silkscreen clearance (board setup constraints silk clearance 0.1500 mm; actual 0.0000 mm)
    Rule: board setup constraints silk; warning
    @(119.2000 mm, 75.1300 mm): Reference field of R56
    @(119.2000 mm, 74.1300 mm): Reference field of R55
[silk_overlap]: Silkscreen clearance (board setup constraints silk clearance 0.1500 mm; actual 0.0000 mm)
    Rule: board setup constraints silk; warning
    @(119.2000 mm, 75.1300 mm): Reference field of R56
    @(119.2000 mm, 74.4600 mm): Reference field of C37
[silk_overlap]: Silkscreen clearance (board setup constraints silk clearance 0.1500 mm; actual 0.1480 mm)
    Rule: board setup constraints silk; warning
    @(119.2000 mm, 74.1300 mm): Reference field of R55
    @(119.2000 mm, 74.4600 mm): Reference field of C37
[silk_overlap]: Silkscreen clearance (board setup constraints silk clearance 0.1500 mm; actual 0.0000 mm)
    Rule: board setup constraints silk; warning
    @(119.3158 mm, 73.6600 mm): Segment of C37 on F.Silkscreen
    @(119.2000 mm, 74.1300 mm): Reference field of R55
[silk_overlap]: Silkscreen clearance (board setup constraints silk clearance 0.1500 mm; actual 0.0000 mm)
    Rule: board setup constraints silk; warning
    @(119.3676 mm, 73.9200 mm): Segment of R58 on F.Silkscreen
    @(119.2000 mm, 74.1300 mm): Reference field of R55
[silk_overlap]: Silkscreen clearance (board setup constraints silk clearance 0.1500 mm; actual 0.0000 mm)
    Rule: board setup constraints silk; warning
    @(119.3676 mm, 73.9200 mm): Segment of R58 on F.Silkscreen
    @(119.2000 mm, 74.4600 mm): Reference field of C37
[silk_overlap]: Silkscreen clearance (board setup constraints silk clearance 0.1500 mm; actual 0.1198 mm)
    Rule: board setup constraints silk; warning
    @(119.3158 mm, 73.6600 mm): Segment of C37 on F.Silkscreen
    @(119.2000 mm, 74.4600 mm): Reference field of C37
[silk_overlap]: Silkscreen clearance (board setup constraints silk clearance 0.1500 mm; actual 0.1400 mm)
    Rule: board setup constraints silk; warning
    @(119.3158 mm, 73.6600 mm): Segment of C37 on F.Silkscreen
    @(119.3676 mm, 73.9200 mm): Segment of R58 on F.Silkscreen
[silk_overlap]: Silkscreen clearance (board setup constraints silk clearance 0.1500 mm; actual 0.0152 mm)
    Rule: board setup constraints silk; warning
    @(119.2000 mm, 74.1300 mm): Reference field of R55
    @(119.3676 mm, 74.6800 mm): Segment of R58 on F.Silkscreen
[silk_overlap]: Silkscreen clearance (board setup constraints silk clearance 0.1500 mm; actual 0.0361 mm)
    Rule: board setup constraints silk; warning
    @(118.0600 mm, 76.1000 mm): Reference field of C20
    @(119.2000 mm, 74.4600 mm): Reference field of C37
[silk_overlap]: Silkscreen clearance (board setup constraints silk clearance 0.1500 mm; actual 0.0000 mm)
    Rule: board setup constraints silk; warning
    @(119.0324 mm, 74.9200 mm): Segment of R55 on F.Silkscreen
    @(119.2000 mm, 74.4600 mm): Reference field of C37
[silk_overlap]: Silkscreen clearance (board setup constraints silk clearance 0.1500 mm; actual 0.0746 mm)
    Rule: board setup constraints silk; warning
    @(119.3676 mm, 74.6800 mm): Segment of R58 on F.Silkscreen
    @(119.2000 mm, 74.4600 mm): Reference field of C37
[silk_overlap]: Silkscreen clearance (board setup constraints silk clearance 0.1500 mm; actual 0.1200 mm)
    Rule: board setup constraints silk; warning
    @(119.3676 mm, 74.6800 mm): Segment of R58 on F.Silkscreen
    @(119.0324 mm, 74.9200 mm): Segment of R55 on F.Silkscreen
[silk_overlap]: Silkscreen clearance (board setup constraints silk clearance 0.1500 mm; actual 0.1406 mm)
    Rule: board setup constraints silk; warning
    @(119.2000 mm, 75.1300 mm): Reference field of R56
    @(119.0324 mm, 74.9200 mm): Segment of R55 on F.Silkscreen
[silk_overlap]: Silkscreen clearance (board setup constraints silk clearance 0.1500 mm; actual 0.0000 mm)
    Rule: board setup constraints silk; warning
    @(119.2000 mm, 75.1300 mm): Reference field of R56
    @(119.3676 mm, 74.6800 mm): Segment of R58 on F.Silkscreen
[silk_overlap]: Silkscreen clearance (board setup constraints silk clearance 0.1500 mm; actual 0.0795 mm)
    Rule: board setup constraints silk; warning
    @(118.0600 mm, 76.1000 mm): Reference field of C20
    @(119.2000 mm, 77.6300 mm): Reference field of R57
[silk_overlap]: Silkscreen clearance (board setup constraints silk clearance 0.1500 mm; actual 0.0000 mm)
    Rule: board setup constraints silk; warning
    @(119.2000 mm, 77.6300 mm): Reference field of R57
    @(120.4768 mm, 66.6768 mm): Segment of U15 on F.Silkscreen
[silk_overlap]: Silkscreen clearance (board setup constraints silk clearance 0.1500 mm; actual 0.0000 mm)
    Rule: board setup constraints silk; warning
    @(120.4768 mm, 66.6768 mm): Segment of U15 on F.Silkscreen
    @(119.2000 mm, 74.1300 mm): Reference field of R55
[silk_overlap]: Silkscreen clearance (board setup constraints silk clearance 0.1500 mm; actual 0.0000 mm)
    Rule: board setup constraints silk; warning
    @(120.4768 mm, 66.6768 mm): Segment of U15 on F.Silkscreen
    @(119.2000 mm, 74.4600 mm): Reference field of C37
[silk_overlap]: Silkscreen clearance (board setup constraints silk clearance 0.1500 mm; actual 0.0000 mm)
    Rule: board setup constraints silk; warning
    @(120.4768 mm, 66.6768 mm): Segment of U15 on F.Silkscreen
    @(119.2000 mm, 75.4700 mm): Reference field of R58
[silk_overlap]: Silkscreen clearance (board setup constraints silk clearance 0.1500 mm; actual 0.0000 mm)
    Rule: board setup constraints silk; warning
    @(119.2000 mm, 75.1300 mm): Reference field of R56
    @(120.4768 mm, 66.6768 mm): Segment of U15 on F.Silkscreen
[silk_overlap]: Silkscreen clearance (board setup constraints silk clearance 0.1500 mm; actual 0.1188 mm)
    Rule: board setup constraints silk; warning
    @(118.0600 mm, 76.1000 mm): Reference field of C20
    @(119.2000 mm, 74.1300 mm): Reference field of R55
[silk_overlap]: Silkscreen clearance (board setup constraints silk clearance 0.1500 mm; actual 0.0775 mm)
    Rule: board setup constraints silk; warning
    @(119.2000 mm, 75.1300 mm): Reference field of R56
    @(119.0324 mm, 75.6800 mm): Segment of R55 on F.Silkscreen
[silk_overlap]: Silkscreen clearance (board setup constraints silk clearance 0.1500 mm; actual 0.1200 mm)
    Rule: board setup constraints silk; warning
    @(119.0324 mm, 75.6800 mm): Segment of R55 on F.Silkscreen
    @(119.0324 mm, 75.9200 mm): Segment of R56 on F.Silkscreen
[silk_overlap]: Silkscreen clearance (board setup constraints silk clearance 0.1500 mm; actual 0.0000 mm)
    Rule: board setup constraints silk; warning
    @(114.1300 mm, 64.3000 mm): Reference field of R3
    @(113.7600 mm, 64.9100 mm): Segment of Y1 on F.Silkscreen
[silk_overlap]: Silkscreen clearance (board setup constraints silk clearance 0.1500 mm; actual 0.0402 mm)
    Rule: board setup constraints silk; warning
    @(113.7600 mm, 64.9100 mm): Segment of Y1 on F.Silkscreen
    @(113.1300 mm, 64.7000 mm): Reference field of R2
[silk_overlap]: Silkscreen clearance (board setup constraints silk clearance 0.1500 mm; actual 0.0383 mm)
    Rule: board setup constraints silk; warning
    @(115.1000 mm, 63.2600 mm): Reference field of C29
    @(113.7600 mm, 64.9100 mm): Segment of Y1 on F.Silkscreen
[silk_overlap]: Silkscreen clearance (board setup constraints silk clearance 0.1500 mm; actual 0.0400 mm)
    Rule: board setup constraints silk; warning
    @(113.9200 mm, 64.8676 mm): Segment of R2 on F.Silkscreen
    @(113.7600 mm, 64.9100 mm): Segment of Y1 on F.Silkscreen
[silk_overlap]: Silkscreen clearance (board setup constraints silk clearance 0.1500 mm; actual 0.0536 mm)
    Rule: board setup constraints silk; warning
    @(113.9200 mm, 64.8676 mm): Segment of R2 on F.Silkscreen
    @(114.1300 mm, 64.3000 mm): Reference field of R3
[silk_overlap]: Silkscreen clearance (board setup constraints silk clearance 0.1500 mm; actual 0.1385 mm)
    Rule: board setup constraints silk; warning
    @(115.6000 mm, 65.1500 mm): Reference field of U1
    @(114.1300 mm, 64.3000 mm): Reference field of R3
[silk_overlap]: Silkscreen clearance (board setup constraints silk clearance 0.1500 mm; actual 0.0000 mm)
    Rule: board setup constraints silk; warning
    @(114.6800 mm, 64.8676 mm): Segment of R2 on F.Silkscreen
    @(114.1300 mm, 64.3000 mm): Reference field of R3
[silk_overlap]: Silkscreen clearance (board setup constraints silk clearance 0.1500 mm; actual 0.0000 mm)
    Rule: board setup constraints silk; warning
    @(114.1300 mm, 64.3000 mm): Reference field of R3
    @(113.1300 mm, 64.7000 mm): Reference field of R2
[silk_overlap]: Silkscreen clearance (board setup constraints silk clearance 0.1500 mm; actual 0.0271 mm)
    Rule: board setup constraints silk; warning
    @(115.1000 mm, 63.2600 mm): Reference field of C29
    @(114.1300 mm, 64.3000 mm): Reference field of R3
[silk_overlap]: Silkscreen clearance (board setup constraints silk clearance 0.1500 mm; actual 0.0000 mm)
    Rule: board setup constraints silk; warning
    @(112.5200 mm, 66.2676 mm): Segment of R1 on F.Silkscreen
    @(111.3000 mm, 66.7700 mm): Reference field of R22
[silk_overlap]: Silkscreen clearance (board setup constraints silk clearance 0.1500 mm; actual 0.0248 mm)
    Rule: board setup constraints silk; warning
    @(115.6000 mm, 65.1500 mm): Reference field of U1
    @(114.9200 mm, 64.4676 mm): Segment of R3 on F.Silkscreen
[silk_overlap]: Silkscreen clearance (board setup constraints silk clearance 0.1500 mm; actual 0.1286 mm)
    Rule: board setup constraints silk; warning
    @(114.6800 mm, 64.8676 mm): Segment of R2 on F.Silkscreen
    @(114.9200 mm, 64.4676 mm): Segment of R3 on F.Silkscreen
[silk_overlap]: Silkscreen clearance (board setup constraints silk clearance 0.1500 mm; actual 0.0231 mm)
    Rule: board setup constraints silk; warning
    @(114.6800 mm, 64.8676 mm): Segment of R2 on F.Silkscreen
    @(115.6000 mm, 65.1500 mm): Reference field of U1
[silk_overlap]: Silkscreen clearance (board setup constraints silk clearance 0.1500 mm; actual 0.0850 mm)
    Rule: board setup constraints silk; warning
    @(112.3500 mm, 67.8400 mm): Polygon of U1 on F.Silkscreen
    @(111.3000 mm, 66.7700 mm): Reference field of R22
[silk_overlap]: Silkscreen clearance (board setup constraints silk clearance 0.1500 mm; actual 0.1498 mm)
    Rule: board setup constraints silk; warning
    @(111.4676 mm, 65.9800 mm): Segment of R22 on F.Silkscreen
    @(111.7300 mm, 66.1000 mm): Reference field of R1
[silk_overlap]: Silkscreen clearance (board setup constraints silk clearance 0.1500 mm; actual 0.1198 mm)
    Rule: board setup constraints silk; warning
    @(117.1600 mm, 64.5842 mm): Segment of C22 on F.Silkscreen
    @(117.9600 mm, 64.7000 mm): Reference field of C22
[silk_overlap]: Silkscreen clearance (board setup constraints silk clearance 0.1500 mm; actual 0.1198 mm)
    Rule: board setup constraints silk; warning
    @(115.2158 mm, 62.4600 mm): Segment of C29 on F.Silkscreen
    @(115.1000 mm, 63.2600 mm): Reference field of C29
[silk_overlap]: Silkscreen clearance (board setup constraints silk clearance 0.1500 mm; actual 0.0000 mm)
    Rule: board setup constraints silk; warning
    @(136.1232 mm, 82.3232 mm): Segment of U15 on F.Silkscreen
    @(135.7300 mm, 73.0000 mm): Reference field of R40
[silk_overlap]: Silkscreen clearance (board setup constraints silk clearance 0.1500 mm; actual 0.0622 mm)
    Rule: board setup constraints silk; warning
    @(137.2800 mm, 68.0324 mm): Segment of R41 on F.Silkscreen
    @(138.0700 mm, 68.2000 mm): Reference field of R41
[silk_overlap]: Silkscreen clearance (board setup constraints silk clearance 0.1500 mm; actual 0.0000 mm)
    Rule: board setup constraints silk; warning
    @(138.5932 mm, 82.3886 mm): Segment of D1 on F.Silkscreen
    @(139.2000 mm, 82.9500 mm): Reference field of U12
[silk_overlap]: Silkscreen clearance (board setup constraints silk clearance 0.1500 mm; actual 0.0407 mm)
    Rule: board setup constraints silk; warning
    @(140.6500 mm, 82.0600 mm): Polygon of U12 on F.Silkscreen
    @(139.2000 mm, 82.9500 mm): Reference field of U12
[silk_overlap]: Silkscreen clearance (board setup constraints silk clearance 0.1500 mm; actual 0.0000 mm)
    Rule: board setup constraints silk; warning
    @(138.5932 mm, 82.3886 mm): Segment of D1 on F.Silkscreen
    @(140.6500 mm, 82.0600 mm): Polygon of U12 on F.Silkscreen
[silk_overlap]: Silkscreen clearance (board setup constraints silk clearance 0.1500 mm; actual 0.1154 mm)
    Rule: board setup constraints silk; warning
    @(139.2000 mm, 82.9500 mm): Reference field of U12
    @(138.5932 mm, 82.3886 mm): Segment of D1 on F.Silkscreen
[silk_overlap]: Silkscreen clearance (board setup constraints silk clearance 0.1500 mm; actual 0.1198 mm)
    Rule: board setup constraints silk; warning
    @(117.2600 mm, 75.9842 mm): Segment of C20 on F.Silkscreen
    @(118.0600 mm, 76.1000 mm): Reference field of C20
[silk_overlap]: Silkscreen clearance (board setup constraints silk clearance 0.1500 mm; actual 0.1146 mm)
    Rule: board setup constraints silk; warning
    @(113.7400 mm, 75.3000 mm): Reference field of C23
    @(114.7300 mm, 75.8000 mm): Reference field of R27
[silk_overlap]: Silkscreen clearance (board setup constraints silk clearance 0.1500 mm; actual 0.1405 mm)
    Rule: board setup constraints silk; warning
    @(116.5400 mm, 75.9842 mm): Segment of C20 on F.Silkscreen
    @(116.2800 mm, 75.9676 mm): Segment of R27 on F.Silkscreen
[silk_overlap]: Silkscreen clearance (board setup constraints silk clearance 0.1500 mm; actual 0.0458 mm)
    Rule: board setup constraints silk; warning
    @(114.5400 mm, 75.4158 mm): Segment of C23 on F.Silkscreen
    @(114.7300 mm, 75.8000 mm): Reference field of R27
[silk_overlap]: Silkscreen clearance (board setup constraints silk clearance 0.1500 mm; actual 0.0000 mm)
    Rule: board setup constraints silk; warning
    @(114.7300 mm, 75.8000 mm): Reference field of R27
    @(115.2600 mm, 75.4158 mm): Segment of C23 on F.Silkscreen

** Found 113 unconnected pads **
[unconnected_items]: Missing connection between items
    Local override; error
    @(97.0625 mm, 67.9500 mm): Pad 1 [3V3A] of U6 on B.Cu
    @(100.0454 mm, 71.5300 mm): Via [3V3A] on F.Cu - B.Cu
[unconnected_items]: Missing connection between items
    Local override; error
    @(106.0325 mm, 68.7000 mm): Pad 1 [3V3A] of C6 on F.Cu
    @(106.6125 mm, 65.0250 mm): Pad 8 [3V3A] of U3 on F.Cu
[unconnected_items]: Missing connection between items
    Local override; error
    @(106.6000 mm, 70.0000 mm): Pad 1 [3V3A] of U2 on B.Cu
    @(105.2875 mm, 68.7000 mm): Track [3V3A] on F.Cu, length 1.8738 mm
[unconnected_items]: Missing connection between items
    Local override; error
    @(106.6125 mm, 65.0250 mm): Pad 8 [3V3A] of U3 on F.Cu
    @(111.6025 mm, 66.7000 mm): Pad 1 [3V3A] of R19 on B.Cu
[unconnected_items]: Missing connection between items
    Local override; error
    @(105.2875 mm, 68.7000 mm): Track [3V3A] on F.Cu, length 1.8738 mm
    @(106.6125 mm, 74.5450 mm): Track [3V3A] on F.Cu, length 1.1950 mm
[unconnected_items]: Missing connection between items
    Local override; error
    @(111.6025 mm, 66.7000 mm): Pad 1 [3V3A] of R19 on B.Cu
    @(112.9500 mm, 64.1500 mm): Pad 4 [3V3A] of Y1 on F.Cu
[unconnected_items]: Missing connection between items
    Local override; error
    @(112.9500 mm, 62.6500 mm): Pad 1 [3V3A] of Y1 on F.Cu
    @(112.9500 mm, 64.1500 mm): Pad 4 [3V3A] of Y1 on F.Cu
[unconnected_items]: Missing connection between items
    Local override; error
    @(112.9675 mm, 74.0450 mm): Track [3V3A] on F.Cu, length 1.2480 mm
    @(116.8500 mm, 73.1625 mm): Track [3V3A] on F.Cu, length 1.2396 mm
[unconnected_items]: Missing connection between items
    Local override; error
    @(114.3000 mm, 64.1025 mm): Pad 2 [3V3A] of R2 on F.Cu
    @(115.3000 mm, 63.7025 mm): Pad 2 [3V3A] of R3 on F.Cu
[unconnected_items]: Missing connection between items
    Local override; error
    @(114.3000 mm, 64.1025 mm): Pad 2 [3V3A] of R2 on F.Cu
    @(112.9500 mm, 64.1500 mm): Pad 4 [3V3A] of Y1 on F.Cu
[unconnected_items]: Missing connection between items
    Local override; error
    @(114.5325 mm, 62.1000 mm): Pad 2 [3V3A] of C29 on F.Cu
    @(112.9500 mm, 62.6500 mm): Pad 1 [3V3A] of Y1 on F.Cu
[unconnected_items]: Missing connection between items
    Local override; error
    @(115.7752 mm, 65.6000 mm): Track [3V3A] on F.Cu, length 0.2248 mm
    @(115.3000 mm, 63.7025 mm): Pad 2 [3V3A] of R3 on F.Cu
[unconnected_items]: Missing connection between items
    Local override; error
    @(116.8500 mm, 73.1625 mm): Track [3V3A] on F.Cu, length 1.2396 mm
    @(117.3500 mm, 73.1625 mm): Pad 16 [3V3A] of U1 on F.Cu
[unconnected_items]: Missing connection between items
    Local override; error
    @(117.0000 mm, 62.3000 mm): Pad A1 [3V3A] of U10 on B.Cu
    @(115.3000 mm, 63.7025 mm): Pad 2 [3V3A] of R3 on F.Cu
[unconnected_items]: Missing connection between items
    Local override; error
    @(117.3500 mm, 73.1625 mm): Pad 16 [3V3A] of U1 on F.Cu
    @(118.6000 mm, 72.9975 mm): Pad 2 [3V3A] of R38 on B.Cu
[unconnected_items]: Missing connection between items
    Local override; error
    @(121.2975 mm, 68.5000 mm): Pad 2 [3V3A] of R28 on B.Cu
    @(119.4000 mm, 65.4025 mm): Track [3V3A] on B.Cu, length 0.9025 mm
[unconnected_items]: Missing connection between items
    Local override; error
    @(95.2000 mm, 70.7450 mm): Pad 2 [GND] of U14 on F.Cu
    @(94.3325 mm, 67.9000 mm): Track [GND] on B.Cu, length 0.5325 mm
[unconnected_items]: Missing connection between items
    Local override; error
    @(98.9375 mm, 67.7625 mm): Track [GND] on B.Cu, length 0.7601 mm
    @(98.7975 mm, 67.5000 mm): Pad 2 [GND] of R6 on F.Cu
[unconnected_items]: Missing connection between items
    Local override; error
    @(101.8975 mm, 69.0000 mm): Pad 2 [GND] of R7 on F.Cu
    @(101.0325 mm, 69.0000 mm): Pad 1 [GND] of C26 on B.Cu
[unconnected_items]: Missing connection between items
    Local override; error
    @(101.9975 mm, 74.0000 mm): Pad 2 [GND] of R12 on F.Cu
    @(104.3000 mm, 74.7000 mm): Via [GND] on F.Cu - B.Cu
[unconnected_items]: Missing connection between items
    Local override; error
    @(104.3000 mm, 74.7000 mm): Via [GND] on F.Cu - B.Cu
    @(106.6125 mm, 76.9750 mm): Pad 5 [GND] of U5 on F.Cu
[unconnected_items]: Missing connection between items
    Local override; error
    @(106.6000 mm, 71.5000 mm): Pad 4 [GND] of U2 on B.Cu
    @(106.6125 mm, 71.9750 mm): Pad 5 [GND] of U4 on F.Cu
[unconnected_items]: Missing connection between items
    Local override; error
    @(106.6000 mm, 72.0000 mm): Pad 5 [GND] of U2 on B.Cu
    @(106.6125 mm, 71.9750 mm): Pad 5 [GND] of U4 on F.Cu
[unconnected_items]: Missing connection between items
    Local override; error
    @(107.6000 mm, 72.6000 mm): Via [GND] on F.Cu - B.Cu
    @(107.9675 mm, 74.0000 mm): Pad 2 [GND] of C13 on F.Cu
[unconnected_items]: Missing connection between items
    Local override; error
    @(108.0000 mm, 68.3000 mm): Via [GND] on F.Cu - B.Cu
    @(109.7325 mm, 67.8000 mm): Pad 2 [GND] of C39 on F.Cu
[unconnected_items]: Missing connection between items
    Local override; error
    @(108.2000 mm, 71.1675 mm): Pad 1 [GND] of C30 on B.Cu
    @(106.9750 mm, 71.9750 mm): Track [GND] on F.Cu, length 0.8839 mm
[unconnected_items]: Missing connection between items
    Local override; error
    @(109.4325 mm, 72.0000 mm): Pad 2 [GND] of C41 on F.Cu
    @(108.2000 mm, 71.1675 mm): Pad 1 [GND] of C30 on B.Cu
[unconnected_items]: Missing connection between items
    Local override; error
    @(109.7325 mm, 70.0000 mm): Pad 2 [GND] of C40 on F.Cu
    @(108.2000 mm, 71.1675 mm): Pad 1 [GND] of C30 on B.Cu
[unconnected_items]: Missing connection between items
    Local override; error
    @(111.0500 mm, 62.6500 mm): Pad 2 [GND] of Y1 on F.Cu
    @(112.9000 mm, 65.5025 mm): Pad 2 [GND] of R1 on F.Cu
[unconnected_items]: Missing connection between items
    Local override; error
    @(112.1000 mm, 62.0000 mm): Via [GND] on F.Cu - B.Cu
    @(111.0500 mm, 62.6500 mm): Pad 2 [GND] of Y1 on F.Cu
[unconnected_items]: Missing connection between items
    Local override; error
    @(117.0000 mm, 62.7000 mm): Track [GND] on B.Cu, length 1.4325 mm
    @(115.6675 mm, 62.1000 mm): Pad 1 [GND] of C29 on F.Cu
[unconnected_items]: Missing connection between items
    Local override; error
    @(117.0975 mm, 64.4000 mm): Pad 2 [GND] of R24 on B.Cu
    @(116.8000 mm, 64.1325 mm): Pad 1 [GND] of C22 on F.Cu
[unconnected_items]: Missing connection between items
    Local override; error
    @(117.5000 mm, 65.6000 mm): Via [GND] on F.Cu - B.Cu
    @(117.0975 mm, 64.4000 mm): Pad 2 [GND] of R24 on B.Cu
[unconnected_items]: Missing connection between items
    Local override; error
    @(120.1025 mm, 72.0000 mm): Pad 2 [GND] of R26 on B.Cu
    @(118.6325 mm, 73.3000 mm): Pad 2 [GND] of C37 on F.Cu
[unconnected_items]: Missing connection between items
    Local override; error
    @(120.1025 mm, 74.0000 mm): Pad 2 [GND] of R42 on B.Cu
    @(118.6325 mm, 73.3000 mm): Pad 2 [GND] of C37 on F.Cu
[unconnected_items]: Missing connection between items
    Local override; error
    @(120.1325 mm, 71.0000 mm): Pad 2 [GND] of C33 on B.Cu
    @(120.1025 mm, 72.0000 mm): Pad 2 [GND] of R26 on B.Cu
[unconnected_items]: Missing connection between items
    Local override; error
    @(121.3000 mm, 67.5000 mm): Pad 62 [GND] of U15 on F.Cu
    @(122.3500 mm, 67.5000 mm): Pad 60 [GND] of U15 on F.Cu
[unconnected_items]: Missing connection between items
    Local override; error
    @(121.3000 mm, 68.5500 mm): Pad 1 [GND] of U15 on F.Cu
    @(121.3000 mm, 69.4000 mm): Pad 2 [GND] of U15 on F.Cu
[unconnected_items]: Missing connection between items
    Local override; error
    @(121.3000 mm, 68.5500 mm): Pad 1 [GND] of U15 on F.Cu
    @(121.3000 mm, 67.5000 mm): Pad 62 [GND] of U15 on F.Cu
[unconnected_items]: Missing connection between items
    Local override; error
    @(121.3000 mm, 69.4000 mm): Pad 2 [GND] of U15 on F.Cu
    @(120.1325 mm, 71.0000 mm): Pad 2 [GND] of C33 on B.Cu
[unconnected_items]: Missing connection between items
    Local override; error
    @(121.3000 mm, 81.5000 mm): Pad 63 [GND] of U15 on F.Cu
    @(115.0500 mm, 83.1000 mm): Track [GND] on F.Cu, length 1.2500 mm
[unconnected_items]: Missing connection between items
    Local override; error
    @(123.2000 mm, 67.5000 mm): Pad 59 [GND] of U15 on F.Cu
    @(124.0500 mm, 67.5000 mm): Pad 58 [GND] of U15 on F.Cu
[unconnected_items]: Missing connection between items
    Local override; error
    @(123.2000 mm, 67.5000 mm): Pad 59 [GND] of U15 on F.Cu
    @(122.3500 mm, 67.5000 mm): Pad 60 [GND] of U15 on F.Cu
[unconnected_items]: Missing connection between items
    Local override; error
    @(124.0500 mm, 67.5000 mm): Pad 58 [GND] of U15 on F.Cu
    @(124.9000 mm, 67.5000 mm): Pad 57 [GND] of U15 on F.Cu
[unconnected_items]: Missing connection between items
    Local override; error
    @(125.1675 mm, 68.2000 mm): Track [GND] on B.Cu, length 0.8325 mm
    @(124.9000 mm, 67.5000 mm): Pad 57 [GND] of U15 on F.Cu
[unconnected_items]: Missing connection between items
    Local override; error
    @(125.7500 mm, 67.5000 mm): Pad 56 [GND] of U15 on F.Cu
    @(126.6000 mm, 67.5000 mm): Pad 55 [GND] of U15 on F.Cu
[unconnected_items]: Missing connection between items
    Local override; error
    @(126.0000 mm, 68.2000 mm): Track [GND] on B.Cu, length 0.4243 mm
    @(125.7500 mm, 67.5000 mm): Pad 56 [GND] of U15 on F.Cu
[unconnected_items]: Missing connection between items
    Local override; error
    @(126.6500 mm, 74.5000 mm): Pad 67 [GND] of U15 on F.Cu
    @(128.3000 mm, 74.5000 mm): Pad 61 [GND] of U15 on F.Cu
[unconnected_items]: Missing connection between items
    Local override; error
    @(126.6500 mm, 74.5000 mm): Pad 67 [GND] of U15 on F.Cu
    @(126.6500 mm, 76.1500 mm): Track [GND] on F.Cu, length 0.9000 mm
[unconnected_items]: Missing connection between items
    Local override; error
    @(127.4500 mm, 67.5000 mm): Pad 54 [GND] of U15 on F.Cu
    @(126.6000 mm, 67.5000 mm): Pad 55 [GND] of U15 on F.Cu
[unconnected_items]: Missing connection between items
    Local override; error
    @(127.4500 mm, 67.5000 mm): Pad 54 [GND] of U15 on F.Cu
    @(128.3000 mm, 67.5000 mm): Pad 53 [GND] of U15 on F.Cu
[unconnected_items]: Missing connection between items
    Local override; error
    @(128.3000 mm, 72.8500 mm): Pad 73 [GND] of U15 on F.Cu
    @(126.6500 mm, 72.8500 mm): Track [GND] on F.Cu, length 1.0000 mm
[unconnected_items]: Missing connection between items
    Local override; error
    @(128.3000 mm, 76.1500 mm): Pad 69 [GND] of U15 on F.Cu
    @(128.3000 mm, 74.5000 mm): Pad 61 [GND] of U15 on F.Cu
[unconnected_items]: Missing connection between items
    Local override; error
    @(128.5000 mm, 72.0000 mm): Pad 9 [GND] of U11 on B.Cu
    @(128.3000 mm, 72.8500 mm): Pad 73 [GND] of U15 on F.Cu
[unconnected_items]: Missing connection between items
    Local override; error
    @(129.1500 mm, 67.5000 mm): Pad 52 [GND] of U15 on F.Cu
    @(128.3000 mm, 67.5000 mm): Pad 53 [GND] of U15 on F.Cu
[unconnected_items]: Missing connection between items
    Local override; error
    @(129.9500 mm, 72.8500 mm): Pad 72 [GND] of U15 on F.Cu
    @(128.3000 mm, 72.8500 mm): Pad 73 [GND] of U15 on F.Cu
[unconnected_items]: Missing connection between items
    Local override; error
    @(129.9500 mm, 74.5000 mm): Pad 71 [GND] of U15 on F.Cu
    @(132.6500 mm, 73.9050 mm): Pad 4 [GND] of U11 on B.Cu
[unconnected_items]: Missing connection between items
    Local override; error
    @(129.9500 mm, 76.1500 mm): Pad 70 [GND] of U15 on F.Cu
    @(129.9500 mm, 74.5000 mm): Pad 71 [GND] of U15 on F.Cu
[unconnected_items]: Missing connection between items
    Local override; error
    @(129.9500 mm, 76.1500 mm): Pad 70 [GND] of U15 on F.Cu
    @(128.3000 mm, 76.1500 mm): Pad 69 [GND] of U15 on F.Cu
[unconnected_items]: Missing connection between items
    Local override; error
    @(130.0000 mm, 67.5000 mm): Pad 51 [GND] of U15 on F.Cu
    @(129.1500 mm, 67.5000 mm): Pad 52 [GND] of U15 on F.Cu
[unconnected_items]: Missing connection between items
    Local override; error
    @(130.0000 mm, 67.5000 mm): Pad 51 [GND] of U15 on F.Cu
    @(130.8500 mm, 67.5000 mm): Pad 50 [GND] of U15 on F.Cu
[unconnected_items]: Missing connection between items
    Local override; error
    @(130.8500 mm, 67.5000 mm): Pad 50 [GND] of U15 on F.Cu
    @(131.7000 mm, 67.5000 mm): Pad 49 [GND] of U15 on F.Cu
[unconnected_items]: Missing connection between items
    Local override; error
    @(131.7000 mm, 67.5000 mm): Pad 49 [GND] of U15 on F.Cu
    @(132.5500 mm, 67.5000 mm): Pad 48 [GND] of U15 on F.Cu
[unconnected_items]: Missing connection between items
    Local override; error
    @(131.8025 mm, 79.2000 mm): Pad 1 [GND] of R32 on B.Cu
    @(134.1000 mm, 79.5000 mm): Pad 3 [GND] of U8 on B.Cu
[unconnected_items]: Missing connection between items
    Local override; error
    @(131.8025 mm, 80.8000 mm): Pad 1 [GND] of R39 on B.Cu
    @(131.8025 mm, 79.2000 mm): Pad 1 [GND] of R32 on B.Cu
[unconnected_items]: Missing connection between items
    Local override; error
    @(132.5500 mm, 67.5000 mm): Pad 48 [GND] of U15 on F.Cu
    @(133.4000 mm, 67.5000 mm): Pad 47 [GND] of U15 on F.Cu
[unconnected_items]: Missing connection between items
    Local override; error
    @(133.4000 mm, 67.5000 mm): Pad 47 [GND] of U15 on F.Cu
    @(133.5500 mm, 64.4000 mm): Pad 1 [GND] of SW3 on F.Cu
[unconnected_items]: Missing connection between items
    Local override; error
    @(133.9375 mm, 76.8000 mm): Pad 1 [GND] of C15 on B.Cu
    @(134.1000 mm, 79.5000 mm): Pad 3 [GND] of U8 on B.Cu
[unconnected_items]: Missing connection between items
    Local override; error
    @(133.9375 mm, 76.8000 mm): Pad 1 [GND] of C15 on B.Cu
    @(132.6500 mm, 73.9050 mm): Pad 4 [GND] of U11 on B.Cu
[unconnected_items]: Missing connection between items
    Local override; error
    @(134.1000 mm, 79.5000 mm): Pad 3 [GND] of U8 on B.Cu
    @(135.5500 mm, 79.5000 mm): Pad 8 [GND] of U8 on B.Cu
[unconnected_items]: Missing connection between items
    Local override; error
    @(134.2500 mm, 67.5000 mm): Pad 46 [GND] of U15 on F.Cu
    @(133.4000 mm, 67.5000 mm): Pad 47 [GND] of U15 on F.Cu
[unconnected_items]: Missing connection between items
    Local override; error
    @(134.2500 mm, 67.5000 mm): Pad 46 [GND] of U15 on F.Cu
    @(135.3000 mm, 67.5000 mm): Pad 65 [GND] of U15 on F.Cu
[unconnected_items]: Missing connection between items
    Local override; error
    @(134.3325 mm, 69.6000 mm): Pad 1 [GND] of C38 on B.Cu
    @(134.2500 mm, 67.5000 mm): Pad 46 [GND] of U15 on F.Cu
[unconnected_items]: Missing connection between items
    Local override; error
    @(135.3000 mm, 70.2500 mm): Pad 43 [GND] of U15 on F.Cu
    @(135.3000 mm, 71.1000 mm): Pad 42 [GND] of U15 on F.Cu
[unconnected_items]: Missing connection between items
    Local override; error
    @(135.3000 mm, 70.2500 mm): Pad 43 [GND] of U15 on F.Cu
    @(134.3325 mm, 69.6000 mm): Pad 1 [GND] of C38 on B.Cu
[unconnected_items]: Missing connection between items
    Local override; error
    @(135.3000 mm, 81.5000 mm): Pad 64 [GND] of U15 on F.Cu
    @(135.7000 mm, 83.8625 mm): Pad 1 [GND] of C14 on B.Cu
[unconnected_items]: Missing connection between items
    Local override; error
    @(135.5500 mm, 79.5000 mm): Pad 8 [GND] of U8 on B.Cu
    @(135.3000 mm, 81.5000 mm): Pad 64 [GND] of U15 on F.Cu
[unconnected_items]: Missing connection between items
    Local override; error
    @(136.9000 mm, 73.5975 mm): Pad 1 [GND] of R40 on F.Cu
    @(136.4975 mm, 74.5000 mm): Pad 2 [GND] of R43 on B.Cu
[unconnected_items]: Missing connection between items
    Local override; error
    @(136.9000 mm, 73.5975 mm): Pad 1 [GND] of R40 on F.Cu
    @(138.5200 mm, 74.2500 mm): Pad A1 [GND] of J2 on F.Cu
[unconnected_items]: Missing connection between items
    Local override; error
    @(136.9000 mm, 73.5975 mm): Pad 1 [GND] of R40 on F.Cu
    @(138.2000 mm, 71.4000 mm): Pad D2 [GND] of U7 on B.Cu
[unconnected_items]: Missing connection between items
    Local override; error
    @(137.7975 mm, 68.6000 mm): Pad 2 [GND] of R44 on B.Cu
    @(138.5000 mm, 67.9000 mm): Track [GND] on F.Cu, length 0.1000 mm
[unconnected_items]: Missing connection between items
    Local override; error
    @(137.7975 mm, 68.6000 mm): Pad 2 [GND] of R44 on B.Cu
    @(138.1975 mm, 69.7000 mm): Pad 2 [GND] of R14 on B.Cu
[unconnected_items]: Missing connection between items
    Local override; error
    @(138.1975 mm, 69.7000 mm): Pad 2 [GND] of R14 on B.Cu
    @(138.2000 mm, 71.4000 mm): Pad D2 [GND] of U7 on B.Cu
[unconnected_items]: Missing connection between items
    Local override; error
    @(138.5000 mm, 74.3000 mm): Track [GND] on F.Cu, length 0.1000 mm
    @(139.0950 mm, 76.1600 mm): Pad SH [GND] of J2 on F.Cu
[unconnected_items]: Missing connection between items
    Local override; error
    @(138.8850 mm, 67.4850 mm): Track [GND] on F.Cu, length 1.5000 mm
    @(139.0950 mm, 65.9400 mm): Pad SH [GND] of J2 on F.Cu
[unconnected_items]: Missing connection between items
    Local override; error
    @(140.3375 mm, 80.5500 mm): Pad 2 [GND] of U12 on F.Cu
    @(140.1032 mm, 84.0386 mm): Pad 1 [GND] of D1 on F.Cu
[unconnected_items]: Missing connection between items
    Local override; error
    @(140.4000 mm, 67.5000 mm): Via [GND] on F.Cu - B.Cu
    @(143.0250 mm, 65.9400 mm): Pad SH [GND] of J2 on F.Cu
[unconnected_items]: Missing connection between items
    Local override; error
    @(141.2675 mm, 71.8000 mm): Pad 1 [GND] of C12 on B.Cu
    @(141.2675 mm, 70.8000 mm): Pad 1 [GND] of C10 on B.Cu
[unconnected_items]: Missing connection between items
    Local override; error
    @(141.2675 mm, 72.8000 mm): Pad 1 [GND] of C8 on B.Cu
    @(141.2675 mm, 71.8000 mm): Pad 1 [GND] of C12 on B.Cu
[unconnected_items]: Missing connection between items
    Local override; error
    @(141.2675 mm, 72.8000 mm): Pad 1 [GND] of C8 on B.Cu
    @(138.5000 mm, 74.3000 mm): Track [GND] on F.Cu, length 0.1000 mm
[unconnected_items]: Missing connection between items
    Local override; error
    @(142.6000 mm, 78.0000 mm): Via [GND] on F.Cu - B.Cu
    @(140.3375 mm, 80.5500 mm): Pad 2 [GND] of U12 on F.Cu
[unconnected_items]: Missing connection between items
    Local override; error
    @(136.9000 mm, 72.4025 mm): Pad 2 [Net-(J2-CC1)] of R40 on F.Cu
    @(138.5200 mm, 72.3000 mm): Pad A5 [Net-(J2-CC1)] of J2 on F.Cu
[unconnected_items]: Missing connection between items
    Local override; error
    @(138.5200 mm, 70.3000 mm): Track [USB_DP] on F.Cu, length 2.0336 mm
    @(138.5200 mm, 71.3000 mm): Pad A6 [USB_DP] of J2 on F.Cu
[unconnected_items]: Missing connection between items
    Local override; error
    @(138.5200 mm, 70.8000 mm): Track [USB_DN] on F.Cu, length 1.8264 mm
    @(138.5200 mm, 71.8000 mm): Pad B7 [USB_DN] of J2 on F.Cu
[unconnected_items]: Missing connection between items
    Local override; error
    @(104.3675 mm, 81.6000 mm): Pad 2 [3V3] of C16 on F.Cu
    @(103.3000 mm, 83.9000 mm): Track [3V3] on F.Cu, length 0.9000 mm
[unconnected_items]: Missing connection between items
    Local override; error
    @(121.1500 mm, 70.2500 mm): Track [3V3] on F.Cu, length 1.9092 mm
    @(114.9000 mm, 63.6850 mm): Pad 2 [3V3] of FB1 on B.Cu
[unconnected_items]: Missing connection between items
    Local override; error
    @(121.3000 mm, 70.2500 mm): Pad 3 [3V3] of U15 on F.Cu
    @(122.6000 mm, 70.2625 mm): Pad 1 [3V3] of C36 on B.Cu
[unconnected_items]: Missing connection between items
    Local override; error
    @(122.4000 mm, 72.8975 mm): Pad 1 [3V3] of R31 on B.Cu
    @(124.3500 mm, 71.3650 mm): Pad 7 [3V3] of U11 on B.Cu
[unconnected_items]: Missing connection between items
    Local override; error
    @(122.4000 mm, 72.8975 mm): Pad 1 [3V3] of R31 on B.Cu
    @(125.1000 mm, 77.6025 mm): Pad 2 [3V3] of R23 on B.Cu
[unconnected_items]: Missing connection between items
    Local override; error
    @(123.4000 mm, 69.8300 mm): Via [3V3] on F.Cu - B.Cu
    @(122.6000 mm, 70.2625 mm): Pad 1 [3V3] of C36 on B.Cu
[unconnected_items]: Missing connection between items
    Local override; error
    @(124.3500 mm, 71.3650 mm): Pad 7 [3V3] of U11 on B.Cu
    @(124.3500 mm, 70.0950 mm): Pad 8 [3V3] of U11 on B.Cu
[unconnected_items]: Missing connection between items
    Local override; error
    @(125.1000 mm, 77.6025 mm): Pad 2 [3V3] of R23 on B.Cu
    @(131.7528 mm, 78.1707 mm): Pad 2 [3V3] of R20 on B.Cu
[unconnected_items]: Missing connection between items
    Local override; error
    @(132.6500 mm, 72.6350 mm): Pad 3 [3V3] of U11 on B.Cu
    @(134.7025 mm, 73.0000 mm): Pad 1 [3V3] of R33 on B.Cu
[unconnected_items]: Missing connection between items
    Local override; error
    @(134.7025 mm, 71.0000 mm): Pad 1 [3V3] of R36 on B.Cu
    @(134.3025 mm, 68.6000 mm): Pad 1 [3V3] of R45 on B.Cu
[unconnected_items]: Missing connection between items
    Local override; error
    @(134.7025 mm, 72.0000 mm): Pad 1 [3V3] of R37 on B.Cu
    @(134.7025 mm, 71.0000 mm): Pad 1 [3V3] of R36 on B.Cu
[unconnected_items]: Missing connection between items
    Local override; error
    @(134.7025 mm, 73.0000 mm): Pad 1 [3V3] of R33 on B.Cu
    @(134.7025 mm, 72.0000 mm): Pad 1 [3V3] of R37 on B.Cu
[unconnected_items]: Missing connection between items
    Local override; error
    @(134.7025 mm, 73.0000 mm): Pad 1 [3V3] of R33 on B.Cu
    @(135.6625 mm, 76.8000 mm): Pad 2 [3V3] of C15 on B.Cu
[unconnected_items]: Missing connection between items
    Local override; error
    @(135.7500 mm, 78.5000 mm): Pad 6 [3V3] of U8 on B.Cu
    @(135.6625 mm, 76.8000 mm): Pad 2 [3V3] of C15 on B.Cu
[unconnected_items]: Missing connection between items
    Local override; error
    @(135.7500 mm, 78.5000 mm): Pad 6 [3V3] of U8 on B.Cu
    @(131.7528 mm, 78.1707 mm): Pad 2 [3V3] of R20 on B.Cu
[unconnected_items]: Missing connection between items
    Local override; error
    @(135.3000 mm, 71.9500 mm): Pad 41 [Net-(U15-IO45)] of U15 on F.Cu
    @(135.3025 mm, 74.5000 mm): Pad 1 [Net-(U15-IO45)] of R43 on B.Cu
[unconnected_items]: Missing connection between items
    Local override; error
    @(135.3000 mm, 69.4000 mm): Pad 44 [Net-(U15-IO46)] of U15 on F.Cu
    @(136.6025 mm, 68.6000 mm): Pad 1 [Net-(U15-IO46)] of R44 on B.Cu
[unconnected_items]: Missing connection between items
    Local override; error
    @(114.8290 mm, 61.8190 mm): Pad 2 [3V3_F] of C34 on B.Cu
    @(114.9000 mm, 62.7150 mm): Pad 1 [3V3_F] of FB1 on B.Cu
[unconnected_items]: Missing connection between items
    Local override; error
    @(138.2000 mm, 72.2000 mm): Pad B2 [SYS] of U7 on B.Cu
    @(134.1000 mm, 80.5000 mm): Track [SYS] on B.Cu, length 1.6500 mm

** Found 0 Footprint errors **

** Ignored checks **
    - Footprint has no courtyard defined
    - Track endpoint not centered on via
    - Tuning profile track geometries
    - Footprint doesn't match symbol's footprint filters
    - Footprint component type doesn't match footprint pads

** End of Report **
