** Drc report for WSG_1.0.kicad_pcb **
** Created on 2026-09-28T17:58:11 **
** Report includes: Errors, Warnings **

** Found 91 DRC violations **
[silk_edge_clearance]: Silkscreen clipped by board edge (board setup constraints silk clearance 0.1500 mm; actual 0.0000 mm)
    Rule: board setup constraints silk; warning
    @(106.9873 mm, 112.3139 mm): Segment on Edge.Cuts
    @(105.1625 mm, 104.4500 mm): Segment of J4 on F.Silkscreen
[silk_edge_clearance]: Silkscreen clipped by board edge (board setup constraints silk clearance 0.1500 mm; actual 0.0000 mm)
    Rule: board setup constraints silk; warning
    @(106.9873 mm, 112.3139 mm): Segment on Edge.Cuts
    @(112.7625 mm, 110.3500 mm): Segment of J4 on F.Silkscreen
[text_height]: Text height out of range (board setup constraints silk text height min height 0.8000 mm; actual 0.6000 mm)
    Rule: board setup constraints silk text height; warning
    @(147.6000 mm, 108.9000 mm): Reference field of R32
[text_height]: Text height out of range (board setup constraints silk text height min height 0.8000 mm; actual 0.6000 mm)
    Rule: board setup constraints silk text height; warning
    @(130.8000 mm, 104.5000 mm): Reference field of R53
[text_height]: Text height out of range (board setup constraints silk text height min height 0.8000 mm; actual 0.6000 mm)
    Rule: board setup constraints silk text height; warning
    @(130.7000 mm, 102.2000 mm): Reference field of R50
[text_height]: Text height out of range (board setup constraints silk text height min height 0.8000 mm; actual 0.6400 mm)
    Rule: board setup constraints silk text height; warning
    @(164.1000 mm, 111.2000 mm): Reference field of U7
[text_height]: Text height out of range (board setup constraints silk text height min height 0.8000 mm; actual 0.6000 mm)
    Rule: board setup constraints silk text height; warning
    @(130.7000 mm, 103.4000 mm): Reference field of R52
[text_height]: Text height out of range (board setup constraints silk text height min height 0.8000 mm; actual 0.5512 mm)
    Rule: board setup constraints silk text height; warning
    @(122.3000 mm, 86.6000 mm): Reference field of U10
[text_height]: Text height out of range (board setup constraints silk text height min height 0.8000 mm; actual 0.6000 mm)
    Rule: board setup constraints silk text height; warning
    @(149.5500 mm, 106.7300 mm): Reference field of R20
[text_height]: Text height out of range (board setup constraints silk text height min height 0.8000 mm; actual 0.6000 mm)
    Rule: board setup constraints silk text height; warning
    @(147.8000 mm, 110.1000 mm): Reference field of R39
[silk_over_copper]: Silkscreen clipped by solder mask
    Local override; warning
    @(111.0000 mm, 93.3000 mm): Reference field of J1
[silk_over_copper]: Silkscreen clipped by solder mask
    Local override; warning
    @(118.4000 mm, 88.5000 mm): Reference field of U9
[silk_over_copper]: Silkscreen clipped by solder mask
    Local override; warning
    @(144.4000 mm, 98.6000 mm): Reference field of R26
[silk_over_copper]: Silkscreen clipped by solder mask
    Local override; warning
    @(144.9000 mm, 101.3000 mm): Reference field of R55
[silk_over_copper]: Silkscreen clipped by solder mask
    Local override; warning
    @(162.3000 mm, 98.2000 mm): Reference field of U12
[silk_over_copper]: Silkscreen clipped by solder mask
    Local override; warning
    @(135.7000 mm, 91.1000 mm): Reference field of Y1
[silk_over_copper]: Silkscreen clipped by solder mask
    Local override; warning
    @(130.2500 mm, 100.9400 mm): Polygon of U1 on F.Silkscreen
[silk_over_copper]: Silkscreen clipped by solder mask
    Local override; warning
    @(150.6500 mm, 100.0000 mm): Reference field of U15
[silk_over_copper]: Silkscreen clipped by solder mask
    Local override; warning
    @(116.3000 mm, 93.3000 mm): Reference field of U14
[silk_over_copper]: Silkscreen clipped by solder mask
    Local override; warning
    @(144.5000 mm, 100.0000 mm): Reference field of R58
[silk_over_copper]: Silkscreen clipped by solder mask
    Local override; warning
    @(144.3000 mm, 97.3000 mm): Reference field of C33
[silk_over_copper]: Silkscreen clipped by solder mask
    Local override; warning
    @(152.4500 mm, 109.5000 mm): Reference field of U8
[silk_over_copper]: Silkscreen clipped by solder mask
    Local override; warning
    @(125.9325 mm, 85.7000 mm): Reference field of C34
[silk_over_copper]: Silkscreen clipped by solder mask
    Local override; warning
    @(112.7000 mm, 100.1000 mm): Reference field of U6
[silk_over_copper]: Silkscreen clipped by solder mask
    Local override; warning
    @(156.2000 mm, 110.0000 mm): Reference field of L1
[silk_over_copper]: Silkscreen clipped by solder mask
    Local override; warning
    @(141.5950 mm, 99.7500 mm): Circle of U11 on B.Silkscreen
[silk_over_copper]: Silkscreen clipped by solder mask
    Local override; warning
    @(124.8000 mm, 89.3000 mm): Reference field of FB1
[silk_over_copper]: Silkscreen clipped by solder mask
    Local override; warning
    @(126.5000 mm, 86.0000 mm): Reference field of R24
[silk_over_copper]: Silkscreen clipped by solder mask
    Local override; warning
    @(122.3000 mm, 86.6000 mm): Reference field of U10
[silk_overlap]: Silkscreen clearance (board setup constraints silk clearance 0.1500 mm; actual 0.0677 mm)
    Rule: board setup constraints silk; warning
    @(114.8000 mm, 105.8000 mm): Reference field of R16
    @(115.0676 mm, 106.3650 mm): Segment of R16 on F.Silkscreen
[silk_overlap]: Silkscreen clearance (board setup constraints silk clearance 0.1500 mm; actual 0.0923 mm)
    Rule: board setup constraints silk; warning
    @(113.8000 mm, 103.3000 mm): Reference field of R13
    @(115.0676 mm, 102.6350 mm): Segment of R12 on F.Silkscreen
[silk_overlap]: Silkscreen clearance (board setup constraints silk clearance 0.1500 mm; actual 0.0777 mm)
    Rule: board setup constraints silk; warning
    @(115.0676 mm, 101.8750 mm): Segment of R12 on F.Silkscreen
    @(114.9000 mm, 101.3000 mm): Reference field of R12
[silk_overlap]: Silkscreen clearance (board setup constraints silk clearance 0.1500 mm; actual 0.1200 mm)
    Rule: board setup constraints silk; warning
    @(111.7676 mm, 99.6200 mm): Segment of R6 on F.Silkscreen
    @(111.4324 mm, 99.3800 mm): Segment of R4 on F.Silkscreen
[silk_overlap]: Silkscreen clearance (board setup constraints silk clearance 0.1500 mm; actual 0.1200 mm)
    Rule: board setup constraints silk; warning
    @(111.7676 mm, 100.3800 mm): Segment of R6 on F.Silkscreen
    @(111.4324 mm, 100.6200 mm): Segment of R10 on F.Silkscreen
[silk_overlap]: Silkscreen clearance (board setup constraints silk clearance 0.1500 mm; actual 0.1173 mm)
    Rule: board setup constraints silk; warning
    @(122.6788 mm, 87.9100 mm): Segment of C17 on F.Silkscreen
    @(122.4000 mm, 88.6000 mm): Reference field of C17
[silk_overlap]: Silkscreen clearance (board setup constraints silk clearance 0.1500 mm; actual 0.1161 mm)
    Rule: board setup constraints silk; warning
    @(114.5000 mm, 89.1000 mm): Segment of TP3 on F.Silkscreen
    @(115.2000 mm, 88.5000 mm): Reference field of TP3
[silk_overlap]: Silkscreen clearance (board setup constraints silk clearance 0.1500 mm; actual 0.1161 mm)
    Rule: board setup constraints silk; warning
    @(115.9000 mm, 89.1000 mm): Segment of TP3 on F.Silkscreen
    @(115.2000 mm, 88.5000 mm): Reference field of TP3
[silk_overlap]: Silkscreen clearance (board setup constraints silk clearance 0.1500 mm; actual 0.1427 mm)
    Rule: board setup constraints silk; warning
    @(115.5000 mm, 86.4000 mm): Reference field of C16
    @(115.3842 mm, 87.0400 mm): Segment of C16 on F.Silkscreen
[silk_overlap]: Silkscreen clearance (board setup constraints silk clearance 0.1500 mm; actual 0.1455 mm)
    Rule: board setup constraints silk; warning
    @(126.9100 mm, 92.8100 mm): Segment of U2 on F.Silkscreen
    @(125.8000 mm, 94.1000 mm): Reference field of C31
[silk_overlap]: Silkscreen clearance (board setup constraints silk clearance 0.1500 mm; actual 0.1015 mm)
    Rule: board setup constraints silk; warning
    @(124.3000 mm, 98.4000 mm): Reference field of C6
    @(125.6000 mm, 99.4000 mm): Reference field of R51
[silk_overlap]: Silkscreen clearance (board setup constraints silk clearance 0.1500 mm; actual 0.1092 mm)
    Rule: board setup constraints silk; warning
    @(127.5000 mm, 107.9000 mm): Reference field of R48
    @(127.4324 mm, 107.1800 mm): Segment of R48 on F.Silkscreen
[silk_overlap]: Silkscreen clearance (board setup constraints silk clearance 0.1500 mm; actual 0.1400 mm)
    Rule: board setup constraints silk; warning
    @(127.4324 mm, 106.4200 mm): Segment of R48 on F.Silkscreen
    @(127.7158 mm, 106.1600 mm): Segment of C41 on F.Silkscreen
[silk_overlap]: Silkscreen clearance (board setup constraints silk clearance 0.1500 mm; actual 0.1405 mm)
    Rule: board setup constraints silk; warning
    @(127.7158 mm, 104.1600 mm): Segment of C40 on F.Silkscreen
    @(127.1324 mm, 104.4200 mm): Segment of R47 on F.Silkscreen
[silk_overlap]: Silkscreen clearance (board setup constraints silk clearance 0.1500 mm; actual 0.1405 mm)
    Rule: board setup constraints silk; warning
    @(127.7158 mm, 105.4400 mm): Segment of C41 on F.Silkscreen
    @(127.1324 mm, 105.1800 mm): Segment of R47 on F.Silkscreen
[silk_overlap]: Silkscreen clearance (board setup constraints silk clearance 0.1500 mm; actual 0.1121 mm)
    Rule: board setup constraints silk; warning
    @(125.1000 mm, 105.4000 mm): Reference field of R47
    @(125.3000 mm, 106.5000 mm): Reference field of C41
[silk_overlap]: Silkscreen clearance (board setup constraints silk clearance 0.1500 mm; actual 0.1161 mm)
    Rule: board setup constraints silk; warning
    @(114.5000 mm, 90.5000 mm): Segment of TP3 on F.Silkscreen
    @(115.2000 mm, 88.5000 mm): Reference field of TP3
[silk_overlap]: Silkscreen clearance (board setup constraints silk clearance 0.1500 mm; actual 0.0227 mm)
    Rule: board setup constraints silk; warning
    @(115.0000 mm, 96.7000 mm): Reference field of R7
    @(115.0676 mm, 97.2200 mm): Segment of R7 on F.Silkscreen
[silk_overlap]: Silkscreen clearance (board setup constraints silk clearance 0.1500 mm; actual 0.1254 mm)
    Rule: board setup constraints silk; warning
    @(112.6000 mm, 98.1000 mm): Reference field of R4
    @(113.1100 mm, 96.3000 mm): Segment of J1 on F.Silkscreen
[silk_overlap]: Silkscreen clearance (board setup constraints silk clearance 0.1500 mm; actual 0.1173 mm)
    Rule: board setup constraints silk; warning
    @(113.1100 mm, 97.4100 mm): Segment of J1 on F.Silkscreen
    @(112.6000 mm, 98.1000 mm): Reference field of R4
[silk_overlap]: Silkscreen clearance (board setup constraints silk clearance 0.1500 mm; actual 0.1123 mm)
    Rule: board setup constraints silk; warning
    @(125.2000 mm, 102.0000 mm): Reference field of R46
    @(125.1000 mm, 100.9000 mm): Reference field of C39
[silk_overlap]: Silkscreen clearance (board setup constraints silk clearance 0.1500 mm; actual 0.1400 mm)
    Rule: board setup constraints silk; warning
    @(127.4349 mm, 102.3200 mm): Segment of R46 on F.Silkscreen
    @(127.7183 mm, 102.0600 mm): Segment of C39 on F.Silkscreen
[silk_overlap]: Silkscreen clearance (board setup constraints silk clearance 0.1500 mm; actual 0.1485 mm)
    Rule: board setup constraints silk; warning
    @(128.0000 mm, 99.4000 mm): Reference field of R19
    @(127.0324 mm, 100.0200 mm): Segment of R51 on F.Silkscreen
[silk_overlap]: Silkscreen clearance (board setup constraints silk clearance 0.1500 mm; actual 0.0473 mm)
    Rule: board setup constraints silk; warning
    @(138.3000 mm, 106.8000 mm): Reference field of R38
    @(137.3324 mm, 106.1800 mm): Segment of R38 on F.Silkscreen
[silk_overlap]: Silkscreen clearance (board setup constraints silk clearance 0.1500 mm; actual 0.1486 mm)
    Rule: board setup constraints silk; warning
    @(138.8000 mm, 103.8000 mm): Reference field of R28
    @(138.7324 mm, 103.0800 mm): Segment of R28 on F.Silkscreen
[silk_overlap]: Silkscreen clearance (board setup constraints silk clearance 0.1500 mm; actual 0.1335 mm)
    Rule: board setup constraints silk; warning
    @(163.7200 mm, 94.5676 mm): Segment of R40 on F.Silkscreen
    @(163.1000 mm, 94.9000 mm): Reference field of R40
[silk_overlap]: Silkscreen clearance (board setup constraints silk clearance 0.1500 mm; actual 0.0592 mm)
    Rule: board setup constraints silk; warning
    @(159.6324 mm, 94.6300 mm): Segment of R44 on F.Silkscreen
    @(159.8000 mm, 95.3000 mm): Reference field of R44
[silk_overlap]: Silkscreen clearance (board setup constraints silk clearance 0.1500 mm; actual 0.1400 mm)
    Rule: board setup constraints silk; warning
    @(159.6324 mm, 93.8700 mm): Segment of R44 on F.Silkscreen
    @(159.9158 mm, 93.6100 mm): Segment of C38 on F.Silkscreen
[silk_overlap]: Silkscreen clearance (board setup constraints silk clearance 0.1500 mm; actual 0.0672 mm)
    Rule: board setup constraints silk; warning
    @(142.1000 mm, 93.4000 mm): Footprint text of U15 (*)
    @(140.6000 mm, 93.4000 mm): Reference field of C37
[silk_overlap]: Silkscreen clearance (board setup constraints silk clearance 0.1500 mm; actual 0.0732 mm)
    Rule: board setup constraints silk; warning
    @(142.1000 mm, 93.4000 mm): Footprint text of U15 (*)
    @(142.1000 mm, 94.0000 mm): Footprint text of U15 (*)
[silk_overlap]: Silkscreen clearance (board setup constraints silk clearance 0.1500 mm; actual 0.1473 mm)
    Rule: board setup constraints silk; warning
    @(141.3824 mm, 105.3800 mm): Segment of R57 on F.Silkscreen
    @(141.4000 mm, 106.1000 mm): Reference field of R57
[silk_overlap]: Silkscreen clearance (board setup constraints silk clearance 0.1500 mm; actual 0.1473 mm)
    Rule: board setup constraints silk; warning
    @(141.5000 mm, 103.4000 mm): Reference field of R56
    @(141.3824 mm, 102.6800 mm): Segment of R56 on F.Silkscreen
[silk_overlap]: Silkscreen clearance (board setup constraints silk clearance 0.1500 mm; actual 0.1200 mm)
    Rule: board setup constraints silk; warning
    @(141.7176 mm, 100.6800 mm): Segment of R58 on F.Silkscreen
    @(141.3824 mm, 100.9200 mm): Segment of R55 on F.Silkscreen
[silk_overlap]: Silkscreen clearance (board setup constraints silk clearance 0.1500 mm; actual 0.1379 mm)
    Rule: board setup constraints silk; warning
    @(159.2000 mm, 100.5000 mm): Reference field of R43
    @(158.4732 mm, 107.8232 mm): Segment of U15 on F.Silkscreen
[silk_overlap]: Silkscreen clearance (board setup constraints silk clearance 0.1500 mm; actual 0.1106 mm)
    Rule: board setup constraints silk; warning
    @(158.7200 mm, 97.9324 mm): Segment of R43 on F.Silkscreen
    @(158.4732 mm, 107.8232 mm): Segment of U15 on F.Silkscreen
[silk_overlap]: Silkscreen clearance (board setup constraints silk clearance 0.1500 mm; actual 0.1200 mm)
    Rule: board setup constraints silk; warning
    @(154.1676 mm, 109.0800 mm): Segment of R35 on F.Silkscreen
    @(154.1676 mm, 109.3200 mm): Segment of R34 on F.Silkscreen
[silk_overlap]: Silkscreen clearance (board setup constraints silk clearance 0.1500 mm; actual 0.1400 mm)
    Rule: board setup constraints silk; warning
    @(159.9158 mm, 92.8900 mm): Segment of C38 on F.Silkscreen
    @(159.9676 mm, 92.6300 mm): Segment of R45 on F.Silkscreen
[silk_overlap]: Silkscreen clearance (board setup constraints silk clearance 0.1500 mm; actual 0.1002 mm)
    Rule: board setup constraints silk; warning
    @(133.8400 mm, 89.5900 mm): Segment of Y1 on F.Silkscreen
    @(134.1000 mm, 88.9000 mm): Reference field of C29
[silk_overlap]: Silkscreen clearance (board setup constraints silk clearance 0.1500 mm; actual 0.1400 mm)
    Rule: board setup constraints silk; warning
    @(141.7176 mm, 98.5700 mm): Segment of R26 on F.Silkscreen
    @(141.6658 mm, 98.3100 mm): Segment of C33 on F.Silkscreen
[silk_overlap]: Silkscreen clearance (board setup constraints silk clearance 0.1500 mm; actual 0.0854 mm)
    Rule: board setup constraints silk; warning
    @(138.9000 mm, 101.8000 mm): Reference field of R29
    @(138.6324 mm, 101.1800 mm): Segment of R29 on F.Silkscreen
[silk_overlap]: Silkscreen clearance (board setup constraints silk clearance 0.1500 mm; actual 0.0418 mm)
    Rule: board setup constraints silk; warning
    @(138.9000 mm, 101.8000 mm): Reference field of R29
    @(138.7324 mm, 102.3200 mm): Segment of R28 on F.Silkscreen
[silk_overlap]: Silkscreen clearance (board setup constraints silk clearance 0.1500 mm; actual 0.1200 mm)
    Rule: board setup constraints silk; warning
    @(141.3824 mm, 101.9200 mm): Segment of R56 on F.Silkscreen
    @(141.3824 mm, 101.6800 mm): Segment of R55 on F.Silkscreen
[silk_overlap]: Silkscreen clearance (board setup constraints silk clearance 0.1500 mm; actual 0.1077 mm)
    Rule: board setup constraints silk; warning
    @(142.8268 mm, 92.1768 mm): Segment of U15 on F.Silkscreen
    @(144.3000 mm, 97.3000 mm): Reference field of C33
[silk_overlap]: Silkscreen clearance (board setup constraints silk clearance 0.1500 mm; actual 0.1121 mm)
    Rule: board setup constraints silk; warning
    @(129.3000 mm, 109.0000 mm): Reference field of R49
    @(130.4000 mm, 108.8000 mm): Reference field of C42
[silk_overlap]: Silkscreen clearance (board setup constraints silk clearance 0.1500 mm; actual 0.0754 mm)
    Rule: board setup constraints silk; warning
    @(130.9400 mm, 108.5158 mm): Segment of C24 on F.Silkscreen
    @(130.4000 mm, 108.8000 mm): Reference field of C42
[silk_overlap]: Silkscreen clearance (board setup constraints silk clearance 0.1500 mm; actual 0.1405 mm)
    Rule: board setup constraints silk; warning
    @(129.8400 mm, 106.3842 mm): Segment of C42 on F.Silkscreen
    @(129.5800 mm, 106.9676 mm): Segment of R49 on F.Silkscreen
[silk_overlap]: Silkscreen clearance (board setup constraints silk clearance 0.1500 mm; actual 0.1400 mm)
    Rule: board setup constraints silk; warning
    @(132.2800 mm, 96.9324 mm): Segment of R15 on F.Silkscreen
    @(132.5400 mm, 96.9842 mm): Segment of C35 on F.Silkscreen
[silk_overlap]: Silkscreen clearance (board setup constraints silk clearance 0.1500 mm; actual 0.1261 mm)
    Rule: board setup constraints silk; warning
    @(131.0000 mm, 98.4000 mm): Reference field of R1
    @(130.3676 mm, 99.0200 mm): Segment of R1 on F.Silkscreen
[silk_overlap]: Silkscreen clearance (board setup constraints silk clearance 0.1500 mm; actual 0.1200 mm)
    Rule: board setup constraints silk; warning
    @(129.0324 mm, 98.0200 mm): Segment of R18 on F.Silkscreen
    @(129.3676 mm, 97.7800 mm): Segment of R2 on F.Silkscreen
[silk_overlap]: Silkscreen clearance (board setup constraints silk clearance 0.1500 mm; actual 0.1306 mm)
    Rule: board setup constraints silk; warning
    @(128.0000 mm, 99.4000 mm): Reference field of R19
    @(129.0324 mm, 98.7800 mm): Segment of R18 on F.Silkscreen
[silk_overlap]: Silkscreen clearance (board setup constraints silk clearance 0.1500 mm; actual 0.0600 mm)
    Rule: board setup constraints silk; warning
    @(133.8400 mm, 89.5900 mm): Segment of Y1 on F.Silkscreen
    @(133.6600 mm, 90.5842 mm): Segment of C29 on F.Silkscreen
[silk_overlap]: Silkscreen clearance (board setup constraints silk clearance 0.1500 mm; actual 0.1400 mm)
    Rule: board setup constraints silk; warning
    @(135.2200 mm, 108.8676 mm): Segment of R27 on F.Silkscreen
    @(134.9600 mm, 108.3842 mm): Segment of C20 on F.Silkscreen
[silk_overlap]: Silkscreen clearance (board setup constraints silk clearance 0.1500 mm; actual 0.1200 mm)
    Rule: board setup constraints silk; warning
    @(149.7176 mm, 108.2800 mm): Segment of R20 on B.Silkscreen
    @(149.3824 mm, 108.5200 mm): Segment of R32 on B.Silkscreen
[silk_overlap]: Silkscreen clearance (board setup constraints silk clearance 0.1500 mm; actual 0.1200 mm)
    Rule: board setup constraints silk; warning
    @(149.3824 mm, 109.2800 mm): Segment of R32 on B.Silkscreen
    @(149.6824 mm, 109.5200 mm): Segment of R39 on B.Silkscreen
[silk_overlap]: Silkscreen clearance (board setup constraints silk clearance 0.1500 mm; actual 0.0000 mm)
    Rule: board setup constraints silk; warning
    @(125.9325 mm, 85.7000 mm): Reference field of C34
    @(126.5000 mm, 86.0000 mm): Reference field of R24
[silk_overlap]: Silkscreen clearance (board setup constraints silk clearance 0.1500 mm; actual 0.0000 mm)
    Rule: board setup constraints silk; warning
    @(124.4324 mm, 85.6200 mm): Segment of R24 on B.Silkscreen
    @(125.9325 mm, 85.7000 mm): Reference field of C34
[silk_overlap]: Silkscreen clearance (board setup constraints silk clearance 0.1500 mm; actual 0.0902 mm)
    Rule: board setup constraints silk; warning
    @(125.9325 mm, 85.7000 mm): Reference field of C34
    @(124.4324 mm, 86.3800 mm): Segment of R24 on B.Silkscreen
[silk_overlap]: Silkscreen clearance (board setup constraints silk clearance 0.1500 mm; actual 0.1098 mm)
    Rule: board setup constraints silk; warning
    @(142.7700 mm, 99.1000 mm): Reference field of R23
    @(141.9800 mm, 99.2676 mm): Segment of R23 on B.Silkscreen
[silk_overlap]: Silkscreen clearance (board setup constraints silk clearance 0.1500 mm; actual 0.1200 mm)
    Rule: board setup constraints silk; warning
    @(161.2324 mm, 109.8200 mm): Segment of R37 on B.Silkscreen
    @(161.2324 mm, 109.5800 mm): Segment of R36 on B.Silkscreen
[silk_overlap]: Silkscreen clearance (board setup constraints silk clearance 0.1500 mm; actual 0.1200 mm)
    Rule: board setup constraints silk; warning
    @(161.5676 mm, 108.5800 mm): Segment of R14 on B.Silkscreen
    @(161.2324 mm, 108.8200 mm): Segment of R36 on B.Silkscreen
[silk_overlap]: Silkscreen clearance (board setup constraints silk clearance 0.1500 mm; actual 0.1200 mm)
    Rule: board setup constraints silk; warning
    @(161.2324 mm, 110.8200 mm): Segment of R33 on B.Silkscreen
    @(161.2324 mm, 110.5800 mm): Segment of R37 on B.Silkscreen
[silk_overlap]: Silkscreen clearance (board setup constraints silk clearance 0.1500 mm; actual 0.1106 mm)
    Rule: board setup constraints silk; warning
    @(112.7000 mm, 100.1000 mm): Reference field of U6
    @(111.9625 mm, 100.7700 mm): Polygon of U6 on B.Silkscreen

** Found 0 unconnected pads **

** Found 0 Footprint errors **

** Ignored checks **
    - Footprint has no courtyard defined
    - Track endpoint not centered on via
    - Tuning profile track geometries
    - Footprint doesn't match symbol's footprint filters
    - Footprint component type doesn't match footprint pads

** End of Report **
