ERC report (2026-08-16T01:25:25, Encoding UTF8)
Report includes: Errors, Warnings

***** Sheet /
[footprint_link_issues]: Assigned footprint (jst_s2b-ph-k-s_lf__sn_-2pin_male) doesn't match footprint filters (Connector*:*_1x??_*)
    ; error
    @(1250 mils, 750 mils): Symbol J4 [Conn_01x02]
[footprint_link_issues]: Assigned footprint (sot-23) doesn't match footprint filters (SOT23_DIO SOT23_DIO-M SOT23_DIO-L)
    ; error
    @(1450 mils, 2050 mils): Symbol MOSFET1 [DMP2035U-7]
[footprint_link_issues]: Assigned footprint (fuse_1206_3216metric) doesn't match footprint filters (*polyfuse* *PTC*)
    ; error
    @(2450 mils, 850 mils): Symbol F1 [Polyfuse]
[footprint_link_issues]: Assigned footprint (l_0402_1005metric) doesn't match footprint filters (R_*)
    ; error
    @(1050 mils, 4200 mils): Symbol FB1 [R]
[footprint_link_issues]: Assigned footprint (ic_tps22916byfpr) doesn't match footprint filters (YFP0004ABAB)
    ; error
    @(2450 mils, 4400 mils): Symbol U10 [TPS22916BYFPR]
[footprint_link_issues]: Assigned footprint (sot-23-5) doesn't match footprint filters (DBV0005A-IPC_A DBV0005A-IPC_B DBV0005A-IPC_C DBV0005A-MFG)
    ; error
    @(9050 mils, 1300 mils): Symbol U9 [PTPS7A2012PDBVR]
[footprint_link_issues]: Assigned footprint (ic_bq25180ybgr) doesn't match footprint filters (YBG0008-IPC_A YBG0008-IPC_B YBG0008-IPC_C YBG0008-MFG)
    ; error
    @(8550 mils, 5000 mils): Symbol U7 [PQ25180YBGT]
[footprint_link_issues]: Assigned footprint (pinsocket_2x05_p2.00mm_horizontal) doesn't match footprint filters (Connector*:*_1x??_*)
    ; error
    @(800 mils, 1450 mils): Symbol J1 [Conn_01x10]
[footprint_link_issues]: Assigned footprint (sot-23) doesn't match footprint filters (DBZ0003A-IPC_A DBZ0003A-IPC_B DBZ0003A-IPC_C DBZ0003A-MFG)
    ; error
    @(2600 mils, 2500 mils): Symbol U6 [TMP235A2DBZR]
[footprint_link_issues]: Assigned footprint (vssop-8_3x3mm_p0.65mm) doesn't match footprint filters (DGK8_TEX DGK8_TEX-M DGK8_TEX-L)
    ; error
    @(1550 mils, 4600 mils): Symbol U3 [INA827AIDGK]
[footprint_link_issues]: Assigned footprint (vssop-8_3x3mm_p0.65mm) doesn't match footprint filters (DGK8_TEX DGK8_TEX-M DGK8_TEX-L)
    ; error
    @(1550 mils, 5850 mils): Symbol U4 [INA827AIDGK]
[footprint_link_issues]: Assigned footprint (vssop-8_3x3mm_p0.65mm) doesn't match footprint filters (DGK8_TEX DGK8_TEX-M DGK8_TEX-L)
    ; error
    @(1550 mils, 7050 mils): Symbol U5 [INA827AIDGK]
[footprint_link_issues]: Assigned footprint (msop-10_3x3mm_p0.5mm) doesn't match footprint filters (DGS10_TEX DGS10_TEX-M DGS10_TEX-L)
    ; error
    @(7850 mils, 1650 mils): Symbol U2 [DAC60501MDGSR]
[footprint_link_issues]: Assigned footprint (tqfp-32_5x5mm_p0.5mm) doesn't match footprint filters (PBS0032A_N PBS0032A_M PBS0032A_L)
    ; error
    @(8800 mils, 4550 mils): Symbol U1 [ADS131A04IPBS]
[lib_symbol_mismatch]: Symbol 'PQ25180YBGT' doesn't match copy in library 'bq25180'
    ; warning
    @(8550 mils, 5000 mils): Symbol U7 [PQ25180YBGT]
[lib_symbol_mismatch]: Symbol 'TMP235A2DBZR' doesn't match copy in library 'my-symbols'
    ; warning
    @(2600 mils, 2500 mils): Symbol U6 [TMP235A2DBZR]
[lib_symbol_mismatch]: Symbol 'ESP32-S3-MINI-1U-N8' doesn't match copy in library 'esp32s3mini1u'
    ; warning
    @(4400 mils, 2100 mils): Symbol U15 [ESP32-S3-MINI-1U-N8]

***** Sheet /WSG_ADC/
[pin_to_pin]: Pins of type Bidirectional and Power output are connected
    ; warning
    @(2600 mils, 1200 mils): Symbol U14 Pin 4 [Bidirectional, Line]
    @(2750 mils, -300 mils): Symbol #FLG07 Pin 1 [Power output, Line]
[pin_to_pin]: Pins of type Unspecified and Passive are connected
    ; warning
    @(1550 mils, 4700 mils): Symbol U3 Pin 2 [RG, Unspecified, Line]
    @(1300 mils, 4550 mils): Symbol R8 Pin 2 [Passive, Line]
[pin_to_pin]: Pins of type Unspecified and Passive are connected
    ; warning
    @(1550 mils, 4800 mils): Symbol U3 Pin 3 [RG, Unspecified, Line]
    @(1300 mils, 4850 mils): Symbol R8 Pin 1 [Passive, Line]
[pin_to_pin]: Pins of type Unspecified and Passive are connected
    ; warning
    @(1550 mils, 5950 mils): Symbol U4 Pin 2 [RG, Unspecified, Line]
    @(1300 mils, 5800 mils): Symbol R11 Pin 2 [Passive, Line]
[pin_to_pin]: Pins of type Unspecified and Passive are connected
    ; warning
    @(1550 mils, 6050 mils): Symbol U4 Pin 3 [RG, Unspecified, Line]
    @(1300 mils, 6100 mils): Symbol R11 Pin 1 [Passive, Line]
[pin_to_pin]: Pins of type Unspecified and Passive are connected
    ; warning
    @(1550 mils, 7150 mils): Symbol U5 Pin 2 [RG, Unspecified, Line]
    @(1300 mils, 7000 mils): Symbol R21 Pin 2 [Passive, Line]
[pin_to_pin]: Pins of type Unspecified and Passive are connected
    ; warning
    @(1550 mils, 7250 mils): Symbol U5 Pin 3 [RG, Unspecified, Line]
    @(1300 mils, 7300 mils): Symbol R21 Pin 1 [Passive, Line]
[pin_to_pin]: Pins of type Unspecified and Power input are connected
    ; warning
    @(7850 mils, 2050 mils): Symbol U2 Pin 5 [SPI2C, Unspecified, Line]
    @(7850 mils, 1950 mils): Symbol #PWR08 Pin 1 [Power input, Line]
[pin_to_pin]: Pins of type Unspecified and Passive are connected
    ; warning
    @(8000 mils, 5750 mils): Symbol U1 Pin 14 [REFEXT, Unspecified, Line]
    @(10650 mils, 6250 mils): Symbol R27 Pin 2 [Passive, Line]
[pin_to_pin]: Pins of type Unspecified and Input are connected
    ; warning
    @(9850 mils, 1850 mils): Symbol U2 Pin 8 [SDIN/SDA, Unspecified, Line]
    @(9600 mils, 4450 mils): Symbol U1 Pin 20 [DIN, Input, Line]
[pin_to_pin]: Pins of type Unspecified and Passive are connected
    ; warning
    @(8000 mils, 6050 mils): Symbol U1 Pin 28 [CAP, Unspecified, Line]
    @(7950 mils, 6050 mils): Symbol C22 Pin 2 [Passive, Line]
[pin_to_pin]: Pins of type Unspecified and Passive are connected
    ; warning
    @(9850 mils, 1950 mils): Symbol U2 Pin 7 [*SYNC/A0, Unspecified, Line]
    @(3500 mils, 2750 mils): Symbol R58 Pin 2 [Passive, Line]
[pin_to_pin]: Pins of type Unspecified and Bidirectional are connected
    ; warning
    @(9850 mils, 2050 mils): Symbol U2 Pin 6 [SCLK/SCL, Unspecified, Line]
    @(9600 mils, 4350 mils): Symbol U1 Pin 22 [SCLK, Bidirectional, Line]
[pin_to_pin]: Pins of type Unspecified and Passive are connected
    ; warning
    @(9600 mils, 3550 mils): Symbol U1 Pin 16 [RESV, Unspecified, Line]
    @(10950 mils, 4000 mils): Symbol R19 Pin 1 [Passive, Line]
[pin_to_pin]: Pins of type Unspecified and Passive are connected
    ; warning
    @(9600 mils, 3750 mils): Symbol U1 Pin 30 [M0, Unspecified, Line]
    @(10800 mils, 3050 mils): Symbol R3 Pin 1 [Passive, Line]
[pin_to_pin]: Pins of type Unspecified and Passive are connected
    ; warning
    @(9600 mils, 3850 mils): Symbol U1 Pin 31 [M1, Unspecified, Line]
    @(11200 mils, 3500 mils): Symbol R2 Pin 1 [Passive, Line]
[pin_to_pin]: Pins of type Unspecified and Passive are connected
    ; warning
    @(9600 mils, 3950 mils): Symbol U1 Pin 32 [M2, Unspecified, Line]
    @(10950 mils, 4300 mils): Symbol R1 Pin 1 [Passive, Line]
[single_global_label]: Global label only appears once in the schematic
    ; warning
    @(10150 mils, 3200 mils): Global Label 'VREFP_C'

***** Sheet /WSG_ESP/

***** Sheet /WSG_Power-Memory/
[pin_to_pin]: Pins of type Unspecified and Passive are connected
    ; warning
    @(1450 mils, 2050 mils): Symbol MOSFET1 Pin 1 [G, Unspecified, Line]
    @(1300 mils, 2050 mils): Symbol R5 Pin 2 [Passive, Line]
[pin_to_pin]: Pins of type Unspecified and Passive are connected
    ; warning
    @(1950 mils, 1750 mils): Symbol MOSFET1 Pin 3 [D, Unspecified, Line]
    @(1050 mils, 750 mils): Symbol J4 Pin 1 [Pin_1, Passive, Line]
[pin_to_pin]: Pins of type Unspecified and Power output are connected
    ; warning
    @(1950 mils, 2350 mils): Symbol MOSFET1 Pin 2 [S, Unspecified, Line]
    @(1250 mils, -300 mils): Symbol #FLG04 Pin 1 [Power output, Line]
[single_global_label]: Global label only appears once in the schematic
    ; warning
    @(1600 mils, 4200 mils): Global Label '3V3_F'
[pin_to_pin]: Pins of type Unspecified and Passive are connected
    ; warning
    @(1600 mils, 6150 mils): Symbol U8 Pin 9 [L1, Unspecified, Line]
    @(2100 mils, 5450 mils): Symbol L1 Pin 1 [1, Passive, Line]
[single_global_label]: Global label only appears once in the schematic
    ; warning
    @(1600 mils, 6150 mils): Global Label 'SW1'
[pin_to_pin]: Pins of type Unspecified and Passive are connected
    ; warning
    @(3000 mils, 6150 mils): Symbol U8 Pin 7 [L2, Unspecified, Line]
    @(2400 mils, 5450 mils): Symbol L1 Pin 2 [2, Passive, Line]
[single_global_label]: Global label only appears once in the schematic
    ; warning
    @(3000 mils, 6150 mils): Global Label 'SW2'
[single_global_label]: Global label only appears once in the schematic
    ; warning
    @(6950 mils, -50 mils): Global Label 'GND'
[pin_to_pin]: Pins of type Unspecified and Passive are connected
    ; warning
    @(10250 mils, 1300 mils): Symbol U9 Pin 5 [OUT, Unspecified, Line]
    @(10400 mils, 1300 mils): Symbol C17 Pin 2 [Passive, Line]
[pin_to_pin]: Pins of type Bidirectional and Power output are connected
    ; warning
    @(10250 mils, 3250 mils): Symbol U11 Pin 3 [~{WP}(IO2), Bidirectional, Line]
    @(2300 mils, -350 mils): Symbol #FLG06 Pin 1 [Power output, Line]
[pin_to_pin]: Pins of type Bidirectional and Power output are connected
    ; warning
    @(10250 mils, 3350 mils): Symbol U11 Pin 7 [~{HOLD}(IO3), Bidirectional, Line]
    @(2300 mils, -350 mils): Symbol #FLG06 Pin 1 [Power output, Line]

 ** ERC messages: 47  Errors 14  Warnings 33

 ** Ignored checks:
    - Four connection points are joined together
    - SPICE model issue
